                                      1 ;--------------------------------------------------------
                                      2 ; File Created by SDCC : free open source ISO C Compiler
                                      3 ; Version 4.5.1 #15267 (Linux)
                                      4 ;--------------------------------------------------------
                                      5 	.module booster_sprite
                                      6 	
                                      7 ;--------------------------------------------------------
                                      8 ; Public variables in this module
                                      9 ;--------------------------------------------------------
                                     10 	.globl _booster_sprite_metasprites
                                     11 	.globl _booster_sprite_metasprite3
                                     12 	.globl _booster_sprite_metasprite2
                                     13 	.globl _booster_sprite_metasprite1
                                     14 	.globl _booster_sprite_metasprite0
                                     15 	.globl _booster_sprite_tiles
                                     16 	.globl _booster_sprite_palettes
                                     17 	.globl b___func_booster_sprite
                                     18 	.globl ___func_booster_sprite
                                     19 ;--------------------------------------------------------
                                     20 ; special function registers
                                     21 ;--------------------------------------------------------
                                     22 ;--------------------------------------------------------
                                     23 ; ram data
                                     24 ;--------------------------------------------------------
                                     25 	.area _DATA
                                     26 ;--------------------------------------------------------
                                     27 ; ram data
                                     28 ;--------------------------------------------------------
                                     29 	.area _INITIALIZED
                                     30 ;--------------------------------------------------------
                                     31 ; absolute external ram data
                                     32 ;--------------------------------------------------------
                                     33 	.area _DABS (ABS)
                                     34 ;--------------------------------------------------------
                                     35 ; global & static initialisations
                                     36 ;--------------------------------------------------------
                                     37 	.area _HOME
                                     38 	.area _GSINIT
                                     39 	.area _GSFINAL
                                     40 	.area _GSINIT
                                     41 ;--------------------------------------------------------
                                     42 ; Home
                                     43 ;--------------------------------------------------------
                                     44 	.area _HOME
                                     45 	.area _HOME
                                     46 ;--------------------------------------------------------
                                     47 ; code
                                     48 ;--------------------------------------------------------
                                     49 	.area _CODE
                                     50 ;res/booster_sprite.c:7: BANKREF(booster_sprite)
                                     51 ;	---------------------------------
                                     52 ; Function __func_booster_sprite
                                     53 ; ---------------------------------
                         00000000    54 	b___func_booster_sprite	= 0
    00000000                         55 ___func_booster_sprite::
                                     56 	.local b___func_booster_sprite 
                         00000000    57 	___bank_booster_sprite = b___func_booster_sprite 
                                     58 	.globl ___bank_booster_sprite 
                                     59 	.area _CODE
    00000000                         60 _booster_sprite_palettes:
    00000000 4A 29                   61 	.dw #0x294a
    00000002 FF 7F                   62 	.dw #0x7fff
    00000004 B5 56                   63 	.dw #0x56b5
    00000006 00 00                   64 	.dw #0x0000
    00000008                         65 _booster_sprite_tiles:
    00000008 00                      66 	.db #0x00	; 0
    00000009 00                      67 	.db #0x00	; 0
    0000000A 00                      68 	.db #0x00	; 0
    0000000B 00                      69 	.db #0x00	; 0
    0000000C 00                      70 	.db #0x00	; 0
    0000000D 00                      71 	.db #0x00	; 0
    0000000E 00                      72 	.db #0x00	; 0
    0000000F 00                      73 	.db #0x00	; 0
    00000010 00                      74 	.db #0x00	; 0
    00000011 00                      75 	.db #0x00	; 0
    00000012 00                      76 	.db #0x00	; 0
    00000013 00                      77 	.db #0x00	; 0
    00000014 00                      78 	.db #0x00	; 0
    00000015 00                      79 	.db #0x00	; 0
    00000016 00                      80 	.db #0x00	; 0
    00000017 00                      81 	.db #0x00	; 0
    00000018 42                      82 	.db #0x42	; 66	'B'
    00000019 42                      83 	.db #0x42	; 66	'B'
    0000001A 00                      84 	.db #0x00	; 0
    0000001B 81                      85 	.db #0x81	; 129
    0000001C 81                      86 	.db #0x81	; 129
    0000001D 81                      87 	.db #0x81	; 129
    0000001E 81                      88 	.db #0x81	; 129
    0000001F 00                      89 	.db #0x00	; 0
    00000020 81                      90 	.db #0x81	; 129
    00000021 81                      91 	.db #0x81	; 129
    00000022 00                      92 	.db #0x00	; 0
    00000023 00                      93 	.db #0x00	; 0
    00000024 42                      94 	.db #0x42	; 66	'B'
    00000025 42                      95 	.db #0x42	; 66	'B'
    00000026 00                      96 	.db #0x00	; 0
    00000027 24                      97 	.db #0x24	; 36
    00000028 00                      98 	.db #0x00	; 0
    00000029 00                      99 	.db #0x00	; 0
    0000002A 00                     100 	.db #0x00	; 0
    0000002B 00                     101 	.db #0x00	; 0
    0000002C 00                     102 	.db #0x00	; 0
    0000002D 00                     103 	.db #0x00	; 0
    0000002E 00                     104 	.db #0x00	; 0
    0000002F 00                     105 	.db #0x00	; 0
    00000030 00                     106 	.db #0x00	; 0
    00000031 00                     107 	.db #0x00	; 0
    00000032 00                     108 	.db #0x00	; 0
    00000033 00                     109 	.db #0x00	; 0
    00000034 00                     110 	.db #0x00	; 0
    00000035 00                     111 	.db #0x00	; 0
    00000036 00                     112 	.db #0x00	; 0
    00000037 00                     113 	.db #0x00	; 0
    00000038 5A                     114 	.db #0x5a	; 90	'Z'
    00000039 66                     115 	.db #0x66	; 102	'f'
    0000003A BD                     116 	.db #0xbd	; 189
    0000003B C3                     117 	.db #0xc3	; 195
    0000003C BD                     118 	.db #0xbd	; 189
    0000003D C3                     119 	.db #0xc3	; 195
    0000003E DB                     120 	.db #0xdb	; 219
    0000003F 66                     121 	.db #0x66	; 102	'f'
    00000040 5A                     122 	.db #0x5a	; 90	'Z'
    00000041 66                     123 	.db #0x66	; 102	'f'
    00000042 66                     124 	.db #0x66	; 102	'f'
    00000043 3C                     125 	.db #0x3c	; 60
    00000044 24                     126 	.db #0x24	; 36
    00000045 3C                     127 	.db #0x3c	; 60
    00000046 3C                     128 	.db #0x3c	; 60
    00000047 18                     129 	.db #0x18	; 24
    00000048 00                     130 	.db #0x00	; 0
    00000049 00                     131 	.db #0x00	; 0
    0000004A 00                     132 	.db #0x00	; 0
    0000004B 00                     133 	.db #0x00	; 0
    0000004C 00                     134 	.db #0x00	; 0
    0000004D 00                     135 	.db #0x00	; 0
    0000004E 00                     136 	.db #0x00	; 0
    0000004F 00                     137 	.db #0x00	; 0
    00000050 00                     138 	.db #0x00	; 0
    00000051 00                     139 	.db #0x00	; 0
    00000052 00                     140 	.db #0x00	; 0
    00000053 00                     141 	.db #0x00	; 0
    00000054 00                     142 	.db #0x00	; 0
    00000055 00                     143 	.db #0x00	; 0
    00000056 00                     144 	.db #0x00	; 0
    00000057 00                     145 	.db #0x00	; 0
    00000058 00                     146 	.db #0x00	; 0
    00000059 3C                     147 	.db #0x3c	; 60
    0000005A 3C                     148 	.db #0x3c	; 60
    0000005B 42                     149 	.db #0x42	; 66	'B'
    0000005C 3C                     150 	.db #0x3c	; 60
    0000005D 42                     151 	.db #0x42	; 66	'B'
    0000005E 5A                     152 	.db #0x5a	; 90	'Z'
    0000005F 66                     153 	.db #0x66	; 102	'f'
    00000060 18                     154 	.db #0x18	; 24
    00000061 24                     155 	.db #0x24	; 36
    00000062 24                     156 	.db #0x24	; 36
    00000063 3C                     157 	.db #0x3c	; 60
    00000064 00                     158 	.db #0x00	; 0
    00000065 18                     159 	.db #0x18	; 24
    00000066 18                     160 	.db #0x18	; 24
    00000067 18                     161 	.db #0x18	; 24
    00000068 00                     162 	.db #0x00	; 0
    00000069 00                     163 	.db #0x00	; 0
    0000006A 00                     164 	.db #0x00	; 0
    0000006B 00                     165 	.db #0x00	; 0
    0000006C 00                     166 	.db #0x00	; 0
    0000006D 00                     167 	.db #0x00	; 0
    0000006E 00                     168 	.db #0x00	; 0
    0000006F 00                     169 	.db #0x00	; 0
    00000070 00                     170 	.db #0x00	; 0
    00000071 00                     171 	.db #0x00	; 0
    00000072 00                     172 	.db #0x00	; 0
    00000073 00                     173 	.db #0x00	; 0
    00000074 00                     174 	.db #0x00	; 0
    00000075 00                     175 	.db #0x00	; 0
    00000076 00                     176 	.db #0x00	; 0
    00000077 00                     177 	.db #0x00	; 0
    00000078 00                     178 	.db #0x00	; 0
    00000079 18                     179 	.db #0x18	; 24
    0000007A 18                     180 	.db #0x18	; 24
    0000007B 24                     181 	.db #0x24	; 36
    0000007C 18                     182 	.db #0x18	; 24
    0000007D 24                     183 	.db #0x24	; 36
    0000007E 24                     184 	.db #0x24	; 36
    0000007F 18                     185 	.db #0x18	; 24
    00000080 00                     186 	.db #0x00	; 0
    00000081 18                     187 	.db #0x18	; 24
    00000082 18                     188 	.db #0x18	; 24
    00000083 18                     189 	.db #0x18	; 24
    00000084 00                     190 	.db #0x00	; 0
    00000085 00                     191 	.db #0x00	; 0
    00000086 00                     192 	.db #0x00	; 0
    00000087 00                     193 	.db #0x00	; 0
    00000088                        194 _booster_sprite_metasprite0:
    00000088 F8                     195 	.db #0xf8	; -8
    00000089 FC                     196 	.db #0xfc	; -4
    0000008A 00                     197 	.db #0x00	; 0
    0000008B 00                     198 	.db #0x00	; 0
    0000008C 80                     199 	.db #0x80	; -128
    0000008D 00                     200 	.db #0x00	;  0
    0000008E 00                     201 	.db #0x00	; 0
    0000008F 00                     202 	.db #0x00	; 0
    00000090                        203 _booster_sprite_metasprite1:
    00000090 F8                     204 	.db #0xf8	; -8
    00000091 FC                     205 	.db #0xfc	; -4
    00000092 02                     206 	.db #0x02	; 2
    00000093 00                     207 	.db #0x00	; 0
    00000094 80                     208 	.db #0x80	; -128
    00000095 00                     209 	.db #0x00	;  0
    00000096 00                     210 	.db #0x00	; 0
    00000097 00                     211 	.db #0x00	; 0
    00000098                        212 _booster_sprite_metasprite2:
    00000098 F8                     213 	.db #0xf8	; -8
    00000099 FC                     214 	.db #0xfc	; -4
    0000009A 04                     215 	.db #0x04	; 4
    0000009B 00                     216 	.db #0x00	; 0
    0000009C 80                     217 	.db #0x80	; -128
    0000009D 00                     218 	.db #0x00	;  0
    0000009E 00                     219 	.db #0x00	; 0
    0000009F 00                     220 	.db #0x00	; 0
    000000A0                        221 _booster_sprite_metasprite3:
    000000A0 F8                     222 	.db #0xf8	; -8
    000000A1 FC                     223 	.db #0xfc	; -4
    000000A2 06                     224 	.db #0x06	; 6
    000000A3 00                     225 	.db #0x00	; 0
    000000A4 80                     226 	.db #0x80	; -128
    000000A5 00                     227 	.db #0x00	;  0
    000000A6 00                     228 	.db #0x00	; 0
    000000A7 00                     229 	.db #0x00	; 0
    000000A8                        230 _booster_sprite_metasprites:
    000000A8r88r00                  231 	.dw _booster_sprite_metasprite0
    000000AAr90r00                  232 	.dw _booster_sprite_metasprite1
    000000ACr98r00                  233 	.dw _booster_sprite_metasprite2
    000000AErA0r00                  234 	.dw _booster_sprite_metasprite3
                                    235 	.area _INITIALIZER
                                    236 	.area _CABS (ABS)
