                                      1 ;--------------------------------------------------------
                                      2 ; File Created by SDCC : free open source ISO C Compiler
                                      3 ; Version 4.5.1 #15267 (Linux)
                                      4 ;--------------------------------------------------------
                                      5 	.module bullet_lvl2_sprite
                                      6 	
                                      7 ;--------------------------------------------------------
                                      8 ; Public variables in this module
                                      9 ;--------------------------------------------------------
                                     10 	.globl _bullet_lvl2_sprite_metasprites
                                     11 	.globl _bullet_lvl2_sprite_metasprite0
                                     12 	.globl _bullet_lvl2_sprite_tiles
                                     13 	.globl _bullet_lvl2_sprite_palettes
                                     14 	.globl b___func_bullet_lvl2_sprite
                                     15 	.globl ___func_bullet_lvl2_sprite
                                     16 ;--------------------------------------------------------
                                     17 ; special function registers
                                     18 ;--------------------------------------------------------
                                     19 ;--------------------------------------------------------
                                     20 ; ram data
                                     21 ;--------------------------------------------------------
                                     22 	.area _DATA
                                     23 ;--------------------------------------------------------
                                     24 ; ram data
                                     25 ;--------------------------------------------------------
                                     26 	.area _INITIALIZED
                                     27 ;--------------------------------------------------------
                                     28 ; absolute external ram data
                                     29 ;--------------------------------------------------------
                                     30 	.area _DABS (ABS)
                                     31 ;--------------------------------------------------------
                                     32 ; global & static initialisations
                                     33 ;--------------------------------------------------------
                                     34 	.area _HOME
                                     35 	.area _GSINIT
                                     36 	.area _GSFINAL
                                     37 	.area _GSINIT
                                     38 ;--------------------------------------------------------
                                     39 ; Home
                                     40 ;--------------------------------------------------------
                                     41 	.area _HOME
                                     42 	.area _HOME
                                     43 ;--------------------------------------------------------
                                     44 ; code
                                     45 ;--------------------------------------------------------
                                     46 	.area _CODE
                                     47 ;res/bullet_lvl2_sprite.c:7: BANKREF(bullet_lvl2_sprite)
                                     48 ;	---------------------------------
                                     49 ; Function __func_bullet_lvl2_sprite
                                     50 ; ---------------------------------
                         00000000    51 	b___func_bullet_lvl2_sprite	= 0
    00000000                         52 ___func_bullet_lvl2_sprite::
                                     53 	.local b___func_bullet_lvl2_sprite 
                         00000000    54 	___bank_bullet_lvl2_sprite = b___func_bullet_lvl2_sprite 
                                     55 	.globl ___bank_bullet_lvl2_sprite 
                                     56 	.area _CODE
    00000000                         57 _bullet_lvl2_sprite_palettes:
    00000000 4A 29                   58 	.dw #0x294a
    00000002 FF 7F                   59 	.dw #0x7fff
    00000004 B5 56                   60 	.dw #0x56b5
    00000006 00 00                   61 	.dw #0x0000
    00000008                         62 _bullet_lvl2_sprite_tiles:
    00000008 00                      63 	.db #0x00	; 0
    00000009 00                      64 	.db #0x00	; 0
    0000000A 00                      65 	.db #0x00	; 0
    0000000B 00                      66 	.db #0x00	; 0
    0000000C 00                      67 	.db #0x00	; 0
    0000000D 00                      68 	.db #0x00	; 0
    0000000E 00                      69 	.db #0x00	; 0
    0000000F 00                      70 	.db #0x00	; 0
    00000010 04                      71 	.db #0x04	; 4
    00000011 04                      72 	.db #0x04	; 4
    00000012 0A                      73 	.db #0x0a	; 10
    00000013 0E                      74 	.db #0x0e	; 14
    00000014 04                      75 	.db #0x04	; 4
    00000015 0A                      76 	.db #0x0a	; 10
    00000016 04                      77 	.db #0x04	; 4
    00000017 0A                      78 	.db #0x0a	; 10
    00000018 04                      79 	.db #0x04	; 4
    00000019 0A                      80 	.db #0x0a	; 10
    0000001A 00                      81 	.db #0x00	; 0
    0000001B 04                      82 	.db #0x04	; 4
    0000001C 04                      83 	.db #0x04	; 4
    0000001D 04                      84 	.db #0x04	; 4
    0000001E 00                      85 	.db #0x00	; 0
    0000001F 00                      86 	.db #0x00	; 0
    00000020 00                      87 	.db #0x00	; 0
    00000021 00                      88 	.db #0x00	; 0
    00000022 00                      89 	.db #0x00	; 0
    00000023 00                      90 	.db #0x00	; 0
    00000024 00                      91 	.db #0x00	; 0
    00000025 00                      92 	.db #0x00	; 0
    00000026 00                      93 	.db #0x00	; 0
    00000027 00                      94 	.db #0x00	; 0
    00000028 00                      95 	.db #0x00	; 0
    00000029 00                      96 	.db #0x00	; 0
    0000002A 00                      97 	.db #0x00	; 0
    0000002B 00                      98 	.db #0x00	; 0
    0000002C 00                      99 	.db #0x00	; 0
    0000002D 00                     100 	.db #0x00	; 0
    0000002E 00                     101 	.db #0x00	; 0
    0000002F 00                     102 	.db #0x00	; 0
    00000030 20                     103 	.db #0x20	; 32
    00000031 20                     104 	.db #0x20	; 32
    00000032 50                     105 	.db #0x50	; 80	'P'
    00000033 70                     106 	.db #0x70	; 112	'p'
    00000034 20                     107 	.db #0x20	; 32
    00000035 50                     108 	.db #0x50	; 80	'P'
    00000036 20                     109 	.db #0x20	; 32
    00000037 50                     110 	.db #0x50	; 80	'P'
    00000038 20                     111 	.db #0x20	; 32
    00000039 50                     112 	.db #0x50	; 80	'P'
    0000003A 00                     113 	.db #0x00	; 0
    0000003B 20                     114 	.db #0x20	; 32
    0000003C 20                     115 	.db #0x20	; 32
    0000003D 20                     116 	.db #0x20	; 32
    0000003E 00                     117 	.db #0x00	; 0
    0000003F 00                     118 	.db #0x00	; 0
    00000040 00                     119 	.db #0x00	; 0
    00000041 00                     120 	.db #0x00	; 0
    00000042 00                     121 	.db #0x00	; 0
    00000043 00                     122 	.db #0x00	; 0
    00000044 00                     123 	.db #0x00	; 0
    00000045 00                     124 	.db #0x00	; 0
    00000046 00                     125 	.db #0x00	; 0
    00000047 00                     126 	.db #0x00	; 0
    00000048                        127 _bullet_lvl2_sprite_metasprite0:
    00000048 F8                     128 	.db #0xf8	; -8
    00000049 F8                     129 	.db #0xf8	; -8
    0000004A 00                     130 	.db #0x00	; 0
    0000004B 00                     131 	.db #0x00	; 0
    0000004C 00                     132 	.db #0x00	;  0
    0000004D 08                     133 	.db #0x08	;  8
    0000004E 02                     134 	.db #0x02	; 2
    0000004F 00                     135 	.db #0x00	; 0
    00000050 80                     136 	.db #0x80	; -128
    00000051 00                     137 	.db #0x00	;  0
    00000052 00                     138 	.db #0x00	; 0
    00000053 00                     139 	.db #0x00	; 0
    00000054                        140 _bullet_lvl2_sprite_metasprites:
    00000054r48r00                  141 	.dw _bullet_lvl2_sprite_metasprite0
                                    142 	.area _INITIALIZER
                                    143 	.area _CABS (ABS)
