                                      1 ;--------------------------------------------------------
                                      2 ; File Created by SDCC : free open source ISO C Compiler
                                      3 ; Version 4.5.1 #15267 (Linux)
                                      4 ;--------------------------------------------------------
                                      5 	.module bullet
                                      6 	
                                      7 ;--------------------------------------------------------
                                      8 ; Public variables in this module
                                      9 ;--------------------------------------------------------
                                     10 	.globl _active_bullet_index
                                     11 	.globl _ACTIVE_BULLETS
                                     12 	.globl _BULLETS
                                     13 	.globl _init_bullets
                                     14 	.globl _handle_bullets
                                     15 	.globl _kill_active_bullet
                                     16 ;--------------------------------------------------------
                                     17 ; special function registers
                                     18 ;--------------------------------------------------------
                                     19 ;--------------------------------------------------------
                                     20 ; ram data
                                     21 ;--------------------------------------------------------
                                     22 	.area _DATA
    00000000                         23 _BULLETS::
    00000000                         24 	.ds 28
    0000001C                         25 _ACTIVE_BULLETS::
    0000001C                         26 	.ds 4
                                     27 ;--------------------------------------------------------
                                     28 ; ram data
                                     29 ;--------------------------------------------------------
                                     30 	.area _INITIALIZED
    00000000                         31 ___EMU_PROFILER_INIT:
    00000000                         32 	.ds 2
    00000002                         33 _active_bullet_index::
    00000002                         34 	.ds 1
                                     35 ;--------------------------------------------------------
                                     36 ; absolute external ram data
                                     37 ;--------------------------------------------------------
                                     38 	.area _DABS (ABS)
                                     39 ;--------------------------------------------------------
                                     40 ; global & static initialisations
                                     41 ;--------------------------------------------------------
                                     42 	.area _HOME
                                     43 	.area _GSINIT
                                     44 	.area _GSFINAL
                                     45 	.area _GSINIT
                                     46 ;--------------------------------------------------------
                                     47 ; Home
                                     48 ;--------------------------------------------------------
                                     49 	.area _HOME
                                     50 	.area _HOME
                                     51 ;--------------------------------------------------------
                                     52 ; code
                                     53 ;--------------------------------------------------------
                                     54 	.area _CODE
                                     55 ;src/bullet.c:8: void init_bullets(void){
                                     56 ;	---------------------------------
                                     57 ; Function init_bullets
                                     58 ; ---------------------------------
    00000000                         59 _init_bullets::
                                     60 ;src/bullet.c:9: for (uint8_t i=0; i<MAX_BULLETS; i++){
    00000000 0E 00            [ 8]   61 	ld	c, #0x00
    00000002                         62 00103$:
    00000002 79               [ 4]   63 	ld	a, c
    00000003 D6 04            [ 8]   64 	sub	a, #0x04
    00000005 D0               [20]   65 	ret	NC
                                     66 ;src/bullet.c:10: BULLETS[i].isactive = 0;
    00000006 06 00            [ 8]   67 	ld	b, #0x00
    00000008 69               [ 4]   68 	ld	l, c
    00000009 60               [ 4]   69 	ld	h, b
    0000000A 29               [ 8]   70 	add	hl, hl
    0000000B 09               [ 8]   71 	add	hl, bc
    0000000C 29               [ 8]   72 	add	hl, hl
    0000000D 09               [ 8]   73 	add	hl, bc
    0000000E 7D               [ 4]   74 	ld	a, l
    0000000F C6r00            [ 8]   75 	add	a, #<(_BULLETS)
    00000011 5F               [ 4]   76 	ld	e, a
    00000012 7C               [ 4]   77 	ld	a, h
    00000013 CEs00            [ 8]   78 	adc	a, #>(_BULLETS)
    00000015 57               [ 4]   79 	ld	d, a
    00000016 21 06 00         [12]   80 	ld	hl, #0x0006
    00000019 19               [ 8]   81 	add	hl, de
    0000001A 36 00            [12]   82 	ld	(hl), #0x00
                                     83 ;src/bullet.c:11: BULLETS[i].x = 0;
    0000001C 6B               [ 4]   84 	ld	l, e
    0000001D 62               [ 4]   85 	ld	h, d
    0000001E AF               [ 4]   86 	xor	a, a
    0000001F 22               [ 8]   87 	ld	(hl+), a
    00000020 77               [ 8]   88 	ld	(hl), a
                                     89 ;src/bullet.c:12: BULLETS[i].y = 0;
    00000021 6B               [ 4]   90 	ld	l, e
    00000022 62               [ 4]   91 	ld	h, d
    00000023 23               [ 8]   92 	inc	hl
    00000024 23               [ 8]   93 	inc	hl
    00000025 AF               [ 4]   94 	xor	a, a
    00000026 22               [ 8]   95 	ld	(hl+), a
    00000027 77               [ 8]   96 	ld	(hl), a
                                     97 ;src/bullet.c:13: BULLETS[i].px = 0;
    00000028 21 04 00         [12]   98 	ld	hl, #0x0004
    0000002B 19               [ 8]   99 	add	hl, de
    0000002C 36 00            [12]  100 	ld	(hl), #0x00
                                    101 ;src/bullet.c:14: BULLETS[i].py = 0;
    0000002E 21 05 00         [12]  102 	ld	hl, #0x0005
    00000031 19               [ 8]  103 	add	hl, de
    00000032 36 00            [12]  104 	ld	(hl), #0x00
                                    105 ;src/bullet.c:9: for (uint8_t i=0; i<MAX_BULLETS; i++){
    00000034 0C               [ 4]  106 	inc	c
                                    107 ;src/bullet.c:16: }
    00000035 18 CB            [12]  108 	jr	00103$
                                    109 ;src/bullet.c:18: void handle_bullets(void){
                                    110 ;	---------------------------------
                                    111 ; Function handle_bullets
                                    112 ; ---------------------------------
    00000037                        113 _handle_bullets::
    00000037 E8 F0            [16]  114 	add	sp, #-16
                                    115 ;src/bullet.c:20: for (uint8_t j=0; j<active_bullet_index; j++){
    00000039 0E 00            [ 8]  116 	ld	c, #0x00
    0000003B                        117 00119$:
    0000003B 79               [ 4]  118 	ld	a, c
    0000003C 21r02r00         [12]  119 	ld	hl, #_active_bullet_index
    0000003F 96               [ 8]  120 	sub	a, (hl)
    00000040 D2r7Dr02         [16]  121 	jp	NC, 00121$
                                    122 ;src/bullet.c:21: uint8_t i = ACTIVE_BULLETS[j];
    00000043 21r1Cr00         [12]  123 	ld	hl, #_ACTIVE_BULLETS
    00000046 06 00            [ 8]  124 	ld	b, #0x00
    00000048 09               [ 8]  125 	add	hl, bc
                                    126 ;src/bullet.c:23: if ( BULLETS[i].y > BULLET_SPEED){
    00000049 5E               [ 8]  127 	ld	e, (hl)
    0000004A 16 00            [ 8]  128 	ld	d, #0x00
    0000004C 6B               [ 4]  129 	ld	l, e
    0000004D 62               [ 4]  130 	ld	h, d
    0000004E 29               [ 8]  131 	add	hl, hl
    0000004F 19               [ 8]  132 	add	hl, de
    00000050 29               [ 8]  133 	add	hl, hl
    00000051 19               [ 8]  134 	add	hl, de
    00000052 E5               [16]  135 	push	hl
    00000053 7D               [ 4]  136 	ld	a, l
    00000054 F8 10            [12]  137 	ldhl	sp,	#16
    00000056 77               [ 8]  138 	ld	(hl), a
    00000057 E1               [12]  139 	pop	hl
    00000058 7C               [ 4]  140 	ld	a, h
    00000059 F8 0F            [12]  141 	ldhl	sp,	#15
    0000005B 77               [ 8]  142 	ld	(hl), a
    0000005C 11r00r00         [12]  143 	ld	de, #_BULLETS
    0000005F 3A               [ 8]  144 	ld	a, (hl-)
    00000060 6E               [ 8]  145 	ld	l, (hl)
    00000061 67               [ 4]  146 	ld	h, a
    00000062 19               [ 8]  147 	add	hl, de
    00000063 33               [ 8]  148 	inc	sp
    00000064 33               [ 8]  149 	inc	sp
    00000065 5D               [ 4]  150 	ld	e, l
    00000066 54               [ 4]  151 	ld	d, h
    00000067 D5               [16]  152 	push	de
    00000068 21 02 00         [12]  153 	ld	hl, #0x0002
    0000006B 19               [ 8]  154 	add	hl, de
    0000006C E5               [16]  155 	push	hl
    0000006D 7D               [ 4]  156 	ld	a, l
    0000006E F8 0E            [12]  157 	ldhl	sp,	#14
    00000070 77               [ 8]  158 	ld	(hl), a
    00000071 E1               [12]  159 	pop	hl
    00000072 7C               [ 4]  160 	ld	a, h
    00000073 F8 0D            [12]  161 	ldhl	sp,	#13
    00000075 32               [ 8]  162 	ld	(hl-), a
    00000076 2A               [ 8]  163 	ld	a, (hl+)
    00000077 5F               [ 4]  164 	ld	e, a
    00000078 56               [ 8]  165 	ld	d, (hl)
    00000079 1A               [ 8]  166 	ld	a, (de)
    0000007A 47               [ 4]  167 	ld	b, a
    0000007B 13               [ 8]  168 	inc	de
    0000007C 1A               [ 8]  169 	ld	a, (de)
    0000007D 58               [ 4]  170 	ld	e, b
    0000007E 57               [ 4]  171 	ld	d, a
                                    172 ;src/bullet.c:25: BULLETS[i].py = BULLETS[i].y>>8;
    0000007F D5               [16]  173 	push	de
    00000080 F8 02            [12]  174 	ldhl	sp,#2
    00000082 2A               [ 8]  175 	ld	a, (hl+)
    00000083 5F               [ 4]  176 	ld	e, a
    00000084 56               [ 8]  177 	ld	d, (hl)
    00000085 21 05 00         [12]  178 	ld	hl, #0x0005
    00000088 19               [ 8]  179 	add	hl, de
    00000089 D1               [12]  180 	pop	de
    0000008A E5               [16]  181 	push	hl
    0000008B 7D               [ 4]  182 	ld	a, l
    0000008C F8 04            [12]  183 	ldhl	sp,	#4
    0000008E 77               [ 8]  184 	ld	(hl), a
    0000008F E1               [12]  185 	pop	hl
    00000090 7C               [ 4]  186 	ld	a, h
    00000091 F8 03            [12]  187 	ldhl	sp,	#3
    00000093 77               [ 8]  188 	ld	(hl), a
                                    189 ;src/bullet.c:23: if ( BULLETS[i].y > BULLET_SPEED){
    00000094 AF               [ 4]  190 	xor	a, a
    00000095 BB               [ 4]  191 	cp	a, e
    00000096 3E 03            [ 8]  192 	ld	a, #0x03
    00000098 9A               [ 4]  193 	sbc	a, d
    00000099 D2r24r02         [16]  194 	jp	NC, 00109$
                                    195 ;src/bullet.c:24: BULLETS[i].y -= BULLET_SPEED;
    0000009C 43               [ 4]  196 	ld	b, e
    0000009D 7A               [ 4]  197 	ld	a,d
    0000009E C6 FD            [ 8]  198 	add	a,#0xfd
    000000A0 F8 0E            [12]  199 	ldhl	sp,	#14
    000000A2 70               [ 8]  200 	ld	(hl), b
    000000A3 23               [ 8]  201 	inc	hl
    000000A4 77               [ 8]  202 	ld	(hl), a
    000000A5 F8 0C            [12]  203 	ldhl	sp,	#12
    000000A7 2A               [ 8]  204 	ld	a, (hl+)
    000000A8 5F               [ 4]  205 	ld	e, a
    000000A9 2A               [ 8]  206 	ld	a, (hl+)
    000000AA 57               [ 4]  207 	ld	d, a
    000000AB 2A               [ 8]  208 	ld	a, (hl+)
    000000AC 12               [ 8]  209 	ld	(de), a
    000000AD 13               [ 8]  210 	inc	de
    000000AE 7E               [ 8]  211 	ld	a, (hl)
    000000AF 12               [ 8]  212 	ld	(de), a
                                    213 ;src/bullet.c:25: BULLETS[i].py = BULLETS[i].y>>8;
    000000B0 7E               [ 8]  214 	ld	a, (hl)
    000000B1 F8 02            [12]  215 	ldhl	sp,	#2
    000000B3 5E               [ 8]  216 	ld	e, (hl)
    000000B4 23               [ 8]  217 	inc	hl
    000000B5 66               [ 8]  218 	ld	h, (hl)
    000000B6 6B               [ 4]  219 	ld	l, e
    000000B7 77               [ 8]  220 	ld	(hl), a
                                    221 ;src/bullet.c:28: for (uint8_t l=0; l<active_ennemies_index; l++){
    000000B8 F8 00            [12]  222 	ldhl	sp,	#0
    000000BA 7E               [ 8]  223 	ld	a, (hl)
    000000BB F8 04            [12]  224 	ldhl	sp,	#4
    000000BD 77               [ 8]  225 	ld	(hl), a
    000000BE F8 01            [12]  226 	ldhl	sp,	#1
    000000C0 7E               [ 8]  227 	ld	a, (hl)
    000000C1 F8 05            [12]  228 	ldhl	sp,	#5
    000000C3 77               [ 8]  229 	ld	(hl), a
    000000C4 F8 02            [12]  230 	ldhl	sp,	#2
    000000C6 7E               [ 8]  231 	ld	a, (hl)
    000000C7 F8 06            [12]  232 	ldhl	sp,	#6
    000000C9 77               [ 8]  233 	ld	(hl), a
    000000CA F8 03            [12]  234 	ldhl	sp,	#3
    000000CC 7E               [ 8]  235 	ld	a, (hl)
    000000CD F8 07            [12]  236 	ldhl	sp,	#7
    000000CF 77               [ 8]  237 	ld	(hl), a
    000000D0 06 00            [ 8]  238 	ld	b, #0x00
    000000D2                        239 00116$:
    000000D2 78               [ 4]  240 	ld	a, b
    000000D3 21r00r00         [12]  241 	ld	hl, #_active_ennemies_index
    000000D6 96               [ 8]  242 	sub	a, (hl)
    000000D7 D2r2Ar02         [16]  243 	jp	NC, 00110$
                                    244 ;src/bullet.c:29: k = ACTIVE_ENNEMIES[l];
    000000DA 3Er00            [ 8]  245 	ld	a, #<(_ACTIVE_ENNEMIES)
    000000DC 80               [ 4]  246 	add	a, b
    000000DD 6F               [ 4]  247 	ld	l, a
    000000DE 3Es00            [ 8]  248 	ld	a, #>(_ACTIVE_ENNEMIES)
    000000E0 CE 00            [ 8]  249 	adc	a, #0x00
    000000E2 67               [ 4]  250 	ld	h, a
                                    251 ;src/bullet.c:30: if ( ((ENNEMIES[k].py) < (BULLETS[i].py)+8) &&
    000000E3 5E               [ 8]  252 	ld	e, (hl)
    000000E4 16 00            [ 8]  253 	ld	d, #0x00
    000000E6 6B               [ 4]  254 	ld	l, e
    000000E7 62               [ 4]  255 	ld	h, d
    000000E8 29               [ 8]  256 	add	hl, hl
    000000E9 29               [ 8]  257 	add	hl, hl
    000000EA 29               [ 8]  258 	add	hl, hl
    000000EB 29               [ 8]  259 	add	hl, hl
    000000EC 19               [ 8]  260 	add	hl, de
    000000ED E5               [16]  261 	push	hl
    000000EE 7D               [ 4]  262 	ld	a, l
    000000EF F8 10            [12]  263 	ldhl	sp,	#16
    000000F1 77               [ 8]  264 	ld	(hl), a
    000000F2 E1               [12]  265 	pop	hl
    000000F3 7C               [ 4]  266 	ld	a, h
    000000F4 F8 0F            [12]  267 	ldhl	sp,	#15
    000000F6 77               [ 8]  268 	ld	(hl), a
    000000F7 11r00r00         [12]  269 	ld	de, #_ENNEMIES
    000000FA 3A               [ 8]  270 	ld	a, (hl-)
    000000FB 6E               [ 8]  271 	ld	l, (hl)
    000000FC 67               [ 4]  272 	ld	h, a
    000000FD 19               [ 8]  273 	add	hl, de
    000000FE E5               [16]  274 	push	hl
    000000FF 7D               [ 4]  275 	ld	a, l
    00000100 F8 0A            [12]  276 	ldhl	sp,	#10
    00000102 77               [ 8]  277 	ld	(hl), a
    00000103 E1               [12]  278 	pop	hl
    00000104 7C               [ 4]  279 	ld	a, h
    00000105 F8 09            [12]  280 	ldhl	sp,	#9
    00000107 32               [ 8]  281 	ld	(hl-), a
    00000108 2A               [ 8]  282 	ld	a, (hl+)
    00000109 5F               [ 4]  283 	ld	e, a
    0000010A 56               [ 8]  284 	ld	d, (hl)
    0000010B 21 09 00         [12]  285 	ld	hl, #0x0009
    0000010E 19               [ 8]  286 	add	hl, de
    0000010F 5D               [ 4]  287 	ld	e, l
    00000110 54               [ 4]  288 	ld	d, h
    00000111 1A               [ 8]  289 	ld	a, (de)
    00000112 F8 0F            [12]  290 	ldhl	sp,	#15
    00000114 77               [ 8]  291 	ld	(hl), a
    00000115 F8 06            [12]  292 	ldhl	sp,#6
    00000117 2A               [ 8]  293 	ld	a, (hl+)
    00000118 5F               [ 4]  294 	ld	e, a
    00000119 56               [ 8]  295 	ld	d, (hl)
    0000011A 1A               [ 8]  296 	ld	a, (de)
    0000011B F8 0A            [12]  297 	ldhl	sp,	#10
    0000011D 22               [ 8]  298 	ld	(hl+), a
    0000011E AF               [ 4]  299 	xor	a, a
    0000011F 32               [ 8]  300 	ld	(hl-), a
    00000120 2A               [ 8]  301 	ld	a, (hl+)
    00000121 5F               [ 4]  302 	ld	e, a
    00000122 56               [ 8]  303 	ld	d, (hl)
    00000123 21 08 00         [12]  304 	ld	hl, #0x0008
    00000126 19               [ 8]  305 	add	hl, de
    00000127 E5               [16]  306 	push	hl
    00000128 7D               [ 4]  307 	ld	a, l
    00000129 F8 0E            [12]  308 	ldhl	sp,	#14
    0000012B 77               [ 8]  309 	ld	(hl), a
    0000012C E1               [12]  310 	pop	hl
    0000012D 7C               [ 4]  311 	ld	a, h
    0000012E F8 0D            [12]  312 	ldhl	sp,	#13
    00000130 22               [ 8]  313 	ld	(hl+), a
    00000131 23               [ 8]  314 	inc	hl
    00000132 3A               [ 8]  315 	ld	a, (hl-)
    00000133 22               [ 8]  316 	ld	(hl+), a
    00000134 36 00            [12]  317 	ld	(hl), #0x00
    00000136 F8 0E            [12]  318 	ldhl	sp,	#14
    00000138 5D               [ 4]  319 	ld	e, l
    00000139 54               [ 4]  320 	ld	d, h
    0000013A F8 0C            [12]  321 	ldhl	sp,	#12
    0000013C 1A               [ 8]  322 	ld	a, (de)
    0000013D 13               [ 8]  323 	inc	de
    0000013E 96               [ 8]  324 	sub	a, (hl)
    0000013F 23               [ 8]  325 	inc	hl
    00000140 1A               [ 8]  326 	ld	a, (de)
    00000141 9E               [ 8]  327 	sbc	a, (hl)
    00000142 D2r20r02         [16]  328 	jp	NC, 00117$
                                    329 ;src/bullet.c:31: ((ENNEMIES[k].py) > (BULLETS[i].py)-8) )
    00000145 F8 0A            [12]  330 	ldhl	sp,#10
    00000147 2A               [ 8]  331 	ld	a, (hl+)
    00000148 5F               [ 4]  332 	ld	e, a
    00000149 56               [ 8]  333 	ld	d, (hl)
    0000014A 21 08 00         [12]  334 	ld	hl, #0x0008
    0000014D 7B               [ 4]  335 	ld	a, e
    0000014E 95               [ 4]  336 	sub	a, l
    0000014F 5F               [ 4]  337 	ld	e, a
    00000150 7A               [ 4]  338 	ld	a, d
    00000151 9C               [ 4]  339 	sbc	a, h
    00000152 F8 0D            [12]  340 	ldhl	sp,	#13
    00000154 32               [ 8]  341 	ld	(hl-), a
    00000155 73               [ 8]  342 	ld	(hl), e
    00000156 F8 0C            [12]  343 	ldhl	sp,	#12
    00000158 5D               [ 4]  344 	ld	e, l
    00000159 54               [ 4]  345 	ld	d, h
    0000015A F8 0E            [12]  346 	ldhl	sp,	#14
    0000015C 1A               [ 8]  347 	ld	a, (de)
    0000015D 13               [ 8]  348 	inc	de
    0000015E 96               [ 8]  349 	sub	a, (hl)
    0000015F 23               [ 8]  350 	inc	hl
    00000160 1A               [ 8]  351 	ld	a, (de)
    00000161 9E               [ 8]  352 	sbc	a, (hl)
    00000162 1A               [ 8]  353 	ld	a, (de)
    00000163 57               [ 4]  354 	ld	d, a
    00000164 CB 7E            [12]  355 	bit	7, (hl)
    00000166 28 07            [12]  356 	jr	Z, 00195$
    00000168 CB 7A            [ 8]  357 	bit	7, d
    0000016A 20 08            [12]  358 	jr	NZ, 00196$
    0000016C BF               [ 4]  359 	cp	a, a
    0000016D 18 05            [12]  360 	jr	00196$
    0000016F                        361 00195$:
    0000016F CB 7A            [ 8]  362 	bit	7, d
    00000171 28 01            [12]  363 	jr	Z, 00196$
    00000173 37               [ 4]  364 	scf
    00000174                        365 00196$:
    00000174 D2r20r02         [16]  366 	jp	NC, 00117$
                                    367 ;src/bullet.c:32: if ( ((ENNEMIES[k].px) < (BULLETS[i].px)+8) &&
    00000177 F8 08            [12]  368 	ldhl	sp,#8
    00000179 2A               [ 8]  369 	ld	a, (hl+)
    0000017A 5F               [ 4]  370 	ld	e, a
    0000017B 56               [ 8]  371 	ld	d, (hl)
    0000017C 21 08 00         [12]  372 	ld	hl, #0x0008
    0000017F 19               [ 8]  373 	add	hl, de
    00000180 5D               [ 4]  374 	ld	e, l
    00000181 54               [ 4]  375 	ld	d, h
    00000182 1A               [ 8]  376 	ld	a, (de)
    00000183 F8 0F            [12]  377 	ldhl	sp,	#15
    00000185 77               [ 8]  378 	ld	(hl), a
    00000186 F8 04            [12]  379 	ldhl	sp,#4
    00000188 2A               [ 8]  380 	ld	a, (hl+)
    00000189 5F               [ 4]  381 	ld	e, a
    0000018A 56               [ 8]  382 	ld	d, (hl)
    0000018B 21 04 00         [12]  383 	ld	hl, #0x0004
    0000018E 19               [ 8]  384 	add	hl, de
    0000018F 5D               [ 4]  385 	ld	e, l
    00000190 54               [ 4]  386 	ld	d, h
    00000191 1A               [ 8]  387 	ld	a, (de)
    00000192 F8 0A            [12]  388 	ldhl	sp,	#10
    00000194 22               [ 8]  389 	ld	(hl+), a
    00000195 AF               [ 4]  390 	xor	a, a
    00000196 32               [ 8]  391 	ld	(hl-), a
    00000197 2A               [ 8]  392 	ld	a, (hl+)
    00000198 5F               [ 4]  393 	ld	e, a
    00000199 56               [ 8]  394 	ld	d, (hl)
    0000019A 21 08 00         [12]  395 	ld	hl, #0x0008
    0000019D 19               [ 8]  396 	add	hl, de
    0000019E E5               [16]  397 	push	hl
    0000019F 7D               [ 4]  398 	ld	a, l
    000001A0 F8 0E            [12]  399 	ldhl	sp,	#14
    000001A2 77               [ 8]  400 	ld	(hl), a
    000001A3 E1               [12]  401 	pop	hl
    000001A4 7C               [ 4]  402 	ld	a, h
    000001A5 F8 0D            [12]  403 	ldhl	sp,	#13
    000001A7 22               [ 8]  404 	ld	(hl+), a
    000001A8 23               [ 8]  405 	inc	hl
    000001A9 3A               [ 8]  406 	ld	a, (hl-)
    000001AA 22               [ 8]  407 	ld	(hl+), a
    000001AB 36 00            [12]  408 	ld	(hl), #0x00
    000001AD F8 0E            [12]  409 	ldhl	sp,	#14
    000001AF 5D               [ 4]  410 	ld	e, l
    000001B0 54               [ 4]  411 	ld	d, h
    000001B1 F8 0C            [12]  412 	ldhl	sp,	#12
    000001B3 1A               [ 8]  413 	ld	a, (de)
    000001B4 13               [ 8]  414 	inc	de
    000001B5 96               [ 8]  415 	sub	a, (hl)
    000001B6 23               [ 8]  416 	inc	hl
    000001B7 1A               [ 8]  417 	ld	a, (de)
    000001B8 9E               [ 8]  418 	sbc	a, (hl)
    000001B9 30 65            [12]  419 	jr	NC, 00117$
                                    420 ;src/bullet.c:33: ((ENNEMIES[k].px) > (BULLETS[i].px)-8)){
    000001BB F8 0A            [12]  421 	ldhl	sp,#10
    000001BD 2A               [ 8]  422 	ld	a, (hl+)
    000001BE 5F               [ 4]  423 	ld	e, a
    000001BF 56               [ 8]  424 	ld	d, (hl)
    000001C0 21 08 00         [12]  425 	ld	hl, #0x0008
    000001C3 7B               [ 4]  426 	ld	a, e
    000001C4 95               [ 4]  427 	sub	a, l
    000001C5 5F               [ 4]  428 	ld	e, a
    000001C6 7A               [ 4]  429 	ld	a, d
    000001C7 9C               [ 4]  430 	sbc	a, h
    000001C8 F8 0D            [12]  431 	ldhl	sp,	#13
    000001CA 32               [ 8]  432 	ld	(hl-), a
    000001CB 73               [ 8]  433 	ld	(hl), e
    000001CC F8 0C            [12]  434 	ldhl	sp,	#12
    000001CE 5D               [ 4]  435 	ld	e, l
    000001CF 54               [ 4]  436 	ld	d, h
    000001D0 F8 0E            [12]  437 	ldhl	sp,	#14
    000001D2 1A               [ 8]  438 	ld	a, (de)
    000001D3 13               [ 8]  439 	inc	de
    000001D4 96               [ 8]  440 	sub	a, (hl)
    000001D5 23               [ 8]  441 	inc	hl
    000001D6 1A               [ 8]  442 	ld	a, (de)
    000001D7 9E               [ 8]  443 	sbc	a, (hl)
    000001D8 1A               [ 8]  444 	ld	a, (de)
    000001D9 57               [ 4]  445 	ld	d, a
    000001DA CB 7E            [12]  446 	bit	7, (hl)
    000001DC 28 07            [12]  447 	jr	Z, 00197$
    000001DE CB 7A            [ 8]  448 	bit	7, d
    000001E0 20 08            [12]  449 	jr	NZ, 00198$
    000001E2 BF               [ 4]  450 	cp	a, a
    000001E3 18 05            [12]  451 	jr	00198$
    000001E5                        452 00197$:
    000001E5 CB 7A            [ 8]  453 	bit	7, d
    000001E7 28 01            [12]  454 	jr	Z, 00198$
    000001E9 37               [ 4]  455 	scf
    000001EA                        456 00198$:
    000001EA 30 34            [12]  457 	jr	NC, 00117$
                                    458 ;src/bullet.c:35: ENNEMIES[k].hp -= PLAYER.power;
    000001EC F8 08            [12]  459 	ldhl	sp,#8
    000001EE 2A               [ 8]  460 	ld	a, (hl+)
    000001EF 5F               [ 4]  461 	ld	e, a
    000001F0 56               [ 8]  462 	ld	d, (hl)
    000001F1 21 0E 00         [12]  463 	ld	hl, #0x000e
    000001F4 19               [ 8]  464 	add	hl, de
    000001F5 E5               [16]  465 	push	hl
    000001F6 7D               [ 4]  466 	ld	a, l
    000001F7 F8 10            [12]  467 	ldhl	sp,	#16
    000001F9 77               [ 8]  468 	ld	(hl), a
    000001FA E1               [12]  469 	pop	hl
    000001FB 7C               [ 4]  470 	ld	a, h
    000001FC F8 0F            [12]  471 	ldhl	sp,	#15
    000001FE 32               [ 8]  472 	ld	(hl-), a
    000001FF 2A               [ 8]  473 	ld	a, (hl+)
    00000200 5F               [ 4]  474 	ld	e, a
    00000201 56               [ 8]  475 	ld	d, (hl)
    00000202 1A               [ 8]  476 	ld	a, (de)
    00000203 21r08r00         [12]  477 	ld	hl, #(_PLAYER + 8)
    00000206 6E               [ 8]  478 	ld	l, (hl)
    00000207 95               [ 4]  479 	sub	a, l
    00000208 F8 0E            [12]  480 	ldhl	sp,	#14
    0000020A 5E               [ 8]  481 	ld	e, (hl)
    0000020B 23               [ 8]  482 	inc	hl
    0000020C 66               [ 8]  483 	ld	h, (hl)
    0000020D 6B               [ 4]  484 	ld	l, e
    0000020E 77               [ 8]  485 	ld	(hl), a
                                    486 ;src/bullet.c:36: ENNEMIES[k].ishit = 4;
    0000020F F8 08            [12]  487 	ldhl	sp,#8
    00000211 2A               [ 8]  488 	ld	a, (hl+)
    00000212 5F               [ 4]  489 	ld	e, a
    00000213 56               [ 8]  490 	ld	d, (hl)
    00000214 21 0F 00         [12]  491 	ld	hl, #0x000f
    00000217 19               [ 8]  492 	add	hl, de
    00000218 36 04            [12]  493 	ld	(hl), #0x04
                                    494 ;src/bullet.c:37: kill_active_bullet(j);
    0000021A C5               [16]  495 	push	bc
    0000021B 79               [ 4]  496 	ld	a, c
    0000021C CDr80r02         [24]  497 	call	_kill_active_bullet
    0000021F C1               [12]  498 	pop	bc
    00000220                        499 00117$:
                                    500 ;src/bullet.c:28: for (uint8_t l=0; l<active_ennemies_index; l++){
    00000220 04               [ 4]  501 	inc	b
    00000221 C3rD2r00         [16]  502 	jp	00116$
    00000224                        503 00109$:
                                    504 ;src/bullet.c:41: kill_active_bullet(j);
    00000224 C5               [16]  505 	push	bc
    00000225 79               [ 4]  506 	ld	a, c
    00000226 CDr80r02         [24]  507 	call	_kill_active_bullet
    00000229 C1               [12]  508 	pop	bc
    0000022A                        509 00110$:
                                    510 ;src/bullet.c:44: if (BULLETS[i].isactive){
    0000022A D1               [12]  511 	pop	de
    0000022B D5               [16]  512 	push	de
    0000022C 21 06 00         [12]  513 	ld	hl, #0x0006
    0000022F 19               [ 8]  514 	add	hl, de
    00000230 5D               [ 4]  515 	ld	e, l
    00000231 54               [ 4]  516 	ld	d, h
    00000232 1A               [ 8]  517 	ld	a, (de)
    00000233 B7               [ 4]  518 	or	a, a
    00000234 28 43            [12]  519 	jr	Z, 00120$
                                    520 ;src/bullet.c:47: BULLETS[i].px, BULLETS[i].py);
    00000236 F8 02            [12]  521 	ldhl	sp,#2
    00000238 2A               [ 8]  522 	ld	a, (hl+)
    00000239 5F               [ 4]  523 	ld	e, a
    0000023A 56               [ 8]  524 	ld	d, (hl)
    0000023B 1A               [ 8]  525 	ld	a, (de)
    0000023C 47               [ 4]  526 	ld	b, a
    0000023D D1               [12]  527 	pop	de
    0000023E D5               [16]  528 	push	de
    0000023F 21 04 00         [12]  529 	ld	hl, #0x0004
    00000242 19               [ 8]  530 	add	hl, de
    00000243 5D               [ 4]  531 	ld	e, l
    00000244 54               [ 4]  532 	ld	d, h
    00000245 1A               [ 8]  533 	ld	a, (de)
    00000246 F8 0E            [12]  534 	ldhl	sp,	#14
    00000248 77               [ 8]  535 	ld	(hl), a
    00000249 FAr00r00         [16]  536 	ld	a, (#_oam)
    0000024C F8 0F            [12]  537 	ldhl	sp,	#15
    0000024E 77               [ 8]  538 	ld	(hl), a
                                    539 ;src/bullet.c:46: PLAYER.bullet_sprite_offset,0,oam,
    0000024F FAr12r00         [16]  540 	ld	a, (#(_PLAYER + 18) + 0)
    00000252 EAr00r00         [16]  541 	ld	(#___current_base_tile),a
                                    542 ;src/bullet.c:45: oam+=move_metasprite_ex(PLAYER.bullet_metasprites[0],
    00000255 21r10r00         [12]  543 	ld	hl, #(_PLAYER + 16)
    00000258 2A               [ 8]  544 	ld	a,	(hl+)
    00000259 66               [ 8]  545 	ld	h, (hl)
    0000025A 6F               [ 4]  546 	ld	l, a
    0000025B 2A               [ 8]  547 	ld	a, (hl+)
    0000025C 6E               [ 8]  548 	ld	l, (hl)
                                    549 ;/home/meloni/Lib/gbdk/include/gb/metasprites.h:160: __current_metasprite = metasprite;
    0000025D 5F               [ 4]  550 	ld	e, a
    0000025E 55               [ 4]  551 	ld	d, l
    0000025F 21r00r00         [12]  552 	ld	hl, #___current_metasprite
    00000262 7B               [ 4]  553 	ld	a, e
    00000263 22               [ 8]  554 	ld	(hl+), a
    00000264 72               [ 8]  555 	ld	(hl), d
                                    556 ;/home/meloni/Lib/gbdk/include/gb/metasprites.h:162: __current_base_prop = base_prop;
    00000265 AF               [ 4]  557 	xor	a, a
    00000266 EAr00r00         [16]  558 	ld	(#___current_base_prop),a
                                    559 ;/home/meloni/Lib/gbdk/include/gb/metasprites.h:163: return __move_metasprite(base_sprite, (y << 8) | (uint8_t)x);
    00000269 F8 0E            [12]  560 	ldhl	sp,	#14
    0000026B 2A               [ 8]  561 	ld	a, (hl+)
    0000026C 5F               [ 4]  562 	ld	e, a
    0000026D 50               [ 4]  563 	ld	d, b
    0000026E C5               [16]  564 	push	bc
    0000026F 7E               [ 8]  565 	ld	a, (hl)
    00000270 CDr00r00         [24]  566 	call	___move_metasprite
    00000273 C1               [12]  567 	pop	bc
                                    568 ;src/bullet.c:47: BULLETS[i].px, BULLETS[i].py);
    00000274 21r00r00         [12]  569 	ld	hl, #_oam
    00000277 86               [ 8]  570 	add	a, (hl)
    00000278 77               [ 8]  571 	ld	(hl), a
    00000279                        572 00120$:
                                    573 ;src/bullet.c:20: for (uint8_t j=0; j<active_bullet_index; j++){
    00000279 0C               [ 4]  574 	inc	c
    0000027A C3r3Br00         [16]  575 	jp	00119$
    0000027D                        576 00121$:
                                    577 ;src/bullet.c:50: }
    0000027D E8 10            [16]  578 	add	sp, #16
    0000027F C9               [16]  579 	ret
                                    580 ;src/bullet.c:53: void kill_active_bullet(uint8_t j){
                                    581 ;	---------------------------------
                                    582 ; Function kill_active_bullet
                                    583 ; ---------------------------------
    00000280                        584 _kill_active_bullet::
    00000280 4F               [ 4]  585 	ld	c, a
                                    586 ;src/bullet.c:54: BULLETS[ACTIVE_BULLETS[j]].isactive = 0;
    00000281 21r1Cr00         [12]  587 	ld	hl, #_ACTIVE_BULLETS
    00000284 06 00            [ 8]  588 	ld	b, #0x00
    00000286 09               [ 8]  589 	add	hl, bc
    00000287 5E               [ 8]  590 	ld	e, (hl)
    00000288 16 00            [ 8]  591 	ld	d, #0x00
    0000028A 6B               [ 4]  592 	ld	l, e
    0000028B 62               [ 4]  593 	ld	h, d
    0000028C 29               [ 8]  594 	add	hl, hl
    0000028D 19               [ 8]  595 	add	hl, de
    0000028E 29               [ 8]  596 	add	hl, hl
    0000028F 19               [ 8]  597 	add	hl, de
    00000290 11r00r00         [12]  598 	ld	de, #_BULLETS
    00000293 19               [ 8]  599 	add	hl, de
    00000294 11 06 00         [12]  600 	ld	de, #0x0006
    00000297 19               [ 8]  601 	add	hl, de
    00000298 36 00            [12]  602 	ld	(hl), #0x00
                                    603 ;src/bullet.c:55: for (uint8_t i=j; i<active_bullet_index; i++){
    0000029A                        604 00103$:
    0000029A 79               [ 4]  605 	ld	a, c
    0000029B 21r02r00         [12]  606 	ld	hl, #_active_bullet_index
    0000029E 96               [ 8]  607 	sub	a, (hl)
    0000029F 30 19            [12]  608 	jr	NC, 00101$
                                    609 ;src/bullet.c:56: ACTIVE_BULLETS[i] = ACTIVE_BULLETS[i+1];
    000002A1 21r1Cr00         [12]  610 	ld	hl, #_ACTIVE_BULLETS
    000002A4 06 00            [ 8]  611 	ld	b, #0x00
    000002A6 09               [ 8]  612 	add	hl, bc
    000002A7 79               [ 4]  613 	ld	a, c
    000002A8 3C               [ 4]  614 	inc	a
    000002A9 47               [ 4]  615 	ld	b, a
    000002AA 07               [ 4]  616 	rlca
    000002AB 9F               [ 4]  617 	sbc	a, a
    000002AC 57               [ 4]  618 	ld	d, a
    000002AD 78               [ 4]  619 	ld	a, b
    000002AE C6r1C            [ 8]  620 	add	a, #<(_ACTIVE_BULLETS)
    000002B0 5F               [ 4]  621 	ld	e, a
    000002B1 7A               [ 4]  622 	ld	a, d
    000002B2 CEs00            [ 8]  623 	adc	a, #>(_ACTIVE_BULLETS)
    000002B4 57               [ 4]  624 	ld	d, a
    000002B5 1A               [ 8]  625 	ld	a, (de)
    000002B6 77               [ 8]  626 	ld	(hl), a
                                    627 ;src/bullet.c:55: for (uint8_t i=j; i<active_bullet_index; i++){
    000002B7 0C               [ 4]  628 	inc	c
    000002B8 18 E0            [12]  629 	jr	00103$
    000002BA                        630 00101$:
                                    631 ;src/bullet.c:58: active_bullet_index--;
    000002BA 21r02r00         [12]  632 	ld	hl, #_active_bullet_index
    000002BD 35               [12]  633 	dec	(hl)
                                    634 ;src/bullet.c:59: }
    000002BE C9               [16]  635 	ret
                                    636 	.area _CODE
                                    637 	.area _INITIALIZER
    00000000                        638 __xinit____EMU_PROFILER_INIT:
    00000000r00r00                  639 	.dw _EMU_profiler_message
    00000002                        640 __xinit__active_bullet_index:
    00000002 00                     641 	.db #0x00	; 0
                                    642 	.area _CABS (ABS)
