                                      1 ;--------------------------------------------------------
                                      2 ; File Created by SDCC : free open source ISO C Compiler
                                      3 ; Version 4.5.1 #15267 (Linux)
                                      4 ;--------------------------------------------------------
                                      5 	.module bullet_lvl1_sprite
                                      6 	
                                      7 ;--------------------------------------------------------
                                      8 ; Public variables in this module
                                      9 ;--------------------------------------------------------
                                     10 	.globl _bullet_lvl1_sprite_metasprites
                                     11 	.globl _bullet_lvl1_sprite_metasprite0
                                     12 	.globl _bullet_lvl1_sprite_tiles
                                     13 	.globl _bullet_lvl1_sprite_palettes
                                     14 	.globl b___func_bullet_lvl1_sprite
                                     15 	.globl ___func_bullet_lvl1_sprite
                                     16 ;--------------------------------------------------------
                                     17 ; special function registers
                                     18 ;--------------------------------------------------------
                                     19 ;--------------------------------------------------------
                                     20 ; ram data
                                     21 ;--------------------------------------------------------
                                     22 	.area _DATA
                                     23 ;--------------------------------------------------------
                                     24 ; ram data
                                     25 ;--------------------------------------------------------
                                     26 	.area _INITIALIZED
                                     27 ;--------------------------------------------------------
                                     28 ; absolute external ram data
                                     29 ;--------------------------------------------------------
                                     30 	.area _DABS (ABS)
                                     31 ;--------------------------------------------------------
                                     32 ; global & static initialisations
                                     33 ;--------------------------------------------------------
                                     34 	.area _HOME
                                     35 	.area _GSINIT
                                     36 	.area _GSFINAL
                                     37 	.area _GSINIT
                                     38 ;--------------------------------------------------------
                                     39 ; Home
                                     40 ;--------------------------------------------------------
                                     41 	.area _HOME
                                     42 	.area _HOME
                                     43 ;--------------------------------------------------------
                                     44 ; code
                                     45 ;--------------------------------------------------------
                                     46 	.area _CODE
                                     47 ;res/bullet_lvl1_sprite.c:7: BANKREF(bullet_lvl1_sprite)
                                     48 ;	---------------------------------
                                     49 ; Function __func_bullet_lvl1_sprite
                                     50 ; ---------------------------------
                         00000000    51 	b___func_bullet_lvl1_sprite	= 0
    00000000                         52 ___func_bullet_lvl1_sprite::
                                     53 	.local b___func_bullet_lvl1_sprite 
                         00000000    54 	___bank_bullet_lvl1_sprite = b___func_bullet_lvl1_sprite 
                                     55 	.globl ___bank_bullet_lvl1_sprite 
                                     56 	.area _CODE
    00000000                         57 _bullet_lvl1_sprite_palettes:
    00000000 4A 29                   58 	.dw #0x294a
    00000002 FF 7F                   59 	.dw #0x7fff
    00000004 B5 56                   60 	.dw #0x56b5
    00000006 00 00                   61 	.dw #0x0000
    00000008                         62 _bullet_lvl1_sprite_tiles:
    00000008 00                      63 	.db #0x00	; 0
    00000009 00                      64 	.db #0x00	; 0
    0000000A 00                      65 	.db #0x00	; 0
    0000000B 00                      66 	.db #0x00	; 0
    0000000C 00                      67 	.db #0x00	; 0
    0000000D 00                      68 	.db #0x00	; 0
    0000000E 00                      69 	.db #0x00	; 0
    0000000F 00                      70 	.db #0x00	; 0
    00000010 10                      71 	.db #0x10	; 16
    00000011 10                      72 	.db #0x10	; 16
    00000012 28                      73 	.db #0x28	; 40
    00000013 38                      74 	.db #0x38	; 56	'8'
    00000014 10                      75 	.db #0x10	; 16
    00000015 28                      76 	.db #0x28	; 40
    00000016 10                      77 	.db #0x10	; 16
    00000017 28                      78 	.db #0x28	; 40
    00000018 10                      79 	.db #0x10	; 16
    00000019 28                      80 	.db #0x28	; 40
    0000001A 00                      81 	.db #0x00	; 0
    0000001B 10                      82 	.db #0x10	; 16
    0000001C 10                      83 	.db #0x10	; 16
    0000001D 10                      84 	.db #0x10	; 16
    0000001E 00                      85 	.db #0x00	; 0
    0000001F 00                      86 	.db #0x00	; 0
    00000020 00                      87 	.db #0x00	; 0
    00000021 00                      88 	.db #0x00	; 0
    00000022 00                      89 	.db #0x00	; 0
    00000023 00                      90 	.db #0x00	; 0
    00000024 00                      91 	.db #0x00	; 0
    00000025 00                      92 	.db #0x00	; 0
    00000026 00                      93 	.db #0x00	; 0
    00000027 00                      94 	.db #0x00	; 0
    00000028                         95 _bullet_lvl1_sprite_metasprite0:
    00000028 F8                      96 	.db #0xf8	; -8
    00000029 FC                      97 	.db #0xfc	; -4
    0000002A 00                      98 	.db #0x00	; 0
    0000002B 00                      99 	.db #0x00	; 0
    0000002C 80                     100 	.db #0x80	; -128
    0000002D 00                     101 	.db #0x00	;  0
    0000002E 00                     102 	.db #0x00	; 0
    0000002F 00                     103 	.db #0x00	; 0
    00000030                        104 _bullet_lvl1_sprite_metasprites:
    00000030r28r00                  105 	.dw _bullet_lvl1_sprite_metasprite0
                                    106 	.area _INITIALIZER
                                    107 	.area _CABS (ABS)
