                                      1 ;--------------------------------------------------------
                                      2 ; File Created by SDCC : free open source ISO C Compiler
                                      3 ; Version 4.5.1 #15267 (Linux)
                                      4 ;--------------------------------------------------------
                                      5 	.module early_gameboyfont
                                      6 	
                                      7 ;--------------------------------------------------------
                                      8 ; Public variables in this module
                                      9 ;--------------------------------------------------------
                                     10 	.globl _early_gameboyfont_tiles
                                     11 	.globl _early_gameboyfont_palettes
                                     12 	.globl b___func_early_gameboyfont
                                     13 	.globl ___func_early_gameboyfont
                                     14 ;--------------------------------------------------------
                                     15 ; special function registers
                                     16 ;--------------------------------------------------------
                                     17 ;--------------------------------------------------------
                                     18 ; ram data
                                     19 ;--------------------------------------------------------
                                     20 	.area _DATA
                                     21 ;--------------------------------------------------------
                                     22 ; ram data
                                     23 ;--------------------------------------------------------
                                     24 	.area _INITIALIZED
                                     25 ;--------------------------------------------------------
                                     26 ; absolute external ram data
                                     27 ;--------------------------------------------------------
                                     28 	.area _DABS (ABS)
                                     29 ;--------------------------------------------------------
                                     30 ; global & static initialisations
                                     31 ;--------------------------------------------------------
                                     32 	.area _HOME
                                     33 	.area _GSINIT
                                     34 	.area _GSFINAL
                                     35 	.area _GSINIT
                                     36 ;--------------------------------------------------------
                                     37 ; Home
                                     38 ;--------------------------------------------------------
                                     39 	.area _HOME
                                     40 	.area _HOME
                                     41 ;--------------------------------------------------------
                                     42 ; code
                                     43 ;--------------------------------------------------------
                                     44 	.area _CODE
                                     45 ;res/early_gameboyfont.c:7: BANKREF(early_gameboyfont)
                                     46 ;	---------------------------------
                                     47 ; Function __func_early_gameboyfont
                                     48 ; ---------------------------------
                         00000000    49 	b___func_early_gameboyfont	= 0
    00000000                         50 ___func_early_gameboyfont::
                                     51 	.local b___func_early_gameboyfont 
                         00000000    52 	___bank_early_gameboyfont = b___func_early_gameboyfont 
                                     53 	.globl ___bank_early_gameboyfont 
                                     54 	.area _CODE
    00000000                         55 _early_gameboyfont_palettes:
    00000000 FF 7F                   56 	.dw #0x7fff
    00000002 B5 56                   57 	.dw #0x56b5
    00000004 4A 29                   58 	.dw #0x294a
    00000006 00 00                   59 	.dw #0x0000
    00000008                         60 _early_gameboyfont_tiles:
    00000008 00                      61 	.db #0x00	; 0
    00000009 00                      62 	.db #0x00	; 0
    0000000A 00                      63 	.db #0x00	; 0
    0000000B 00                      64 	.db #0x00	; 0
    0000000C 00                      65 	.db #0x00	; 0
    0000000D 00                      66 	.db #0x00	; 0
    0000000E 00                      67 	.db #0x00	; 0
    0000000F 00                      68 	.db #0x00	; 0
    00000010 00                      69 	.db #0x00	; 0
    00000011 00                      70 	.db #0x00	; 0
    00000012 00                      71 	.db #0x00	; 0
    00000013 00                      72 	.db #0x00	; 0
    00000014 00                      73 	.db #0x00	; 0
    00000015 00                      74 	.db #0x00	; 0
    00000016 00                      75 	.db #0x00	; 0
    00000017 00                      76 	.db #0x00	; 0
    00000018 00                      77 	.db #0x00	; 0
    00000019 00                      78 	.db #0x00	; 0
    0000001A 00                      79 	.db #0x00	; 0
    0000001B 3C                      80 	.db #0x3c	; 60
    0000001C 00                      81 	.db #0x00	; 0
    0000001D 4E                      82 	.db #0x4e	; 78	'N'
    0000001E 00                      83 	.db #0x00	; 0
    0000001F 4E                      84 	.db #0x4e	; 78	'N'
    00000020 00                      85 	.db #0x00	; 0
    00000021 7E                      86 	.db #0x7e	; 126
    00000022 00                      87 	.db #0x00	; 0
    00000023 4E                      88 	.db #0x4e	; 78	'N'
    00000024 00                      89 	.db #0x00	; 0
    00000025 4E                      90 	.db #0x4e	; 78	'N'
    00000026 00                      91 	.db #0x00	; 0
    00000027 00                      92 	.db #0x00	; 0
    00000028 00                      93 	.db #0x00	; 0
    00000029 00                      94 	.db #0x00	; 0
    0000002A 00                      95 	.db #0x00	; 0
    0000002B 7C                      96 	.db #0x7c	; 124
    0000002C 00                      97 	.db #0x00	; 0
    0000002D 66                      98 	.db #0x66	; 102	'f'
    0000002E 00                      99 	.db #0x00	; 0
    0000002F 7C                     100 	.db #0x7c	; 124
    00000030 00                     101 	.db #0x00	; 0
    00000031 66                     102 	.db #0x66	; 102	'f'
    00000032 00                     103 	.db #0x00	; 0
    00000033 66                     104 	.db #0x66	; 102	'f'
    00000034 00                     105 	.db #0x00	; 0
    00000035 7C                     106 	.db #0x7c	; 124
    00000036 00                     107 	.db #0x00	; 0
    00000037 00                     108 	.db #0x00	; 0
    00000038 00                     109 	.db #0x00	; 0
    00000039 00                     110 	.db #0x00	; 0
    0000003A 00                     111 	.db #0x00	; 0
    0000003B 3C                     112 	.db #0x3c	; 60
    0000003C 00                     113 	.db #0x00	; 0
    0000003D 66                     114 	.db #0x66	; 102	'f'
    0000003E 00                     115 	.db #0x00	; 0
    0000003F 60                     116 	.db #0x60	; 96
    00000040 00                     117 	.db #0x00	; 0
    00000041 60                     118 	.db #0x60	; 96
    00000042 00                     119 	.db #0x00	; 0
    00000043 66                     120 	.db #0x66	; 102	'f'
    00000044 00                     121 	.db #0x00	; 0
    00000045 3C                     122 	.db #0x3c	; 60
    00000046 00                     123 	.db #0x00	; 0
    00000047 00                     124 	.db #0x00	; 0
    00000048 00                     125 	.db #0x00	; 0
    00000049 00                     126 	.db #0x00	; 0
    0000004A 00                     127 	.db #0x00	; 0
    0000004B 7C                     128 	.db #0x7c	; 124
    0000004C 00                     129 	.db #0x00	; 0
    0000004D 4E                     130 	.db #0x4e	; 78	'N'
    0000004E 00                     131 	.db #0x00	; 0
    0000004F 4E                     132 	.db #0x4e	; 78	'N'
    00000050 00                     133 	.db #0x00	; 0
    00000051 4E                     134 	.db #0x4e	; 78	'N'
    00000052 00                     135 	.db #0x00	; 0
    00000053 4E                     136 	.db #0x4e	; 78	'N'
    00000054 00                     137 	.db #0x00	; 0
    00000055 7C                     138 	.db #0x7c	; 124
    00000056 00                     139 	.db #0x00	; 0
    00000057 00                     140 	.db #0x00	; 0
    00000058 00                     141 	.db #0x00	; 0
    00000059 00                     142 	.db #0x00	; 0
    0000005A 00                     143 	.db #0x00	; 0
    0000005B 7E                     144 	.db #0x7e	; 126
    0000005C 00                     145 	.db #0x00	; 0
    0000005D 60                     146 	.db #0x60	; 96
    0000005E 00                     147 	.db #0x00	; 0
    0000005F 7C                     148 	.db #0x7c	; 124
    00000060 00                     149 	.db #0x00	; 0
    00000061 60                     150 	.db #0x60	; 96
    00000062 00                     151 	.db #0x00	; 0
    00000063 60                     152 	.db #0x60	; 96
    00000064 00                     153 	.db #0x00	; 0
    00000065 7E                     154 	.db #0x7e	; 126
    00000066 00                     155 	.db #0x00	; 0
    00000067 00                     156 	.db #0x00	; 0
    00000068 00                     157 	.db #0x00	; 0
    00000069 00                     158 	.db #0x00	; 0
    0000006A 00                     159 	.db #0x00	; 0
    0000006B 7E                     160 	.db #0x7e	; 126
    0000006C 00                     161 	.db #0x00	; 0
    0000006D 60                     162 	.db #0x60	; 96
    0000006E 00                     163 	.db #0x00	; 0
    0000006F 60                     164 	.db #0x60	; 96
    00000070 00                     165 	.db #0x00	; 0
    00000071 7C                     166 	.db #0x7c	; 124
    00000072 00                     167 	.db #0x00	; 0
    00000073 60                     168 	.db #0x60	; 96
    00000074 00                     169 	.db #0x00	; 0
    00000075 60                     170 	.db #0x60	; 96
    00000076 00                     171 	.db #0x00	; 0
    00000077 00                     172 	.db #0x00	; 0
    00000078 00                     173 	.db #0x00	; 0
    00000079 00                     174 	.db #0x00	; 0
    0000007A 00                     175 	.db #0x00	; 0
    0000007B 3C                     176 	.db #0x3c	; 60
    0000007C 00                     177 	.db #0x00	; 0
    0000007D 66                     178 	.db #0x66	; 102	'f'
    0000007E 00                     179 	.db #0x00	; 0
    0000007F 60                     180 	.db #0x60	; 96
    00000080 00                     181 	.db #0x00	; 0
    00000081 6E                     182 	.db #0x6e	; 110	'n'
    00000082 00                     183 	.db #0x00	; 0
    00000083 66                     184 	.db #0x66	; 102	'f'
    00000084 00                     185 	.db #0x00	; 0
    00000085 3E                     186 	.db #0x3e	; 62
    00000086 00                     187 	.db #0x00	; 0
    00000087 00                     188 	.db #0x00	; 0
    00000088 00                     189 	.db #0x00	; 0
    00000089 00                     190 	.db #0x00	; 0
    0000008A 00                     191 	.db #0x00	; 0
    0000008B 46                     192 	.db #0x46	; 70	'F'
    0000008C 00                     193 	.db #0x00	; 0
    0000008D 46                     194 	.db #0x46	; 70	'F'
    0000008E 00                     195 	.db #0x00	; 0
    0000008F 7E                     196 	.db #0x7e	; 126
    00000090 00                     197 	.db #0x00	; 0
    00000091 46                     198 	.db #0x46	; 70	'F'
    00000092 00                     199 	.db #0x00	; 0
    00000093 46                     200 	.db #0x46	; 70	'F'
    00000094 00                     201 	.db #0x00	; 0
    00000095 46                     202 	.db #0x46	; 70	'F'
    00000096 00                     203 	.db #0x00	; 0
    00000097 00                     204 	.db #0x00	; 0
    00000098 00                     205 	.db #0x00	; 0
    00000099 00                     206 	.db #0x00	; 0
    0000009A 00                     207 	.db #0x00	; 0
    0000009B 3C                     208 	.db #0x3c	; 60
    0000009C 00                     209 	.db #0x00	; 0
    0000009D 18                     210 	.db #0x18	; 24
    0000009E 00                     211 	.db #0x00	; 0
    0000009F 18                     212 	.db #0x18	; 24
    000000A0 00                     213 	.db #0x00	; 0
    000000A1 18                     214 	.db #0x18	; 24
    000000A2 00                     215 	.db #0x00	; 0
    000000A3 18                     216 	.db #0x18	; 24
    000000A4 00                     217 	.db #0x00	; 0
    000000A5 3C                     218 	.db #0x3c	; 60
    000000A6 00                     219 	.db #0x00	; 0
    000000A7 00                     220 	.db #0x00	; 0
    000000A8 00                     221 	.db #0x00	; 0
    000000A9 00                     222 	.db #0x00	; 0
    000000AA 00                     223 	.db #0x00	; 0
    000000AB 1E                     224 	.db #0x1e	; 30
    000000AC 00                     225 	.db #0x00	; 0
    000000AD 0C                     226 	.db #0x0c	; 12
    000000AE 00                     227 	.db #0x00	; 0
    000000AF 0C                     228 	.db #0x0c	; 12
    000000B0 00                     229 	.db #0x00	; 0
    000000B1 6C                     230 	.db #0x6c	; 108	'l'
    000000B2 00                     231 	.db #0x00	; 0
    000000B3 6C                     232 	.db #0x6c	; 108	'l'
    000000B4 00                     233 	.db #0x00	; 0
    000000B5 38                     234 	.db #0x38	; 56	'8'
    000000B6 00                     235 	.db #0x00	; 0
    000000B7 00                     236 	.db #0x00	; 0
    000000B8 00                     237 	.db #0x00	; 0
    000000B9 00                     238 	.db #0x00	; 0
    000000BA 00                     239 	.db #0x00	; 0
    000000BB 66                     240 	.db #0x66	; 102	'f'
    000000BC 00                     241 	.db #0x00	; 0
    000000BD 6C                     242 	.db #0x6c	; 108	'l'
    000000BE 00                     243 	.db #0x00	; 0
    000000BF 78                     244 	.db #0x78	; 120	'x'
    000000C0 00                     245 	.db #0x00	; 0
    000000C1 78                     246 	.db #0x78	; 120	'x'
    000000C2 00                     247 	.db #0x00	; 0
    000000C3 6C                     248 	.db #0x6c	; 108	'l'
    000000C4 00                     249 	.db #0x00	; 0
    000000C5 66                     250 	.db #0x66	; 102	'f'
    000000C6 00                     251 	.db #0x00	; 0
    000000C7 00                     252 	.db #0x00	; 0
    000000C8 00                     253 	.db #0x00	; 0
    000000C9 00                     254 	.db #0x00	; 0
    000000CA 00                     255 	.db #0x00	; 0
    000000CB 60                     256 	.db #0x60	; 96
    000000CC 00                     257 	.db #0x00	; 0
    000000CD 60                     258 	.db #0x60	; 96
    000000CE 00                     259 	.db #0x00	; 0
    000000CF 60                     260 	.db #0x60	; 96
    000000D0 00                     261 	.db #0x00	; 0
    000000D1 60                     262 	.db #0x60	; 96
    000000D2 00                     263 	.db #0x00	; 0
    000000D3 60                     264 	.db #0x60	; 96
    000000D4 00                     265 	.db #0x00	; 0
    000000D5 7E                     266 	.db #0x7e	; 126
    000000D6 00                     267 	.db #0x00	; 0
    000000D7 00                     268 	.db #0x00	; 0
    000000D8 00                     269 	.db #0x00	; 0
    000000D9 00                     270 	.db #0x00	; 0
    000000DA 00                     271 	.db #0x00	; 0
    000000DB 46                     272 	.db #0x46	; 70	'F'
    000000DC 00                     273 	.db #0x00	; 0
    000000DD 6E                     274 	.db #0x6e	; 110	'n'
    000000DE 00                     275 	.db #0x00	; 0
    000000DF 7E                     276 	.db #0x7e	; 126
    000000E0 00                     277 	.db #0x00	; 0
    000000E1 56                     278 	.db #0x56	; 86	'V'
    000000E2 00                     279 	.db #0x00	; 0
    000000E3 46                     280 	.db #0x46	; 70	'F'
    000000E4 00                     281 	.db #0x00	; 0
    000000E5 46                     282 	.db #0x46	; 70	'F'
    000000E6 00                     283 	.db #0x00	; 0
    000000E7 00                     284 	.db #0x00	; 0
    000000E8 00                     285 	.db #0x00	; 0
    000000E9 00                     286 	.db #0x00	; 0
    000000EA 00                     287 	.db #0x00	; 0
    000000EB 46                     288 	.db #0x46	; 70	'F'
    000000EC 00                     289 	.db #0x00	; 0
    000000ED 66                     290 	.db #0x66	; 102	'f'
    000000EE 00                     291 	.db #0x00	; 0
    000000EF 76                     292 	.db #0x76	; 118	'v'
    000000F0 00                     293 	.db #0x00	; 0
    000000F1 5E                     294 	.db #0x5e	; 94
    000000F2 00                     295 	.db #0x00	; 0
    000000F3 4E                     296 	.db #0x4e	; 78	'N'
    000000F4 00                     297 	.db #0x00	; 0
    000000F5 46                     298 	.db #0x46	; 70	'F'
    000000F6 00                     299 	.db #0x00	; 0
    000000F7 00                     300 	.db #0x00	; 0
    000000F8 00                     301 	.db #0x00	; 0
    000000F9 00                     302 	.db #0x00	; 0
    000000FA 00                     303 	.db #0x00	; 0
    000000FB 3C                     304 	.db #0x3c	; 60
    000000FC 00                     305 	.db #0x00	; 0
    000000FD 66                     306 	.db #0x66	; 102	'f'
    000000FE 00                     307 	.db #0x00	; 0
    000000FF 66                     308 	.db #0x66	; 102	'f'
    00000100 00                     309 	.db #0x00	; 0
    00000101 66                     310 	.db #0x66	; 102	'f'
    00000102 00                     311 	.db #0x00	; 0
    00000103 66                     312 	.db #0x66	; 102	'f'
    00000104 00                     313 	.db #0x00	; 0
    00000105 3C                     314 	.db #0x3c	; 60
    00000106 00                     315 	.db #0x00	; 0
    00000107 00                     316 	.db #0x00	; 0
    00000108 00                     317 	.db #0x00	; 0
    00000109 00                     318 	.db #0x00	; 0
    0000010A 00                     319 	.db #0x00	; 0
    0000010B 7C                     320 	.db #0x7c	; 124
    0000010C 00                     321 	.db #0x00	; 0
    0000010D 66                     322 	.db #0x66	; 102	'f'
    0000010E 00                     323 	.db #0x00	; 0
    0000010F 66                     324 	.db #0x66	; 102	'f'
    00000110 00                     325 	.db #0x00	; 0
    00000111 7C                     326 	.db #0x7c	; 124
    00000112 00                     327 	.db #0x00	; 0
    00000113 60                     328 	.db #0x60	; 96
    00000114 00                     329 	.db #0x00	; 0
    00000115 60                     330 	.db #0x60	; 96
    00000116 00                     331 	.db #0x00	; 0
    00000117 00                     332 	.db #0x00	; 0
    00000118 00                     333 	.db #0x00	; 0
    00000119 00                     334 	.db #0x00	; 0
    0000011A 00                     335 	.db #0x00	; 0
    0000011B 3C                     336 	.db #0x3c	; 60
    0000011C 00                     337 	.db #0x00	; 0
    0000011D 62                     338 	.db #0x62	; 98	'b'
    0000011E 00                     339 	.db #0x00	; 0
    0000011F 62                     340 	.db #0x62	; 98	'b'
    00000120 00                     341 	.db #0x00	; 0
    00000121 6A                     342 	.db #0x6a	; 106	'j'
    00000122 00                     343 	.db #0x00	; 0
    00000123 64                     344 	.db #0x64	; 100	'd'
    00000124 00                     345 	.db #0x00	; 0
    00000125 3A                     346 	.db #0x3a	; 58
    00000126 00                     347 	.db #0x00	; 0
    00000127 00                     348 	.db #0x00	; 0
    00000128 00                     349 	.db #0x00	; 0
    00000129 00                     350 	.db #0x00	; 0
    0000012A 00                     351 	.db #0x00	; 0
    0000012B 7C                     352 	.db #0x7c	; 124
    0000012C 00                     353 	.db #0x00	; 0
    0000012D 66                     354 	.db #0x66	; 102	'f'
    0000012E 00                     355 	.db #0x00	; 0
    0000012F 66                     356 	.db #0x66	; 102	'f'
    00000130 00                     357 	.db #0x00	; 0
    00000131 7C                     358 	.db #0x7c	; 124
    00000132 00                     359 	.db #0x00	; 0
    00000133 68                     360 	.db #0x68	; 104	'h'
    00000134 00                     361 	.db #0x00	; 0
    00000135 66                     362 	.db #0x66	; 102	'f'
    00000136 00                     363 	.db #0x00	; 0
    00000137 00                     364 	.db #0x00	; 0
    00000138 00                     365 	.db #0x00	; 0
    00000139 00                     366 	.db #0x00	; 0
    0000013A 00                     367 	.db #0x00	; 0
    0000013B 3C                     368 	.db #0x3c	; 60
    0000013C 00                     369 	.db #0x00	; 0
    0000013D 60                     370 	.db #0x60	; 96
    0000013E 00                     371 	.db #0x00	; 0
    0000013F 3C                     372 	.db #0x3c	; 60
    00000140 00                     373 	.db #0x00	; 0
    00000141 0E                     374 	.db #0x0e	; 14
    00000142 00                     375 	.db #0x00	; 0
    00000143 4E                     376 	.db #0x4e	; 78	'N'
    00000144 00                     377 	.db #0x00	; 0
    00000145 3C                     378 	.db #0x3c	; 60
    00000146 00                     379 	.db #0x00	; 0
    00000147 00                     380 	.db #0x00	; 0
    00000148 00                     381 	.db #0x00	; 0
    00000149 00                     382 	.db #0x00	; 0
    0000014A 00                     383 	.db #0x00	; 0
    0000014B 7E                     384 	.db #0x7e	; 126
    0000014C 00                     385 	.db #0x00	; 0
    0000014D 18                     386 	.db #0x18	; 24
    0000014E 00                     387 	.db #0x00	; 0
    0000014F 18                     388 	.db #0x18	; 24
    00000150 00                     389 	.db #0x00	; 0
    00000151 18                     390 	.db #0x18	; 24
    00000152 00                     391 	.db #0x00	; 0
    00000153 18                     392 	.db #0x18	; 24
    00000154 00                     393 	.db #0x00	; 0
    00000155 18                     394 	.db #0x18	; 24
    00000156 00                     395 	.db #0x00	; 0
    00000157 00                     396 	.db #0x00	; 0
    00000158 00                     397 	.db #0x00	; 0
    00000159 00                     398 	.db #0x00	; 0
    0000015A 00                     399 	.db #0x00	; 0
    0000015B 46                     400 	.db #0x46	; 70	'F'
    0000015C 00                     401 	.db #0x00	; 0
    0000015D 46                     402 	.db #0x46	; 70	'F'
    0000015E 00                     403 	.db #0x00	; 0
    0000015F 46                     404 	.db #0x46	; 70	'F'
    00000160 00                     405 	.db #0x00	; 0
    00000161 46                     406 	.db #0x46	; 70	'F'
    00000162 00                     407 	.db #0x00	; 0
    00000163 4E                     408 	.db #0x4e	; 78	'N'
    00000164 00                     409 	.db #0x00	; 0
    00000165 3C                     410 	.db #0x3c	; 60
    00000166 00                     411 	.db #0x00	; 0
    00000167 00                     412 	.db #0x00	; 0
    00000168 00                     413 	.db #0x00	; 0
    00000169 00                     414 	.db #0x00	; 0
    0000016A 00                     415 	.db #0x00	; 0
    0000016B 46                     416 	.db #0x46	; 70	'F'
    0000016C 00                     417 	.db #0x00	; 0
    0000016D 46                     418 	.db #0x46	; 70	'F'
    0000016E 00                     419 	.db #0x00	; 0
    0000016F 46                     420 	.db #0x46	; 70	'F'
    00000170 00                     421 	.db #0x00	; 0
    00000171 46                     422 	.db #0x46	; 70	'F'
    00000172 00                     423 	.db #0x00	; 0
    00000173 2C                     424 	.db #0x2c	; 44
    00000174 00                     425 	.db #0x00	; 0
    00000175 18                     426 	.db #0x18	; 24
    00000176 00                     427 	.db #0x00	; 0
    00000177 00                     428 	.db #0x00	; 0
    00000178 00                     429 	.db #0x00	; 0
    00000179 00                     430 	.db #0x00	; 0
    0000017A 00                     431 	.db #0x00	; 0
    0000017B 46                     432 	.db #0x46	; 70	'F'
    0000017C 00                     433 	.db #0x00	; 0
    0000017D 46                     434 	.db #0x46	; 70	'F'
    0000017E 00                     435 	.db #0x00	; 0
    0000017F 56                     436 	.db #0x56	; 86	'V'
    00000180 00                     437 	.db #0x00	; 0
    00000181 7E                     438 	.db #0x7e	; 126
    00000182 00                     439 	.db #0x00	; 0
    00000183 6E                     440 	.db #0x6e	; 110	'n'
    00000184 00                     441 	.db #0x00	; 0
    00000185 46                     442 	.db #0x46	; 70	'F'
    00000186 00                     443 	.db #0x00	; 0
    00000187 00                     444 	.db #0x00	; 0
    00000188 00                     445 	.db #0x00	; 0
    00000189 00                     446 	.db #0x00	; 0
    0000018A 00                     447 	.db #0x00	; 0
    0000018B 46                     448 	.db #0x46	; 70	'F'
    0000018C 00                     449 	.db #0x00	; 0
    0000018D 2C                     450 	.db #0x2c	; 44
    0000018E 00                     451 	.db #0x00	; 0
    0000018F 18                     452 	.db #0x18	; 24
    00000190 00                     453 	.db #0x00	; 0
    00000191 38                     454 	.db #0x38	; 56	'8'
    00000192 00                     455 	.db #0x00	; 0
    00000193 64                     456 	.db #0x64	; 100	'd'
    00000194 00                     457 	.db #0x00	; 0
    00000195 42                     458 	.db #0x42	; 66	'B'
    00000196 00                     459 	.db #0x00	; 0
    00000197 00                     460 	.db #0x00	; 0
    00000198 00                     461 	.db #0x00	; 0
    00000199 00                     462 	.db #0x00	; 0
    0000019A 00                     463 	.db #0x00	; 0
    0000019B 66                     464 	.db #0x66	; 102	'f'
    0000019C 00                     465 	.db #0x00	; 0
    0000019D 66                     466 	.db #0x66	; 102	'f'
    0000019E 00                     467 	.db #0x00	; 0
    0000019F 3C                     468 	.db #0x3c	; 60
    000001A0 00                     469 	.db #0x00	; 0
    000001A1 18                     470 	.db #0x18	; 24
    000001A2 00                     471 	.db #0x00	; 0
    000001A3 18                     472 	.db #0x18	; 24
    000001A4 00                     473 	.db #0x00	; 0
    000001A5 18                     474 	.db #0x18	; 24
    000001A6 00                     475 	.db #0x00	; 0
    000001A7 00                     476 	.db #0x00	; 0
    000001A8 00                     477 	.db #0x00	; 0
    000001A9 00                     478 	.db #0x00	; 0
    000001AA 00                     479 	.db #0x00	; 0
    000001AB 7E                     480 	.db #0x7e	; 126
    000001AC 00                     481 	.db #0x00	; 0
    000001AD 0E                     482 	.db #0x0e	; 14
    000001AE 00                     483 	.db #0x00	; 0
    000001AF 1C                     484 	.db #0x1c	; 28
    000001B0 00                     485 	.db #0x00	; 0
    000001B1 38                     486 	.db #0x38	; 56	'8'
    000001B2 00                     487 	.db #0x00	; 0
    000001B3 70                     488 	.db #0x70	; 112	'p'
    000001B4 00                     489 	.db #0x00	; 0
    000001B5 7E                     490 	.db #0x7e	; 126
    000001B6 00                     491 	.db #0x00	; 0
    000001B7 00                     492 	.db #0x00	; 0
    000001B8 00                     493 	.db #0x00	; 0
    000001B9 00                     494 	.db #0x00	; 0
    000001BA 00                     495 	.db #0x00	; 0
    000001BB 18                     496 	.db #0x18	; 24
    000001BC 00                     497 	.db #0x00	; 0
    000001BD 38                     498 	.db #0x38	; 56	'8'
    000001BE 00                     499 	.db #0x00	; 0
    000001BF 18                     500 	.db #0x18	; 24
    000001C0 00                     501 	.db #0x00	; 0
    000001C1 18                     502 	.db #0x18	; 24
    000001C2 00                     503 	.db #0x00	; 0
    000001C3 18                     504 	.db #0x18	; 24
    000001C4 00                     505 	.db #0x00	; 0
    000001C5 3C                     506 	.db #0x3c	; 60
    000001C6 00                     507 	.db #0x00	; 0
    000001C7 00                     508 	.db #0x00	; 0
    000001C8 00                     509 	.db #0x00	; 0
    000001C9 00                     510 	.db #0x00	; 0
    000001CA 00                     511 	.db #0x00	; 0
    000001CB 3C                     512 	.db #0x3c	; 60
    000001CC 00                     513 	.db #0x00	; 0
    000001CD 4E                     514 	.db #0x4e	; 78	'N'
    000001CE 00                     515 	.db #0x00	; 0
    000001CF 0E                     516 	.db #0x0e	; 14
    000001D0 00                     517 	.db #0x00	; 0
    000001D1 3C                     518 	.db #0x3c	; 60
    000001D2 00                     519 	.db #0x00	; 0
    000001D3 70                     520 	.db #0x70	; 112	'p'
    000001D4 00                     521 	.db #0x00	; 0
    000001D5 7E                     522 	.db #0x7e	; 126
    000001D6 00                     523 	.db #0x00	; 0
    000001D7 00                     524 	.db #0x00	; 0
    000001D8 00                     525 	.db #0x00	; 0
    000001D9 00                     526 	.db #0x00	; 0
    000001DA 00                     527 	.db #0x00	; 0
    000001DB 7C                     528 	.db #0x7c	; 124
    000001DC 00                     529 	.db #0x00	; 0
    000001DD 0E                     530 	.db #0x0e	; 14
    000001DE 00                     531 	.db #0x00	; 0
    000001DF 3C                     532 	.db #0x3c	; 60
    000001E0 00                     533 	.db #0x00	; 0
    000001E1 0E                     534 	.db #0x0e	; 14
    000001E2 00                     535 	.db #0x00	; 0
    000001E3 0E                     536 	.db #0x0e	; 14
    000001E4 00                     537 	.db #0x00	; 0
    000001E5 7C                     538 	.db #0x7c	; 124
    000001E6 00                     539 	.db #0x00	; 0
    000001E7 00                     540 	.db #0x00	; 0
    000001E8 00                     541 	.db #0x00	; 0
    000001E9 00                     542 	.db #0x00	; 0
    000001EA 00                     543 	.db #0x00	; 0
    000001EB 3C                     544 	.db #0x3c	; 60
    000001EC 00                     545 	.db #0x00	; 0
    000001ED 6C                     546 	.db #0x6c	; 108	'l'
    000001EE 00                     547 	.db #0x00	; 0
    000001EF 4C                     548 	.db #0x4c	; 76	'L'
    000001F0 00                     549 	.db #0x00	; 0
    000001F1 4C                     550 	.db #0x4c	; 76	'L'
    000001F2 00                     551 	.db #0x00	; 0
    000001F3 7E                     552 	.db #0x7e	; 126
    000001F4 00                     553 	.db #0x00	; 0
    000001F5 0C                     554 	.db #0x0c	; 12
    000001F6 00                     555 	.db #0x00	; 0
    000001F7 00                     556 	.db #0x00	; 0
    000001F8 00                     557 	.db #0x00	; 0
    000001F9 00                     558 	.db #0x00	; 0
    000001FA 00                     559 	.db #0x00	; 0
    000001FB 7C                     560 	.db #0x7c	; 124
    000001FC 00                     561 	.db #0x00	; 0
    000001FD 60                     562 	.db #0x60	; 96
    000001FE 00                     563 	.db #0x00	; 0
    000001FF 7C                     564 	.db #0x7c	; 124
    00000200 00                     565 	.db #0x00	; 0
    00000201 0E                     566 	.db #0x0e	; 14
    00000202 00                     567 	.db #0x00	; 0
    00000203 4E                     568 	.db #0x4e	; 78	'N'
    00000204 00                     569 	.db #0x00	; 0
    00000205 3C                     570 	.db #0x3c	; 60
    00000206 00                     571 	.db #0x00	; 0
    00000207 00                     572 	.db #0x00	; 0
    00000208 00                     573 	.db #0x00	; 0
    00000209 00                     574 	.db #0x00	; 0
    0000020A 00                     575 	.db #0x00	; 0
    0000020B 3C                     576 	.db #0x3c	; 60
    0000020C 00                     577 	.db #0x00	; 0
    0000020D 60                     578 	.db #0x60	; 96
    0000020E 00                     579 	.db #0x00	; 0
    0000020F 7C                     580 	.db #0x7c	; 124
    00000210 00                     581 	.db #0x00	; 0
    00000211 66                     582 	.db #0x66	; 102	'f'
    00000212 00                     583 	.db #0x00	; 0
    00000213 66                     584 	.db #0x66	; 102	'f'
    00000214 00                     585 	.db #0x00	; 0
    00000215 3C                     586 	.db #0x3c	; 60
    00000216 00                     587 	.db #0x00	; 0
    00000217 00                     588 	.db #0x00	; 0
    00000218 00                     589 	.db #0x00	; 0
    00000219 00                     590 	.db #0x00	; 0
    0000021A 00                     591 	.db #0x00	; 0
    0000021B 7E                     592 	.db #0x7e	; 126
    0000021C 00                     593 	.db #0x00	; 0
    0000021D 06                     594 	.db #0x06	; 6
    0000021E 00                     595 	.db #0x00	; 0
    0000021F 0C                     596 	.db #0x0c	; 12
    00000220 00                     597 	.db #0x00	; 0
    00000221 18                     598 	.db #0x18	; 24
    00000222 00                     599 	.db #0x00	; 0
    00000223 38                     600 	.db #0x38	; 56	'8'
    00000224 00                     601 	.db #0x00	; 0
    00000225 38                     602 	.db #0x38	; 56	'8'
    00000226 00                     603 	.db #0x00	; 0
    00000227 00                     604 	.db #0x00	; 0
    00000228 00                     605 	.db #0x00	; 0
    00000229 00                     606 	.db #0x00	; 0
    0000022A 00                     607 	.db #0x00	; 0
    0000022B 3C                     608 	.db #0x3c	; 60
    0000022C 00                     609 	.db #0x00	; 0
    0000022D 4E                     610 	.db #0x4e	; 78	'N'
    0000022E 00                     611 	.db #0x00	; 0
    0000022F 3C                     612 	.db #0x3c	; 60
    00000230 00                     613 	.db #0x00	; 0
    00000231 4E                     614 	.db #0x4e	; 78	'N'
    00000232 00                     615 	.db #0x00	; 0
    00000233 4E                     616 	.db #0x4e	; 78	'N'
    00000234 00                     617 	.db #0x00	; 0
    00000235 3C                     618 	.db #0x3c	; 60
    00000236 00                     619 	.db #0x00	; 0
    00000237 00                     620 	.db #0x00	; 0
    00000238 00                     621 	.db #0x00	; 0
    00000239 00                     622 	.db #0x00	; 0
    0000023A 00                     623 	.db #0x00	; 0
    0000023B 3C                     624 	.db #0x3c	; 60
    0000023C 00                     625 	.db #0x00	; 0
    0000023D 4E                     626 	.db #0x4e	; 78	'N'
    0000023E 00                     627 	.db #0x00	; 0
    0000023F 4E                     628 	.db #0x4e	; 78	'N'
    00000240 00                     629 	.db #0x00	; 0
    00000241 3E                     630 	.db #0x3e	; 62
    00000242 00                     631 	.db #0x00	; 0
    00000243 0E                     632 	.db #0x0e	; 14
    00000244 00                     633 	.db #0x00	; 0
    00000245 3C                     634 	.db #0x3c	; 60
    00000246 00                     635 	.db #0x00	; 0
    00000247 00                     636 	.db #0x00	; 0
    00000248 00                     637 	.db #0x00	; 0
    00000249 00                     638 	.db #0x00	; 0
    0000024A 00                     639 	.db #0x00	; 0
    0000024B 00                     640 	.db #0x00	; 0
    0000024C 00                     641 	.db #0x00	; 0
    0000024D 00                     642 	.db #0x00	; 0
    0000024E 00                     643 	.db #0x00	; 0
    0000024F 3C                     644 	.db #0x3c	; 60
    00000250 00                     645 	.db #0x00	; 0
    00000251 3C                     646 	.db #0x3c	; 60
    00000252 00                     647 	.db #0x00	; 0
    00000253 00                     648 	.db #0x00	; 0
    00000254 00                     649 	.db #0x00	; 0
    00000255 00                     650 	.db #0x00	; 0
    00000256 00                     651 	.db #0x00	; 0
    00000257 00                     652 	.db #0x00	; 0
    00000258 00                     653 	.db #0x00	; 0
    00000259 00                     654 	.db #0x00	; 0
    0000025A 00                     655 	.db #0x00	; 0
    0000025B 38                     656 	.db #0x38	; 56	'8'
    0000025C 00                     657 	.db #0x00	; 0
    0000025D 38                     658 	.db #0x38	; 56	'8'
    0000025E 00                     659 	.db #0x00	; 0
    0000025F 38                     660 	.db #0x38	; 56	'8'
    00000260 00                     661 	.db #0x00	; 0
    00000261 38                     662 	.db #0x38	; 56	'8'
    00000262 00                     663 	.db #0x00	; 0
    00000263 00                     664 	.db #0x00	; 0
    00000264 00                     665 	.db #0x00	; 0
    00000265 38                     666 	.db #0x38	; 56	'8'
    00000266 00                     667 	.db #0x00	; 0
    00000267 00                     668 	.db #0x00	; 0
    00000268 00                     669 	.db #0x00	; 0
    00000269 00                     670 	.db #0x00	; 0
    0000026A 00                     671 	.db #0x00	; 0
    0000026B 00                     672 	.db #0x00	; 0
    0000026C 00                     673 	.db #0x00	; 0
    0000026D 00                     674 	.db #0x00	; 0
    0000026E 00                     675 	.db #0x00	; 0
    0000026F 00                     676 	.db #0x00	; 0
    00000270 00                     677 	.db #0x00	; 0
    00000271 00                     678 	.db #0x00	; 0
    00000272 00                     679 	.db #0x00	; 0
    00000273 30                     680 	.db #0x30	; 48	'0'
    00000274 00                     681 	.db #0x00	; 0
    00000275 30                     682 	.db #0x30	; 48	'0'
    00000276 00                     683 	.db #0x00	; 0
    00000277 00                     684 	.db #0x00	; 0
    00000278 00                     685 	.db #0x00	; 0
    00000279 00                     686 	.db #0x00	; 0
    0000027A 00                     687 	.db #0x00	; 0
    0000027B 00                     688 	.db #0x00	; 0
    0000027C 00                     689 	.db #0x00	; 0
    0000027D 22                     690 	.db #0x22	; 34
    0000027E 00                     691 	.db #0x00	; 0
    0000027F 14                     692 	.db #0x14	; 20
    00000280 00                     693 	.db #0x00	; 0
    00000281 08                     694 	.db #0x08	; 8
    00000282 00                     695 	.db #0x00	; 0
    00000283 14                     696 	.db #0x14	; 20
    00000284 00                     697 	.db #0x00	; 0
    00000285 22                     698 	.db #0x22	; 34
    00000286 00                     699 	.db #0x00	; 0
    00000287 00                     700 	.db #0x00	; 0
    00000288 00                     701 	.db #0x00	; 0
    00000289 00                     702 	.db #0x00	; 0
    0000028A 18                     703 	.db #0x18	; 24
    0000028B 00                     704 	.db #0x00	; 0
    0000028C 00                     705 	.db #0x00	; 0
    0000028D 18                     706 	.db #0x18	; 24
    0000028E 24                     707 	.db #0x24	; 36
    0000028F 18                     708 	.db #0x18	; 24
    00000290 42                     709 	.db #0x42	; 66	'B'
    00000291 3C                     710 	.db #0x3c	; 60
    00000292 81                     711 	.db #0x81	; 129
    00000293 7E                     712 	.db #0x7e	; 126
    00000294 24                     713 	.db #0x24	; 36
    00000295 5A                     714 	.db #0x5a	; 90	'Z'
    00000296 00                     715 	.db #0x00	; 0
    00000297 18                     716 	.db #0x18	; 24
                                    717 	.area _INITIALIZER
                                    718 	.area _CABS (ABS)
