                                      1 ;--------------------------------------------------------
                                      2 ; File Created by SDCC : free open source ISO C Compiler
                                      3 ; Version 4.5.1 #15267 (Linux)
                                      4 ;--------------------------------------------------------
                                      5 	.module enemy_bullet
                                      6 	
                                      7 ;--------------------------------------------------------
                                      8 ; Public variables in this module
                                      9 ;--------------------------------------------------------
                                     10 	.globl _active_enemybullet_index
                                     11 	.globl _enemybullet_metasprites
                                     12 	.globl _angle
                                     13 	.globl _quadrant
                                     14 	.globl _ACTIVE_ENEMYBULLET_POOL
                                     15 	.globl _ENEMYBULLET_POOL
                                     16 	.globl _enemybullet_bbox
                                     17 	.globl _enemybullet_tile_offset
                                     18 	.globl _dir16_vy
                                     19 	.globl _dir16_vx
                                     20 	.globl _init_enemy_bullets
                                     21 	.globl _add_enemy_bullet
                                     22 	.globl _aim_at_player
                                     23 	.globl _handle_enemy_bullets
                                     24 	.globl _kill_active_enemybullet
                                     25 ;--------------------------------------------------------
                                     26 ; special function registers
                                     27 ;--------------------------------------------------------
                                     28 ;--------------------------------------------------------
                                     29 ; ram data
                                     30 ;--------------------------------------------------------
                                     31 	.area _DATA
    00000000                         32 _ENEMYBULLET_POOL::
    00000000                         33 	.ds 128
    00000080                         34 _ACTIVE_ENEMYBULLET_POOL::
    00000080                         35 	.ds 16
    00000090                         36 _quadrant::
    00000090                         37 	.ds 1
    00000091                         38 _angle::
    00000091                         39 	.ds 1
                                     40 ;--------------------------------------------------------
                                     41 ; ram data
                                     42 ;--------------------------------------------------------
                                     43 	.area _INITIALIZED
    00000000                         44 ___EMU_PROFILER_INIT:
    00000000                         45 	.ds 2
    00000002                         46 _enemybullet_metasprites::
    00000002                         47 	.ds 2
    00000004                         48 _active_enemybullet_index::
    00000004                         49 	.ds 1
                                     50 ;--------------------------------------------------------
                                     51 ; absolute external ram data
                                     52 ;--------------------------------------------------------
                                     53 	.area _DABS (ABS)
                                     54 ;--------------------------------------------------------
                                     55 ; global & static initialisations
                                     56 ;--------------------------------------------------------
                                     57 	.area _HOME
                                     58 	.area _GSINIT
                                     59 	.area _GSFINAL
                                     60 	.area _GSINIT
                                     61 ;--------------------------------------------------------
                                     62 ; Home
                                     63 ;--------------------------------------------------------
                                     64 	.area _HOME
                                     65 	.area _HOME
                                     66 ;--------------------------------------------------------
                                     67 ; code
                                     68 ;--------------------------------------------------------
                                     69 	.area _CODE
                                     70 ;src/enemy_bullet.c:38: void init_enemy_bullets(void){
                                     71 ;	---------------------------------
                                     72 ; Function init_enemy_bullets
                                     73 ; ---------------------------------
    00000000                         74 _init_enemy_bullets::
                                     75 ;src/enemy_bullet.c:39: for (uint8_t i=0; i<MAX_ENEMYBULLETS; i++){
    00000000 0E 00            [ 8]   76 	ld	c, #0x00
    00000002                         77 00103$:
    00000002 79               [ 4]   78 	ld	a, c
    00000003 D6 10            [ 8]   79 	sub	a, #0x10
    00000005 D0               [20]   80 	ret	NC
                                     81 ;src/enemy_bullet.c:40: ENEMYBULLET_POOL[i].isactive = 0;
    00000006 69               [ 4]   82 	ld	l, c
    00000007 AF               [ 4]   83 	xor	a, a
    00000008 67               [ 4]   84 	ld	h, a
    00000009 29               [ 8]   85 	add	hl, hl
    0000000A 29               [ 8]   86 	add	hl, hl
    0000000B 29               [ 8]   87 	add	hl, hl
    0000000C 7D               [ 4]   88 	ld	a, l
    0000000D C6r00            [ 8]   89 	add	a, #<(_ENEMYBULLET_POOL)
    0000000F 5F               [ 4]   90 	ld	e, a
    00000010 7C               [ 4]   91 	ld	a, h
    00000011 CEs00            [ 8]   92 	adc	a, #>(_ENEMYBULLET_POOL)
    00000013 57               [ 4]   93 	ld	d, a
    00000014 21 06 00         [12]   94 	ld	hl, #0x0006
    00000017 19               [ 8]   95 	add	hl, de
    00000018 36 00            [12]   96 	ld	(hl), #0x00
                                     97 ;src/enemy_bullet.c:41: ENEMYBULLET_POOL[i].x = 0;
    0000001A AF               [ 4]   98 	xor	a, a
    0000001B 12               [ 8]   99 	ld	(de), a
                                    100 ;src/enemy_bullet.c:42: ENEMYBULLET_POOL[i].y = 0;
    0000001C 6B               [ 4]  101 	ld	l, e
    0000001D 62               [ 4]  102 	ld	h, d
    0000001E 23               [ 8]  103 	inc	hl
    0000001F 36 00            [12]  104 	ld	(hl), #0x00
                                    105 ;src/enemy_bullet.c:43: ENEMYBULLET_POOL[i].dx = 0;
    00000021 6B               [ 4]  106 	ld	l, e
    00000022 62               [ 4]  107 	ld	h, d
    00000023 23               [ 8]  108 	inc	hl
    00000024 23               [ 8]  109 	inc	hl
    00000025 36 00            [12]  110 	ld	(hl), #0x00
                                    111 ;src/enemy_bullet.c:44: ENEMYBULLET_POOL[i].dy = 0;
    00000027 6B               [ 4]  112 	ld	l, e
    00000028 62               [ 4]  113 	ld	h, d
    00000029 23               [ 8]  114 	inc	hl
    0000002A 23               [ 8]  115 	inc	hl
    0000002B 23               [ 8]  116 	inc	hl
    0000002C 36 00            [12]  117 	ld	(hl), #0x00
                                    118 ;src/enemy_bullet.c:45: ENEMYBULLET_POOL[i].fx = 0;
    0000002E 21 04 00         [12]  119 	ld	hl, #0x0004
    00000031 19               [ 8]  120 	add	hl, de
    00000032 36 00            [12]  121 	ld	(hl), #0x00
                                    122 ;src/enemy_bullet.c:46: ENEMYBULLET_POOL[i].fy = 0;
    00000034 21 05 00         [12]  123 	ld	hl, #0x0005
    00000037 19               [ 8]  124 	add	hl, de
    00000038 36 00            [12]  125 	ld	(hl), #0x00
                                    126 ;src/enemy_bullet.c:47: ENEMYBULLET_POOL[i].type = 0;
    0000003A 21 07 00         [12]  127 	ld	hl, #0x0007
    0000003D 19               [ 8]  128 	add	hl, de
    0000003E 36 00            [12]  129 	ld	(hl), #0x00
                                    130 ;src/enemy_bullet.c:48: ACTIVE_ENEMYBULLET_POOL[i] = 255;
    00000040 21r80r00         [12]  131 	ld	hl, #_ACTIVE_ENEMYBULLET_POOL
    00000043 06 00            [ 8]  132 	ld	b, #0x00
    00000045 09               [ 8]  133 	add	hl, bc
    00000046 36 FF            [12]  134 	ld	(hl), #0xff
                                    135 ;src/enemy_bullet.c:39: for (uint8_t i=0; i<MAX_ENEMYBULLETS; i++){
    00000048 0C               [ 4]  136 	inc	c
                                    137 ;src/enemy_bullet.c:50: }
    00000049 18 B7            [12]  138 	jr	00103$
    0000004B                        139 _dir16_vx:
    0000004B 10                     140 	.db #0x10	;  16
    0000004C 0F                     141 	.db #0x0f	;  15
    0000004D 0B                     142 	.db #0x0b	;  11
    0000004E 06                     143 	.db #0x06	;  6
    0000004F 00                     144 	.db #0x00	;  0
    00000050 10                     145 	.db #0x10	;  16
    00000051 0F                     146 	.db #0x0f	;  15
    00000052 0B                     147 	.db #0x0b	;  11
    00000053 06                     148 	.db #0x06	;  6
    00000054 00                     149 	.db #0x00	;  0
    00000055 F0                     150 	.db #0xf0	; -16
    00000056 F1                     151 	.db #0xf1	; -15
    00000057 F5                     152 	.db #0xf5	; -11
    00000058 FA                     153 	.db #0xfa	; -6
    00000059 00                     154 	.db #0x00	;  0
    0000005A F0                     155 	.db #0xf0	; -16
    0000005B F1                     156 	.db #0xf1	; -15
    0000005C F5                     157 	.db #0xf5	; -11
    0000005D FA                     158 	.db #0xfa	; -6
    0000005E 00                     159 	.db #0x00	;  0
    0000005F                        160 _dir16_vy:
    0000005F 00                     161 	.db #0x00	;  0
    00000060 FA                     162 	.db #0xfa	; -6
    00000061 F5                     163 	.db #0xf5	; -11
    00000062 F1                     164 	.db #0xf1	; -15
    00000063 F0                     165 	.db #0xf0	; -16
    00000064 00                     166 	.db #0x00	;  0
    00000065 06                     167 	.db #0x06	;  6
    00000066 0B                     168 	.db #0x0b	;  11
    00000067 0F                     169 	.db #0x0f	;  15
    00000068 10                     170 	.db #0x10	;  16
    00000069 00                     171 	.db #0x00	;  0
    0000006A FA                     172 	.db #0xfa	; -6
    0000006B F5                     173 	.db #0xf5	; -11
    0000006C F1                     174 	.db #0xf1	; -15
    0000006D F0                     175 	.db #0xf0	; -16
    0000006E 00                     176 	.db #0x00	;  0
    0000006F 06                     177 	.db #0x06	;  6
    00000070 0B                     178 	.db #0x0b	;  11
    00000071 0F                     179 	.db #0x0f	;  15
    00000072 10                     180 	.db #0x10	;  16
    00000073                        181 _enemybullet_tile_offset:
    00000073 30                     182 	.db #0x30	; 48	'0'
    00000074                        183 _enemybullet_bbox:
    00000074 FE                     184 	.db #0xfe	; -2
    00000075 02                     185 	.db #0x02	;  2
    00000076 FE                     186 	.db #0xfe	; -2
    00000077 02                     187 	.db #0x02	;  2
                                    188 ;src/enemy_bullet.c:52: void add_enemy_bullet(uint8_t x, uint8_t y, int8_t dx, int8_t dy, uint8_t type){
                                    189 ;	---------------------------------
                                    190 ; Function add_enemy_bullet
                                    191 ; ---------------------------------
    00000078                        192 _add_enemy_bullet::
    00000078 E8 F8            [16]  193 	add	sp, #-8
    0000007A F8 06            [12]  194 	ldhl	sp,	#6
    0000007C 32               [ 8]  195 	ld	(hl-), a
    0000007D 73               [ 8]  196 	ld	(hl), e
                                    197 ;src/enemy_bullet.c:53: for (uint8_t i=0; i<MAX_ENEMYBULLETS; i++){
    0000007E F8 02            [12]  198 	ldhl	sp,	#2
    00000080 36 00            [12]  199 	ld	(hl), #0x00
    00000082 F8 07            [12]  200 	ldhl	sp,	#7
    00000084 36 00            [12]  201 	ld	(hl), #0x00
    00000086                        202 00105$:
    00000086 F8 07            [12]  203 	ldhl	sp,	#7
    00000088 7E               [ 8]  204 	ld	a, (hl)
    00000089 D6 10            [ 8]  205 	sub	a, #0x10
    0000008B D2r50r01         [16]  206 	jp	NC, 00107$
                                    207 ;src/enemy_bullet.c:54: if (!ENEMYBULLET_POOL[i].isactive){
    0000008E 7E               [ 8]  208 	ld	a, (hl)
    0000008F 16 00            [ 8]  209 	ld	d, #0x00
    00000091 87               [ 4]  210 	add	a, a
    00000092 CB 12            [ 8]  211 	rl	d
    00000094 87               [ 4]  212 	add	a, a
    00000095 CB 12            [ 8]  213 	rl	d
    00000097 87               [ 4]  214 	add	a, a
    00000098 CB 12            [ 8]  215 	rl	d
    0000009A 5F               [ 4]  216 	ld	e, a
    0000009B 21r00r00         [12]  217 	ld	hl, #_ENEMYBULLET_POOL
    0000009E 19               [ 8]  218 	add	hl, de
    0000009F E5               [16]  219 	push	hl
    000000A0 7D               [ 4]  220 	ld	a, l
    000000A1 F8 05            [12]  221 	ldhl	sp,	#5
    000000A3 77               [ 8]  222 	ld	(hl), a
    000000A4 E1               [12]  223 	pop	hl
    000000A5 7C               [ 4]  224 	ld	a, h
    000000A6 F8 04            [12]  225 	ldhl	sp,	#4
    000000A8 32               [ 8]  226 	ld	(hl-), a
    000000A9 2A               [ 8]  227 	ld	a, (hl+)
    000000AA 5F               [ 4]  228 	ld	e, a
    000000AB 56               [ 8]  229 	ld	d, (hl)
    000000AC 21 06 00         [12]  230 	ld	hl, #0x0006
    000000AF 19               [ 8]  231 	add	hl, de
    000000B0 4D               [ 4]  232 	ld	c, l
    000000B1 44               [ 4]  233 	ld	b, h
    000000B2 0A               [ 8]  234 	ld	a, (bc)
    000000B3 B7               [ 4]  235 	or	a, a
    000000B4 C2r46r01         [16]  236 	jp	NZ, 00106$
                                    237 ;src/enemy_bullet.c:55: ENEMYBULLET_POOL[i].isactive = 1;
    000000B7 3E 01            [ 8]  238 	ld	a, #0x01
    000000B9 02               [ 8]  239 	ld	(bc), a
                                    240 ;src/enemy_bullet.c:56: ENEMYBULLET_POOL[i].x = x;
    000000BA F8 03            [12]  241 	ldhl	sp,	#3
    000000BC 2A               [ 8]  242 	ld	a, (hl+)
    000000BD 5F               [ 4]  243 	ld	e, a
    000000BE 2A               [ 8]  244 	ld	a, (hl+)
    000000BF 23               [ 8]  245 	inc	hl
    000000C0 57               [ 4]  246 	ld	d, a
                                    247 ;src/enemy_bullet.c:57: ENEMYBULLET_POOL[i].y = y;
    000000C1 3A               [ 8]  248 	ld	a, (hl-)
    000000C2 2B               [ 8]  249 	dec	hl
    000000C3 2B               [ 8]  250 	dec	hl
    000000C4 12               [ 8]  251 	ld	(de), a
    000000C5 2A               [ 8]  252 	ld	a, (hl+)
    000000C6 5F               [ 4]  253 	ld	e, a
    000000C7 56               [ 8]  254 	ld	d, (hl)
    000000C8 6B               [ 4]  255 	ld	l, e
    000000C9 62               [ 4]  256 	ld	h, d
    000000CA 23               [ 8]  257 	inc	hl
    000000CB 33               [ 8]  258 	inc	sp
    000000CC 33               [ 8]  259 	inc	sp
    000000CD 5D               [ 4]  260 	ld	e, l
    000000CE 54               [ 4]  261 	ld	d, h
    000000CF D5               [16]  262 	push	de
    000000D0 F8 05            [12]  263 	ldhl	sp,	#5
                                    264 ;src/enemy_bullet.c:58: ENEMYBULLET_POOL[i].dx = dx;
    000000D2 3A               [ 8]  265 	ld	a, (hl-)
    000000D3 2B               [ 8]  266 	dec	hl
    000000D4 12               [ 8]  267 	ld	(de), a
    000000D5 2A               [ 8]  268 	ld	a, (hl+)
    000000D6 5F               [ 4]  269 	ld	e, a
    000000D7 56               [ 8]  270 	ld	d, (hl)
    000000D8 21 02 00         [12]  271 	ld	hl, #0x0002
    000000DB 19               [ 8]  272 	add	hl, de
    000000DC 33               [ 8]  273 	inc	sp
    000000DD 33               [ 8]  274 	inc	sp
    000000DE 5D               [ 4]  275 	ld	e, l
    000000DF 54               [ 4]  276 	ld	d, h
    000000E0 D5               [16]  277 	push	de
    000000E1 F8 0A            [12]  278 	ldhl	sp,	#10
    000000E3 7E               [ 8]  279 	ld	a, (hl)
    000000E4 12               [ 8]  280 	ld	(de), a
                                    281 ;src/enemy_bullet.c:59: ENEMYBULLET_POOL[i].dy = dy;
    000000E5 F8 03            [12]  282 	ldhl	sp,#3
    000000E7 2A               [ 8]  283 	ld	a, (hl+)
    000000E8 5F               [ 4]  284 	ld	e, a
    000000E9 56               [ 8]  285 	ld	d, (hl)
    000000EA 21 03 00         [12]  286 	ld	hl, #0x0003
    000000ED 19               [ 8]  287 	add	hl, de
    000000EE 33               [ 8]  288 	inc	sp
    000000EF 33               [ 8]  289 	inc	sp
    000000F0 5D               [ 4]  290 	ld	e, l
    000000F1 54               [ 4]  291 	ld	d, h
    000000F2 D5               [16]  292 	push	de
    000000F3 F8 0B            [12]  293 	ldhl	sp,	#11
    000000F5 7E               [ 8]  294 	ld	a, (hl)
    000000F6 12               [ 8]  295 	ld	(de), a
                                    296 ;src/enemy_bullet.c:60: ENEMYBULLET_POOL[i].fx = 0;
    000000F7 F8 03            [12]  297 	ldhl	sp,#3
    000000F9 2A               [ 8]  298 	ld	a, (hl+)
    000000FA 5F               [ 4]  299 	ld	e, a
    000000FB 56               [ 8]  300 	ld	d, (hl)
    000000FC 21 04 00         [12]  301 	ld	hl, #0x0004
    000000FF 19               [ 8]  302 	add	hl, de
    00000100 33               [ 8]  303 	inc	sp
    00000101 33               [ 8]  304 	inc	sp
    00000102 36 00            [12]  305 	ld	(hl), #0x00
    00000104 E5               [16]  306 	push	hl
                                    307 ;src/enemy_bullet.c:61: ENEMYBULLET_POOL[i].fy = 0;
    00000105 F8 03            [12]  308 	ldhl	sp,#3
    00000107 2A               [ 8]  309 	ld	a, (hl+)
    00000108 5F               [ 4]  310 	ld	e, a
    00000109 56               [ 8]  311 	ld	d, (hl)
    0000010A 21 05 00         [12]  312 	ld	hl, #0x0005
    0000010D 19               [ 8]  313 	add	hl, de
    0000010E 33               [ 8]  314 	inc	sp
    0000010F 33               [ 8]  315 	inc	sp
    00000110 36 00            [12]  316 	ld	(hl), #0x00
    00000112 E5               [16]  317 	push	hl
                                    318 ;src/enemy_bullet.c:62: ENEMYBULLET_POOL[i].type = type;
    00000113 F8 03            [12]  319 	ldhl	sp,#3
    00000115 2A               [ 8]  320 	ld	a, (hl+)
    00000116 5F               [ 4]  321 	ld	e, a
    00000117 56               [ 8]  322 	ld	d, (hl)
    00000118 21 07 00         [12]  323 	ld	hl, #0x0007
    0000011B 19               [ 8]  324 	add	hl, de
    0000011C 33               [ 8]  325 	inc	sp
    0000011D 33               [ 8]  326 	inc	sp
    0000011E 5D               [ 4]  327 	ld	e, l
    0000011F 54               [ 4]  328 	ld	d, h
    00000120 D5               [16]  329 	push	de
    00000121 F8 0C            [12]  330 	ldhl	sp,	#12
    00000123 7E               [ 8]  331 	ld	a, (hl)
    00000124 12               [ 8]  332 	ld	(de), a
                                    333 ;src/enemy_bullet.c:63: ACTIVE_ENEMYBULLET_POOL[active_enemybullet_index++] = i;
    00000125 FAr04r00         [16]  334 	ld	a, (_active_enemybullet_index)
    00000128 5F               [ 4]  335 	ld	e, a
    00000129 21r04r00         [12]  336 	ld	hl, #_active_enemybullet_index
    0000012C 34               [12]  337 	inc	(hl)
    0000012D 16 00            [ 8]  338 	ld	d, #0x00
    0000012F 21r80r00         [12]  339 	ld	hl, #_ACTIVE_ENEMYBULLET_POOL
    00000132 19               [ 8]  340 	add	hl, de
    00000133 E5               [16]  341 	push	hl
    00000134 7D               [ 4]  342 	ld	a, l
    00000135 F8 05            [12]  343 	ldhl	sp,	#5
    00000137 77               [ 8]  344 	ld	(hl), a
    00000138 E1               [12]  345 	pop	hl
    00000139 7C               [ 4]  346 	ld	a, h
    0000013A F8 04            [12]  347 	ldhl	sp,	#4
    0000013C 32               [ 8]  348 	ld	(hl-), a
    0000013D 2A               [ 8]  349 	ld	a, (hl+)
    0000013E 5F               [ 4]  350 	ld	e, a
    0000013F 3A               [ 8]  351 	ld	a, (hl-)
    00000140 2B               [ 8]  352 	dec	hl
    00000141 57               [ 4]  353 	ld	d, a
    00000142 7E               [ 8]  354 	ld	a, (hl)
    00000143 12               [ 8]  355 	ld	(de), a
                                    356 ;src/enemy_bullet.c:64: break;
    00000144 18 0A            [12]  357 	jr	00107$
    00000146                        358 00106$:
                                    359 ;src/enemy_bullet.c:53: for (uint8_t i=0; i<MAX_ENEMYBULLETS; i++){
    00000146 F8 07            [12]  360 	ldhl	sp,	#7
    00000148 34               [12]  361 	inc	(hl)
    00000149 7E               [ 8]  362 	ld	a, (hl)
    0000014A F8 02            [12]  363 	ldhl	sp,	#2
    0000014C 77               [ 8]  364 	ld	(hl), a
    0000014D C3r86r00         [16]  365 	jp	00105$
    00000150                        366 00107$:
                                    367 ;src/enemy_bullet.c:67: }
    00000150 E8 08            [16]  368 	add	sp, #8
    00000152 E1               [12]  369 	pop	hl
    00000153 E8 03            [16]  370 	add	sp, #3
    00000155 E9               [ 4]  371 	jp	(hl)
                                    372 ;src/enemy_bullet.c:69: void aim_at_player(uint8_t x, uint8_t y){
                                    373 ;	---------------------------------
                                    374 ; Function aim_at_player
                                    375 ; ---------------------------------
    00000156                        376 _aim_at_player::
    00000156 4F               [ 4]  377 	ld	c, a
                                    378 ;src/enemy_bullet.c:72: if (PLAYER.px < x){
    00000157 21r06r00         [12]  379 	ld	hl, #_PLAYER + 6
    0000015A 46               [ 8]  380 	ld	b, (hl)
    0000015B 78               [ 4]  381 	ld	a, b
    0000015C 91               [ 4]  382 	sub	a, c
    0000015D 30 0A            [12]  383 	jr	NC, 00102$
                                    384 ;src/enemy_bullet.c:73: adx = x - (PLAYER.px);
    0000015F 79               [ 4]  385 	ld	a, c
    00000160 90               [ 4]  386 	sub	a, b
    00000161 4F               [ 4]  387 	ld	c, a
                                    388 ;src/enemy_bullet.c:74: quadrant = 2;
    00000162 21r90r00         [12]  389 	ld	hl, #_quadrant
    00000165 36 02            [12]  390 	ld	(hl), #0x02
    00000167 18 07            [12]  391 	jr	00103$
    00000169                        392 00102$:
                                    393 ;src/enemy_bullet.c:76: adx = (PLAYER.px) - x;
    00000169 78               [ 4]  394 	ld	a, b
    0000016A 91               [ 4]  395 	sub	a, c
    0000016B 4F               [ 4]  396 	ld	c, a
                                    397 ;src/enemy_bullet.c:77: quadrant = 0;
    0000016C AF               [ 4]  398 	xor	a, a
    0000016D EAr90r00         [16]  399 	ld	(#_quadrant),a
    00000170                        400 00103$:
                                    401 ;src/enemy_bullet.c:79: if (PLAYER.py > y){
    00000170 21r07r00         [12]  402 	ld	hl, #_PLAYER + 7
    00000173 46               [ 8]  403 	ld	b, (hl)
    00000174 7B               [ 4]  404 	ld	a, e
    00000175 90               [ 4]  405 	sub	a, b
    00000176 30 0C            [12]  406 	jr	NC, 00105$
                                    407 ;src/enemy_bullet.c:80: ady = (PLAYER.py) - y;
    00000178 78               [ 4]  408 	ld	a, b
    00000179 93               [ 4]  409 	sub	a, e
    0000017A 47               [ 4]  410 	ld	b, a
                                    411 ;src/enemy_bullet.c:81: quadrant |= 1;
    0000017B 21r90r00         [12]  412 	ld	hl, #_quadrant
    0000017E 7E               [ 8]  413 	ld	a, (hl)
    0000017F F6 01            [ 8]  414 	or	a, #0x01
    00000181 77               [ 8]  415 	ld	(hl), a
    00000182 18 03            [12]  416 	jr	00106$
    00000184                        417 00105$:
                                    418 ;src/enemy_bullet.c:83: ady = y - (PLAYER.py);
    00000184 7B               [ 4]  419 	ld	a, e
    00000185 90               [ 4]  420 	sub	a, b
    00000186 47               [ 4]  421 	ld	b, a
    00000187                        422 00106$:
                                    423 ;src/enemy_bullet.c:88: if (adx >= ady){
                                    424 ;src/enemy_bullet.c:89: temp = adx-ady;
    00000187 79               [ 4]  425 	ld	a,c
    00000188 B8               [ 4]  426 	cp	a,b
    00000189 38 24            [12]  427 	jr	C, 00120$
    0000018B 90               [ 4]  428 	sub	a, b
    0000018C 4F               [ 4]  429 	ld	c, a
                                    430 ;src/enemy_bullet.c:90: if ( temp>>2 > ady){
    0000018D 59               [ 4]  431 	ld	e, c
    0000018E CB 3B            [ 8]  432 	srl	e
    00000190 CB 3B            [ 8]  433 	srl	e
    00000192 78               [ 4]  434 	ld	a, b
    00000193 93               [ 4]  435 	sub	a, e
    00000194 30 05            [12]  436 	jr	NC, 00111$
                                    437 ;src/enemy_bullet.c:91: angle = 0; //Horizontal
    00000196 AF               [ 4]  438 	xor	a, a
    00000197 EAr91r00         [16]  439 	ld	(#_angle),a
    0000019A C9               [16]  440 	ret
    0000019B                        441 00111$:
                                    442 ;src/enemy_bullet.c:92: } else if (temp>>1 > ady>>1){
    0000019B CB 39            [ 8]  443 	srl	c
    0000019D CB 38            [ 8]  444 	srl	b
    0000019F 78               [ 4]  445 	ld	a, b
    000001A0 91               [ 4]  446 	sub	a, c
    000001A1 30 06            [12]  447 	jr	NC, 00108$
                                    448 ;src/enemy_bullet.c:93: angle = 1; //Petit angle
    000001A3 21r91r00         [12]  449 	ld	hl, #_angle
    000001A6 36 01            [12]  450 	ld	(hl), #0x01
    000001A8 C9               [16]  451 	ret
    000001A9                        452 00108$:
                                    453 ;src/enemy_bullet.c:95: angle = 2; //Moyen angle
    000001A9 21r91r00         [12]  454 	ld	hl, #_angle
    000001AC 36 02            [12]  455 	ld	(hl), #0x02
    000001AE C9               [16]  456 	ret
    000001AF                        457 00120$:
                                    458 ;src/enemy_bullet.c:98: temp = ady-adx;
    000001AF 78               [ 4]  459 	ld	a, b
    000001B0 91               [ 4]  460 	sub	a, c
    000001B1 47               [ 4]  461 	ld	b, a
                                    462 ;src/enemy_bullet.c:99: if ( temp>>2 > adx){
    000001B2 58               [ 4]  463 	ld	e, b
    000001B3 CB 3B            [ 8]  464 	srl	e
    000001B5 CB 3B            [ 8]  465 	srl	e
    000001B7 79               [ 4]  466 	ld	a, c
    000001B8 93               [ 4]  467 	sub	a, e
    000001B9 30 06            [12]  468 	jr	NC, 00117$
                                    469 ;src/enemy_bullet.c:100: angle = 4; //Vertical
    000001BB 21r91r00         [12]  470 	ld	hl, #_angle
    000001BE 36 04            [12]  471 	ld	(hl), #0x04
    000001C0 C9               [16]  472 	ret
    000001C1                        473 00117$:
                                    474 ;src/enemy_bullet.c:101: } else if (temp>>1 > adx>>1){
    000001C1 CB 38            [ 8]  475 	srl	b
    000001C3 CB 39            [ 8]  476 	srl	c
    000001C5 79               [ 4]  477 	ld	a, c
    000001C6 90               [ 4]  478 	sub	a, b
    000001C7 30 06            [12]  479 	jr	NC, 00114$
                                    480 ;src/enemy_bullet.c:102: angle = 3; //Grand angle
    000001C9 21r91r00         [12]  481 	ld	hl, #_angle
    000001CC 36 03            [12]  482 	ld	(hl), #0x03
    000001CE C9               [16]  483 	ret
    000001CF                        484 00114$:
                                    485 ;src/enemy_bullet.c:104: angle = 2; //Moyen angle
    000001CF 21r91r00         [12]  486 	ld	hl, #_angle
    000001D2 36 02            [12]  487 	ld	(hl), #0x02
                                    488 ;src/enemy_bullet.c:107: }
    000001D4 C9               [16]  489 	ret
                                    490 ;src/enemy_bullet.c:109: void handle_enemy_bullets(void){
                                    491 ;	---------------------------------
                                    492 ; Function handle_enemy_bullets
                                    493 ; ---------------------------------
    000001D5                        494 _handle_enemy_bullets::
    000001D5 E8 F9            [16]  495 	add	sp, #-7
                                    496 ;src/enemy_bullet.c:110: for (uint8_t j=0; j<active_enemybullet_index; j++){
    000001D7 F8 06            [12]  497 	ldhl	sp,	#6
    000001D9 36 00            [12]  498 	ld	(hl), #0x00
    000001DB                        499 00111$:
    000001DB F8 06            [12]  500 	ldhl	sp,	#6
    000001DD 7E               [ 8]  501 	ld	a, (hl)
    000001DE 21r04r00         [12]  502 	ld	hl, #_active_enemybullet_index
    000001E1 96               [ 8]  503 	sub	a, (hl)
    000001E2 D2rC7r02         [16]  504 	jp	NC, 00113$
                                    505 ;src/enemy_bullet.c:111: uint8_t i = ACTIVE_ENEMYBULLET_POOL[j];
    000001E5 11r80r00         [12]  506 	ld	de, #_ACTIVE_ENEMYBULLET_POOL
    000001E8 F8 06            [12]  507 	ldhl	sp,	#6
    000001EA 6E               [ 8]  508 	ld	l, (hl)
    000001EB 26 00            [ 8]  509 	ld	h, #0x00
    000001ED 19               [ 8]  510 	add	hl, de
    000001EE 4D               [ 4]  511 	ld	c, l
    000001EF 44               [ 4]  512 	ld	b, h
    000001F0 0A               [ 8]  513 	ld	a, (bc)
                                    514 ;src/enemy_bullet.c:113: ENEMYBULLET_POOL[i].x += ENEMYBULLET_POOL[i].dx;
    000001F1 6F               [ 4]  515 	ld	l, a
    000001F2 26 00            [ 8]  516 	ld	h, #0x00
    000001F4 29               [ 8]  517 	add	hl, hl
    000001F5 29               [ 8]  518 	add	hl, hl
    000001F6 29               [ 8]  519 	add	hl, hl
    000001F7 01r00r00         [12]  520 	ld	bc, #_ENEMYBULLET_POOL
    000001FA 09               [ 8]  521 	add	hl, bc
    000001FB E5               [16]  522 	push	hl
    000001FC 7D               [ 4]  523 	ld	a, l
    000001FD F8 04            [12]  524 	ldhl	sp,	#4
    000001FF 77               [ 8]  525 	ld	(hl), a
    00000200 E1               [12]  526 	pop	hl
    00000201 7C               [ 4]  527 	ld	a, h
    00000202 F8 03            [12]  528 	ldhl	sp,	#3
    00000204 32               [ 8]  529 	ld	(hl-), a
    00000205 3A               [ 8]  530 	ld	a, (hl-)
    00000206 2B               [ 8]  531 	dec	hl
    00000207 77               [ 8]  532 	ld	(hl), a
    00000208 F8 03            [12]  533 	ldhl	sp,	#3
    0000020A 3A               [ 8]  534 	ld	a, (hl-)
    0000020B 2B               [ 8]  535 	dec	hl
    0000020C 22               [ 8]  536 	ld	(hl+), a
    0000020D D1               [12]  537 	pop	de
    0000020E D5               [16]  538 	push	de
    0000020F 1A               [ 8]  539 	ld	a, (de)
    00000210 5E               [ 8]  540 	ld	e, (hl)
    00000211 23               [ 8]  541 	inc	hl
    00000212 66               [ 8]  542 	ld	h, (hl)
    00000213 6B               [ 4]  543 	ld	l, e
    00000214 23               [ 8]  544 	inc	hl
    00000215 23               [ 8]  545 	inc	hl
    00000216 4E               [ 8]  546 	ld	c, (hl)
    00000217 81               [ 4]  547 	add	a, c
    00000218 E1               [12]  548 	pop	hl
    00000219 E5               [16]  549 	push	hl
    0000021A 77               [ 8]  550 	ld	(hl), a
                                    551 ;src/enemy_bullet.c:115: ENEMYBULLET_POOL[i].y += ENEMYBULLET_POOL[i].dy;
    0000021B F8 02            [12]  552 	ldhl	sp,#2
    0000021D 2A               [ 8]  553 	ld	a, (hl+)
    0000021E 5F               [ 4]  554 	ld	e, a
    0000021F 56               [ 8]  555 	ld	d, (hl)
    00000220 6B               [ 4]  556 	ld	l, e
    00000221 62               [ 4]  557 	ld	h, d
    00000222 23               [ 8]  558 	inc	hl
    00000223 E5               [16]  559 	push	hl
    00000224 7D               [ 4]  560 	ld	a, l
    00000225 F8 06            [12]  561 	ldhl	sp,	#6
    00000227 77               [ 8]  562 	ld	(hl), a
    00000228 E1               [12]  563 	pop	hl
    00000229 7C               [ 4]  564 	ld	a, h
    0000022A F8 05            [12]  565 	ldhl	sp,	#5
    0000022C 32               [ 8]  566 	ld	(hl-), a
    0000022D 2A               [ 8]  567 	ld	a, (hl+)
    0000022E 5F               [ 4]  568 	ld	e, a
    0000022F 56               [ 8]  569 	ld	d, (hl)
    00000230 1A               [ 8]  570 	ld	a, (de)
    00000231 4F               [ 4]  571 	ld	c, a
    00000232 F8 02            [12]  572 	ldhl	sp,	#2
    00000234 2A               [ 8]  573 	ld	a, (hl+)
    00000235 5F               [ 4]  574 	ld	e, a
    00000236 2A               [ 8]  575 	ld	a, (hl+)
    00000237 57               [ 4]  576 	ld	d, a
    00000238 13               [ 8]  577 	inc	de
    00000239 13               [ 8]  578 	inc	de
    0000023A 13               [ 8]  579 	inc	de
    0000023B 1A               [ 8]  580 	ld	a, (de)
    0000023C 81               [ 4]  581 	add	a, c
    0000023D 5E               [ 8]  582 	ld	e, (hl)
    0000023E 23               [ 8]  583 	inc	hl
    0000023F 66               [ 8]  584 	ld	h, (hl)
    00000240 6B               [ 4]  585 	ld	l, e
    00000241 77               [ 8]  586 	ld	(hl), a
                                    587 ;src/enemy_bullet.c:113: ENEMYBULLET_POOL[i].x += ENEMYBULLET_POOL[i].dx;
    00000242 D1               [12]  588 	pop	de
    00000243 D5               [16]  589 	push	de
    00000244 1A               [ 8]  590 	ld	a, (de)
                                    591 ;src/enemy_bullet.c:117: if(ENEMYBULLET_POOL[i].x < GAMESCREEN_X_ORIGIN ||
    00000245 FE 08            [ 8]  592 	cp	a, #0x08
    00000247 38 12            [12]  593 	jr	C, 00101$
                                    594 ;src/enemy_bullet.c:118: ENEMYBULLET_POOL[i].x > GAMESCREEN_X_END ||
    00000249 FE A9            [ 8]  595 	cp	a, #0xa9
    0000024B 30 0E            [12]  596 	jr	NC, 00101$
                                    597 ;src/enemy_bullet.c:115: ENEMYBULLET_POOL[i].y += ENEMYBULLET_POOL[i].dy;
    0000024D F8 04            [12]  598 	ldhl	sp,#4
    0000024F 2A               [ 8]  599 	ld	a, (hl+)
    00000250 5F               [ 4]  600 	ld	e, a
    00000251 56               [ 8]  601 	ld	d, (hl)
    00000252 1A               [ 8]  602 	ld	a, (de)
                                    603 ;src/enemy_bullet.c:119: ENEMYBULLET_POOL[i].y < GAMESCREEN_Y_ORIGIN ||
    00000253 FE 10            [ 8]  604 	cp	a, #0x10
    00000255 38 04            [12]  605 	jr	C, 00101$
                                    606 ;src/enemy_bullet.c:120: ENEMYBULLET_POOL[i].y > GAMESCREEN_Y_END ){
    00000257 FE 91            [ 8]  607 	cp	a, #0x91
    00000259 38 06            [12]  608 	jr	C, 00102$
    0000025B                        609 00101$:
                                    610 ;src/enemy_bullet.c:121: kill_active_enemybullet(j);
    0000025B F8 06            [12]  611 	ldhl	sp,	#6
    0000025D 7E               [ 8]  612 	ld	a, (hl)
    0000025E CDrCAr02         [24]  613 	call	_kill_active_enemybullet
    00000261                        614 00102$:
                                    615 ;src/enemy_bullet.c:124: if (ENEMYBULLET_POOL[i].isactive){
    00000261 F8 02            [12]  616 	ldhl	sp,#2
    00000263 2A               [ 8]  617 	ld	a, (hl+)
    00000264 5F               [ 4]  618 	ld	e, a
    00000265 56               [ 8]  619 	ld	d, (hl)
    00000266 21 06 00         [12]  620 	ld	hl, #0x0006
    00000269 19               [ 8]  621 	add	hl, de
    0000026A 4D               [ 4]  622 	ld	c, l
    0000026B 44               [ 4]  623 	ld	b, h
    0000026C 0A               [ 8]  624 	ld	a, (bc)
    0000026D B7               [ 4]  625 	or	a, a
    0000026E 28 51            [12]  626 	jr	Z, 00112$
                                    627 ;src/enemy_bullet.c:130: ENEMYBULLET_POOL[i].x, ENEMYBULLET_POOL[i].y);
    00000270 F8 04            [12]  628 	ldhl	sp,#4
    00000272 2A               [ 8]  629 	ld	a, (hl+)
    00000273 5F               [ 4]  630 	ld	e, a
    00000274 3A               [ 8]  631 	ld	a, (hl-)
    00000275 57               [ 4]  632 	ld	d, a
    00000276 1A               [ 8]  633 	ld	a, (de)
    00000277 4F               [ 4]  634 	ld	c, a
    00000278 D1               [12]  635 	pop	de
    00000279 D5               [16]  636 	push	de
    0000027A 1A               [ 8]  637 	ld	a, (de)
    0000027B 77               [ 8]  638 	ld	(hl), a
    0000027C FAr00r00         [16]  639 	ld	a, (#_oam)
    0000027F F8 05            [12]  640 	ldhl	sp,	#5
                                    641 ;src/enemy_bullet.c:128: enemybullet_tile_offset[ENEMYBULLET_POOL[i].type],
    00000281 32               [ 8]  642 	ld	(hl-), a
    00000282 2B               [ 8]  643 	dec	hl
    00000283 2B               [ 8]  644 	dec	hl
    00000284 2A               [ 8]  645 	ld	a, (hl+)
    00000285 5F               [ 4]  646 	ld	e, a
    00000286 56               [ 8]  647 	ld	d, (hl)
    00000287 21 07 00         [12]  648 	ld	hl, #0x0007
    0000028A 19               [ 8]  649 	add	hl, de
    0000028B 5D               [ 4]  650 	ld	e, l
    0000028C 54               [ 4]  651 	ld	d, h
    0000028D 1A               [ 8]  652 	ld	a, (de)
    0000028E 5F               [ 4]  653 	ld	e, a
    0000028F 21r73r00         [12]  654 	ld	hl, #_enemybullet_tile_offset
    00000292 16 00            [ 8]  655 	ld	d, #0x00
    00000294 19               [ 8]  656 	add	hl, de
    00000295 7E               [ 8]  657 	ld	a, (hl)
    00000296 EAr00r00         [16]  658 	ld	(#___current_base_tile),a
                                    659 ;src/enemy_bullet.c:127: enemybullet_metasprites[ENEMYBULLET_POOL[i].type][0],
    00000299 AF               [ 4]  660 	xor	a, a
    0000029A 6B               [ 4]  661 	ld	l, e
    0000029B 67               [ 4]  662 	ld	h, a
    0000029C 29               [ 8]  663 	add	hl, hl
    0000029D 11r02r00         [12]  664 	ld	de, #_enemybullet_metasprites
    000002A0 19               [ 8]  665 	add	hl, de
    000002A1 2A               [ 8]  666 	ld	a,	(hl+)
    000002A2 66               [ 8]  667 	ld	h, (hl)
    000002A3 6F               [ 4]  668 	ld	l, a
    000002A4 2A               [ 8]  669 	ld	a,	(hl+)
    000002A5 66               [ 8]  670 	ld	h, (hl)
                                    671 ;/home/meloni/Lib/gbdk/include/gb/metasprites.h:160: __current_metasprite = metasprite;
    000002A6 5F               [ 4]  672 	ld	e, a
    000002A7 54               [ 4]  673 	ld	d, h
    000002A8 21r00r00         [12]  674 	ld	hl, #___current_metasprite
    000002AB 7B               [ 4]  675 	ld	a, e
    000002AC 22               [ 8]  676 	ld	(hl+), a
    000002AD 72               [ 8]  677 	ld	(hl), d
                                    678 ;/home/meloni/Lib/gbdk/include/gb/metasprites.h:162: __current_base_prop = base_prop;
    000002AE AF               [ 4]  679 	xor	a, a
    000002AF EAr00r00         [16]  680 	ld	(#___current_base_prop),a
                                    681 ;/home/meloni/Lib/gbdk/include/gb/metasprites.h:163: return __move_metasprite(base_sprite, (y << 8) | (uint8_t)x);
    000002B2 41               [ 4]  682 	ld	b, c
    000002B3 F8 04            [12]  683 	ldhl	sp,	#4
    000002B5 2A               [ 8]  684 	ld	a, (hl+)
    000002B6 5F               [ 4]  685 	ld	e, a
    000002B7 50               [ 4]  686 	ld	d, b
    000002B8 7E               [ 8]  687 	ld	a, (hl)
    000002B9 CDr00r00         [24]  688 	call	___move_metasprite
                                    689 ;src/enemy_bullet.c:130: ENEMYBULLET_POOL[i].x, ENEMYBULLET_POOL[i].y);
    000002BC 21r00r00         [12]  690 	ld	hl, #_oam
    000002BF 86               [ 8]  691 	add	a, (hl)
    000002C0 77               [ 8]  692 	ld	(hl), a
    000002C1                        693 00112$:
                                    694 ;src/enemy_bullet.c:110: for (uint8_t j=0; j<active_enemybullet_index; j++){
    000002C1 F8 06            [12]  695 	ldhl	sp,	#6
    000002C3 34               [12]  696 	inc	(hl)
    000002C4 C3rDBr01         [16]  697 	jp	00111$
    000002C7                        698 00113$:
                                    699 ;src/enemy_bullet.c:134: }
    000002C7 E8 07            [16]  700 	add	sp, #7
    000002C9 C9               [16]  701 	ret
                                    702 ;src/enemy_bullet.c:137: void kill_active_enemybullet(uint8_t j){
                                    703 ;	---------------------------------
                                    704 ; Function kill_active_enemybullet
                                    705 ; ---------------------------------
    000002CA                        706 _kill_active_enemybullet::
    000002CA E8 FD            [16]  707 	add	sp, #-3
    000002CC 4F               [ 4]  708 	ld	c, a
                                    709 ;src/enemy_bullet.c:138: uint8_t i = ACTIVE_ENEMYBULLET_POOL[j];
    000002CD 21r80r00         [12]  710 	ld	hl, #_ACTIVE_ENEMYBULLET_POOL
    000002D0 06 00            [ 8]  711 	ld	b, #0x00
    000002D2 09               [ 8]  712 	add	hl, bc
                                    713 ;src/enemy_bullet.c:139: ENEMYBULLET_POOL[i].isactive = 0;
    000002D3 6E               [ 8]  714 	ld	l, (hl)
    000002D4 11r00r00         [12]  715 	ld	de, #_ENEMYBULLET_POOL+0
    000002D7 26 00            [ 8]  716 	ld	h, #0x00
    000002D9 29               [ 8]  717 	add	hl, hl
    000002DA 29               [ 8]  718 	add	hl, hl
    000002DB 29               [ 8]  719 	add	hl, hl
    000002DC 19               [ 8]  720 	add	hl, de
    000002DD 11 06 00         [12]  721 	ld	de, #0x0006
    000002E0 19               [ 8]  722 	add	hl, de
    000002E1 36 00            [12]  723 	ld	(hl), #0x00
                                    724 ;src/enemy_bullet.c:141: for (uint8_t k=j; k<active_enemybullet_index-1; k++){
    000002E3 F8 02            [12]  725 	ldhl	sp,	#2
    000002E5 71               [ 8]  726 	ld	(hl), c
    000002E6                        727 00103$:
    000002E6 FAr04r00         [16]  728 	ld	a, (_active_enemybullet_index)
    000002E9 4F               [ 4]  729 	ld	c, a
    000002EA 06 00            [ 8]  730 	ld	b, #0x00
    000002EC 0B               [ 8]  731 	dec	bc
    000002ED F8 02            [12]  732 	ldhl	sp,	#2
    000002EF 3A               [ 8]  733 	ld	a, (hl-)
    000002F0 2B               [ 8]  734 	dec	hl
    000002F1 22               [ 8]  735 	ld	(hl+), a
    000002F2 AF               [ 4]  736 	xor	a, a
    000002F3 32               [ 8]  737 	ld	(hl-), a
    000002F4 2A               [ 8]  738 	ld	a, (hl+)
    000002F5 91               [ 4]  739 	sub	a, c
    000002F6 7E               [ 8]  740 	ld	a, (hl)
    000002F7 98               [ 4]  741 	sbc	a, b
    000002F8 56               [ 8]  742 	ld	d, (hl)
    000002F9 78               [ 4]  743 	ld	a, b
    000002FA CB 7F            [ 8]  744 	bit	7,a
    000002FC 28 07            [12]  745 	jr	Z, 00122$
    000002FE CB 7A            [ 8]  746 	bit	7, d
    00000300 20 08            [12]  747 	jr	NZ, 00123$
    00000302 BF               [ 4]  748 	cp	a, a
    00000303 18 05            [12]  749 	jr	00123$
    00000305                        750 00122$:
    00000305 CB 7A            [ 8]  751 	bit	7, d
    00000307 28 01            [12]  752 	jr	Z, 00123$
    00000309 37               [ 4]  753 	scf
    0000030A                        754 00123$:
    0000030A 30 1E            [12]  755 	jr	NC, 00101$
                                    756 ;src/enemy_bullet.c:142: ACTIVE_ENEMYBULLET_POOL[k] = ACTIVE_ENEMYBULLET_POOL[k+1];
    0000030C 11r80r00         [12]  757 	ld	de, #_ACTIVE_ENEMYBULLET_POOL
    0000030F F8 02            [12]  758 	ldhl	sp,	#2
    00000311 6E               [ 8]  759 	ld	l, (hl)
    00000312 26 00            [ 8]  760 	ld	h, #0x00
    00000314 19               [ 8]  761 	add	hl, de
    00000315 4D               [ 4]  762 	ld	c, l
    00000316 44               [ 4]  763 	ld	b, h
    00000317 F8 02            [12]  764 	ldhl	sp,	#2
    00000319 7E               [ 8]  765 	ld	a, (hl)
    0000031A 3C               [ 4]  766 	inc	a
    0000031B 5F               [ 4]  767 	ld	e, a
    0000031C 07               [ 4]  768 	rlca
    0000031D 9F               [ 4]  769 	sbc	a, a
    0000031E 57               [ 4]  770 	ld	d, a
    0000031F 21r80r00         [12]  771 	ld	hl, #_ACTIVE_ENEMYBULLET_POOL
    00000322 19               [ 8]  772 	add	hl, de
    00000323 7E               [ 8]  773 	ld	a, (hl)
    00000324 02               [ 8]  774 	ld	(bc), a
                                    775 ;src/enemy_bullet.c:141: for (uint8_t k=j; k<active_enemybullet_index-1; k++){
    00000325 F8 02            [12]  776 	ldhl	sp,	#2
    00000327 34               [12]  777 	inc	(hl)
    00000328 18 BC            [12]  778 	jr	00103$
    0000032A                        779 00101$:
                                    780 ;src/enemy_bullet.c:144: active_enemybullet_index--;
    0000032A 21r04r00         [12]  781 	ld	hl, #_active_enemybullet_index
    0000032D 35               [12]  782 	dec	(hl)
                                    783 ;src/enemy_bullet.c:145: }
    0000032E E8 03            [16]  784 	add	sp, #3
    00000330 C9               [16]  785 	ret
                                    786 	.area _CODE
                                    787 	.area _INITIALIZER
    00000000                        788 __xinit____EMU_PROFILER_INIT:
    00000000r00r00                  789 	.dw _EMU_profiler_message
    00000002                        790 __xinit__enemybullet_metasprites:
    00000002r00r00                  791 	.dw _enemybullet_sprite_metasprites
    00000004                        792 __xinit__active_enemybullet_index:
    00000004 00                     793 	.db #0x00	; 0
                                    794 	.area _CABS (ABS)
