                                      1 ;--------------------------------------------------------
                                      2 ; File Created by SDCC : free open source ISO C Compiler
                                      3 ; Version 4.5.1 #15267 (Linux)
                                      4 ;--------------------------------------------------------
                                      5 	.module ennemy16x16_sprite
                                      6 	
                                      7 ;--------------------------------------------------------
                                      8 ; Public variables in this module
                                      9 ;--------------------------------------------------------
                                     10 	.globl _ennemy16x16_sprite_metasprites
                                     11 	.globl _ennemy16x16_sprite_metasprite1
                                     12 	.globl _ennemy16x16_sprite_metasprite0
                                     13 	.globl _ennemy16x16_sprite_tiles
                                     14 	.globl _ennemy16x16_sprite_palettes
                                     15 	.globl b___func_ennemy16x16_sprite
                                     16 	.globl ___func_ennemy16x16_sprite
                                     17 ;--------------------------------------------------------
                                     18 ; special function registers
                                     19 ;--------------------------------------------------------
                                     20 ;--------------------------------------------------------
                                     21 ; ram data
                                     22 ;--------------------------------------------------------
                                     23 	.area _DATA
                                     24 ;--------------------------------------------------------
                                     25 ; ram data
                                     26 ;--------------------------------------------------------
                                     27 	.area _INITIALIZED
                                     28 ;--------------------------------------------------------
                                     29 ; absolute external ram data
                                     30 ;--------------------------------------------------------
                                     31 	.area _DABS (ABS)
                                     32 ;--------------------------------------------------------
                                     33 ; global & static initialisations
                                     34 ;--------------------------------------------------------
                                     35 	.area _HOME
                                     36 	.area _GSINIT
                                     37 	.area _GSFINAL
                                     38 	.area _GSINIT
                                     39 ;--------------------------------------------------------
                                     40 ; Home
                                     41 ;--------------------------------------------------------
                                     42 	.area _HOME
                                     43 	.area _HOME
                                     44 ;--------------------------------------------------------
                                     45 ; code
                                     46 ;--------------------------------------------------------
                                     47 	.area _CODE
                                     48 ;res/ennemy16x16_sprite.c:7: BANKREF(ennemy16x16_sprite)
                                     49 ;	---------------------------------
                                     50 ; Function __func_ennemy16x16_sprite
                                     51 ; ---------------------------------
                         00000000    52 	b___func_ennemy16x16_sprite	= 0
    00000000                         53 ___func_ennemy16x16_sprite::
                                     54 	.local b___func_ennemy16x16_sprite 
                         00000000    55 	___bank_ennemy16x16_sprite = b___func_ennemy16x16_sprite 
                                     56 	.globl ___bank_ennemy16x16_sprite 
                                     57 	.area _CODE
    00000000                         58 _ennemy16x16_sprite_palettes:
    00000000 FF 7F                   59 	.dw #0x7fff
    00000002 B5 56                   60 	.dw #0x56b5
    00000004 4A 29                   61 	.dw #0x294a
    00000006 00 00                   62 	.dw #0x0000
    00000008                         63 _ennemy16x16_sprite_tiles:
    00000008 07                      64 	.db #0x07	; 7
    00000009 07                      65 	.db #0x07	; 7
    0000000A 1C                      66 	.db #0x1c	; 28
    0000000B 1F                      67 	.db #0x1f	; 31
    0000000C 30                      68 	.db #0x30	; 48	'0'
    0000000D 3F                      69 	.db #0x3f	; 63
    0000000E 67                      70 	.db #0x67	; 103	'g'
    0000000F 78                      71 	.db #0x78	; 120	'x'
    00000010 4F                      72 	.db #0x4f	; 79	'O'
    00000011 70                      73 	.db #0x70	; 112	'p'
    00000012 DF                      74 	.db #0xdf	; 223
    00000013 E7                      75 	.db #0xe7	; 231
    00000014 B8                      76 	.db #0xb8	; 184
    00000015 CF                      77 	.db #0xcf	; 207
    00000016 B4                      78 	.db #0xb4	; 180
    00000017 D8                      79 	.db #0xd8	; 216
    00000018 F0                      80 	.db #0xf0	; 240
    00000019 8F                      81 	.db #0x8f	; 143
    0000001A FF                      82 	.db #0xff	; 255
    0000001B C0                      83 	.db #0xc0	; 192
    0000001C F8                      84 	.db #0xf8	; 248
    0000001D BF                      85 	.db #0xbf	; 191
    0000001E 5F                      86 	.db #0x5f	; 95
    0000001F 7F                      87 	.db #0x7f	; 127
    00000020 67                      88 	.db #0x67	; 103	'g'
    00000021 5F                      89 	.db #0x5f	; 95
    00000022 38                      90 	.db #0x38	; 56	'8'
    00000023 27                      91 	.db #0x27	; 39
    00000024 1C                      92 	.db #0x1c	; 28
    00000025 13                      93 	.db #0x13	; 19
    00000026 0F                      94 	.db #0x0f	; 15
    00000027 0F                      95 	.db #0x0f	; 15
    00000028 E0                      96 	.db #0xe0	; 224
    00000029 E0                      97 	.db #0xe0	; 224
    0000002A 38                      98 	.db #0x38	; 56	'8'
    0000002B F8                      99 	.db #0xf8	; 248
    0000002C 0C                     100 	.db #0x0c	; 12
    0000002D FC                     101 	.db #0xfc	; 252
    0000002E 86                     102 	.db #0x86	; 134
    0000002F 7E                     103 	.db #0x7e	; 126
    00000030 E2                     104 	.db #0xe2	; 226
    00000031 1E                     105 	.db #0x1e	; 30
    00000032 F3                     106 	.db #0xf3	; 243
    00000033 EF                     107 	.db #0xef	; 239
    00000034 19                     108 	.db #0x19	; 25
    00000035 F7                     109 	.db #0xf7	; 247
    00000036 4D                     110 	.db #0x4d	; 77	'M'
    00000037 3B                     111 	.db #0x3b	; 59
    00000038 09                     112 	.db #0x09	; 9
    00000039 F7                     113 	.db #0xf7	; 247
    0000003A E3                     114 	.db #0xe3	; 227
    0000003B 1F                     115 	.db #0x1f	; 31
    0000003C 1D                     116 	.db #0x1d	; 29
    0000003D FF                     117 	.db #0xff	; 255
    0000003E FA                     118 	.db #0xfa	; 250
    0000003F FE                     119 	.db #0xfe	; 254
    00000040 E2                     120 	.db #0xe2	; 226
    00000041 FE                     121 	.db #0xfe	; 254
    00000042 0C                     122 	.db #0x0c	; 12
    00000043 FC                     123 	.db #0xfc	; 252
    00000044 18                     124 	.db #0x18	; 24
    00000045 F8                     125 	.db #0xf8	; 248
    00000046 F0                     126 	.db #0xf0	; 240
    00000047 F0                     127 	.db #0xf0	; 240
    00000048                        128 _ennemy16x16_sprite_metasprite0:
    00000048 F8                     129 	.db #0xf8	; -8
    00000049 FC                     130 	.db #0xfc	; -4
    0000004A 00                     131 	.db #0x00	; 0
    0000004B 00                     132 	.db #0x00	; 0
    0000004C 80                     133 	.db #0x80	; -128
    0000004D 00                     134 	.db #0x00	;  0
    0000004E 00                     135 	.db #0x00	; 0
    0000004F 00                     136 	.db #0x00	; 0
    00000050                        137 _ennemy16x16_sprite_metasprite1:
    00000050 F8                     138 	.db #0xf8	; -8
    00000051 FC                     139 	.db #0xfc	; -4
    00000052 02                     140 	.db #0x02	; 2
    00000053 00                     141 	.db #0x00	; 0
    00000054 80                     142 	.db #0x80	; -128
    00000055 00                     143 	.db #0x00	;  0
    00000056 00                     144 	.db #0x00	; 0
    00000057 00                     145 	.db #0x00	; 0
    00000058                        146 _ennemy16x16_sprite_metasprites:
    00000058r48r00                  147 	.dw _ennemy16x16_sprite_metasprite0
    0000005Ar50r00                  148 	.dw _ennemy16x16_sprite_metasprite1
                                    149 	.area _INITIALIZER
                                    150 	.area _CABS (ABS)
