                                      1 ;--------------------------------------------------------
                                      2 ; File Created by SDCC : free open source ISO C Compiler
                                      3 ; Version 4.5.1 #15267 (Linux)
                                      4 ;--------------------------------------------------------
                                      5 	.module ennemy_3_sprite
                                      6 	
                                      7 ;--------------------------------------------------------
                                      8 ; Public variables in this module
                                      9 ;--------------------------------------------------------
                                     10 	.globl _ennemy_3_sprite_metasprites
                                     11 	.globl _ennemy_3_sprite_metasprite0
                                     12 	.globl _ennemy_3_sprite_tiles
                                     13 	.globl _ennemy_3_sprite_palettes
                                     14 	.globl b___func_ennemy_3_sprite
                                     15 	.globl ___func_ennemy_3_sprite
                                     16 ;--------------------------------------------------------
                                     17 ; special function registers
                                     18 ;--------------------------------------------------------
                                     19 ;--------------------------------------------------------
                                     20 ; ram data
                                     21 ;--------------------------------------------------------
                                     22 	.area _DATA
                                     23 ;--------------------------------------------------------
                                     24 ; ram data
                                     25 ;--------------------------------------------------------
                                     26 	.area _INITIALIZED
                                     27 ;--------------------------------------------------------
                                     28 ; absolute external ram data
                                     29 ;--------------------------------------------------------
                                     30 	.area _DABS (ABS)
                                     31 ;--------------------------------------------------------
                                     32 ; global & static initialisations
                                     33 ;--------------------------------------------------------
                                     34 	.area _HOME
                                     35 	.area _GSINIT
                                     36 	.area _GSFINAL
                                     37 	.area _GSINIT
                                     38 ;--------------------------------------------------------
                                     39 ; Home
                                     40 ;--------------------------------------------------------
                                     41 	.area _HOME
                                     42 	.area _HOME
                                     43 ;--------------------------------------------------------
                                     44 ; code
                                     45 ;--------------------------------------------------------
                                     46 	.area _CODE
                                     47 ;res/ennemy_3_sprite.c:7: BANKREF(ennemy_3_sprite)
                                     48 ;	---------------------------------
                                     49 ; Function __func_ennemy_3_sprite
                                     50 ; ---------------------------------
                         00000000    51 	b___func_ennemy_3_sprite	= 0
    00000000                         52 ___func_ennemy_3_sprite::
                                     53 	.local b___func_ennemy_3_sprite 
                         00000000    54 	___bank_ennemy_3_sprite = b___func_ennemy_3_sprite 
                                     55 	.globl ___bank_ennemy_3_sprite 
                                     56 	.area _CODE
    00000000                         57 _ennemy_3_sprite_palettes:
    00000000 4A 29                   58 	.dw #0x294a
    00000002 FF 7F                   59 	.dw #0x7fff
    00000004 B5 56                   60 	.dw #0x56b5
    00000006 00 00                   61 	.dw #0x0000
    00000008                         62 _ennemy_3_sprite_tiles:
    00000008 07                      63 	.db #0x07	; 7
    00000009 07                      64 	.db #0x07	; 7
    0000000A 1D                      65 	.db #0x1d	; 29
    0000000B 1B                      66 	.db #0x1b	; 27
    0000000C 2A                      67 	.db #0x2a	; 42
    0000000D 35                      68 	.db #0x35	; 53	'5'
    0000000E 55                      69 	.db #0x55	; 85	'U'
    0000000F 6A                      70 	.db #0x6a	; 106	'j'
    00000010 6B                      71 	.db #0x6b	; 107	'k'
    00000011 57                      72 	.db #0x57	; 87	'W'
    00000012 D7                      73 	.db #0xd7	; 215
    00000013 AC                      74 	.db #0xac	; 172
    00000014 AE                      75 	.db #0xae	; 174
    00000015 D9                      76 	.db #0xd9	; 217
    00000016 FF                      77 	.db #0xff	; 255
    00000017 B9                      78 	.db #0xb9	; 185
    00000018 FE                      79 	.db #0xfe	; 254
    00000019 C9                      80 	.db #0xc9	; 201
    0000001A DF                      81 	.db #0xdf	; 223
    0000001B A8                      82 	.db #0xa8	; 168
    0000001C FF                      83 	.db #0xff	; 255
    0000001D 84                      84 	.db #0x84	; 132
    0000001E 57                      85 	.db #0x57	; 87	'W'
    0000001F 6B                      86 	.db #0x6b	; 107	'k'
    00000020 7F                      87 	.db #0x7f	; 127
    00000021 41                      88 	.db #0x41	; 65	'A'
    00000022 35                      89 	.db #0x35	; 53	'5'
    00000023 2B                      90 	.db #0x2b	; 43
    00000024 1E                      91 	.db #0x1e	; 30
    00000025 19                      92 	.db #0x19	; 25
    00000026 07                      93 	.db #0x07	; 7
    00000027 07                      94 	.db #0x07	; 7
    00000028 E0                      95 	.db #0xe0	; 224
    00000029 E0                      96 	.db #0xe0	; 224
    0000002A 38                      97 	.db #0x38	; 56	'8'
    0000002B D8                      98 	.db #0xd8	; 216
    0000002C 8C                      99 	.db #0x8c	; 140
    0000002D F4                     100 	.db #0xf4	; 244
    0000002E C2                     101 	.db #0xc2	; 194
    0000002F BE                     102 	.db #0xbe	; 190
    00000030 E6                     103 	.db #0xe6	; 230
    00000031 DA                     104 	.db #0xda	; 218
    00000032 31                     105 	.db #0x31	; 49	'1'
    00000033 EF                     106 	.db #0xef	; 239
    00000034 1B                     107 	.db #0x1b	; 27
    00000035 F5                     108 	.db #0xf5	; 245
    00000036 91                     109 	.db #0x91	; 145
    00000037 FF                     110 	.db #0xff	; 255
    00000038 9F                     111 	.db #0x9f	; 159
    00000039 FD                     112 	.db #0xfd	; 253
    0000003A 97                     113 	.db #0x97	; 151
    0000003B 7F                     114 	.db #0x7f	; 127
    0000003C EB                     115 	.db #0xeb	; 235
    0000003D 3F                     116 	.db #0x3f	; 63
    0000003E D6                     117 	.db #0xd6	; 214
    0000003F FE                     118 	.db #0xfe	; 254
    00000040 AA                     119 	.db #0xaa	; 170
    00000041 FE                     120 	.db #0xfe	; 254
    00000042 54                     121 	.db #0x54	; 84	'T'
    00000043 FC                     122 	.db #0xfc	; 252
    00000044 B8                     123 	.db #0xb8	; 184
    00000045 F8                     124 	.db #0xf8	; 248
    00000046 E0                     125 	.db #0xe0	; 224
    00000047 E0                     126 	.db #0xe0	; 224
    00000048                        127 _ennemy_3_sprite_metasprite0:
    00000048 F8                     128 	.db #0xf8	; -8
    00000049 F8                     129 	.db #0xf8	; -8
    0000004A 00                     130 	.db #0x00	; 0
    0000004B 00                     131 	.db #0x00	; 0
    0000004C 00                     132 	.db #0x00	;  0
    0000004D 08                     133 	.db #0x08	;  8
    0000004E 02                     134 	.db #0x02	; 2
    0000004F 00                     135 	.db #0x00	; 0
    00000050 80                     136 	.db #0x80	; -128
    00000051 00                     137 	.db #0x00	;  0
    00000052 00                     138 	.db #0x00	; 0
    00000053 00                     139 	.db #0x00	; 0
    00000054                        140 _ennemy_3_sprite_metasprites:
    00000054r48r00                  141 	.dw _ennemy_3_sprite_metasprite0
                                    142 	.area _INITIALIZER
                                    143 	.area _CABS (ABS)
