                                      1 ;--------------------------------------------------------
                                      2 ; File Created by SDCC : free open source ISO C Compiler
                                      3 ; Version 4.5.1 #15267 (Linux)
                                      4 ;--------------------------------------------------------
                                      5 	.module ennemylargebullet_sprite
                                      6 	
                                      7 ;--------------------------------------------------------
                                      8 ; Public variables in this module
                                      9 ;--------------------------------------------------------
                                     10 	.globl _ennemylargebullet_sprite_metasprites
                                     11 	.globl _ennemylargebullet_sprite_metasprite0
                                     12 	.globl _ennemylargebullet_sprite_tiles
                                     13 	.globl _ennemylargebullet_sprite_palettes
                                     14 	.globl b___func_ennemylargebullet_sprite
                                     15 	.globl ___func_ennemylargebullet_sprite
                                     16 ;--------------------------------------------------------
                                     17 ; special function registers
                                     18 ;--------------------------------------------------------
                                     19 ;--------------------------------------------------------
                                     20 ; ram data
                                     21 ;--------------------------------------------------------
                                     22 	.area _DATA
                                     23 ;--------------------------------------------------------
                                     24 ; ram data
                                     25 ;--------------------------------------------------------
                                     26 	.area _INITIALIZED
                                     27 ;--------------------------------------------------------
                                     28 ; absolute external ram data
                                     29 ;--------------------------------------------------------
                                     30 	.area _DABS (ABS)
                                     31 ;--------------------------------------------------------
                                     32 ; global & static initialisations
                                     33 ;--------------------------------------------------------
                                     34 	.area _HOME
                                     35 	.area _GSINIT
                                     36 	.area _GSFINAL
                                     37 	.area _GSINIT
                                     38 ;--------------------------------------------------------
                                     39 ; Home
                                     40 ;--------------------------------------------------------
                                     41 	.area _HOME
                                     42 	.area _HOME
                                     43 ;--------------------------------------------------------
                                     44 ; code
                                     45 ;--------------------------------------------------------
                                     46 	.area _CODE
                                     47 ;res/ennemylargebullet_sprite.c:7: BANKREF(ennemylargebullet_sprite)
                                     48 ;	---------------------------------
                                     49 ; Function __func_ennemylargebullet_sprite
                                     50 ; ---------------------------------
                         00000000    51 	b___func_ennemylargebullet_sprite	= 0
    00000000                         52 ___func_ennemylargebullet_sprite::
                                     53 	.local b___func_ennemylargebullet_sprite 
                         00000000    54 	___bank_ennemylargebullet_sprite = b___func_ennemylargebullet_sprite 
                                     55 	.globl ___bank_ennemylargebullet_sprite 
                                     56 	.area _CODE
    00000000                         57 _ennemylargebullet_sprite_palettes:
    00000000 4A 29                   58 	.dw #0x294a
    00000002 FF 7F                   59 	.dw #0x7fff
    00000004 B5 56                   60 	.dw #0x56b5
    00000006 00 00                   61 	.dw #0x0000
    00000008                         62 _ennemylargebullet_sprite_tiles:
    00000008 0B                      63 	.db #0x0b	; 11
    00000009 07                      64 	.db #0x07	; 7
    0000000A 2C                      65 	.db #0x2c	; 44
    0000000B 1F                      66 	.db #0x1f	; 31
    0000000C 50                      67 	.db #0x50	; 80	'P'
    0000000D 3F                      68 	.db #0x3f	; 63
    0000000E 22                      69 	.db #0x22	; 34
    0000000F 7D                      70 	.db #0x7d	; 125
    00000010 C5                      71 	.db #0xc5	; 197
    00000011 7A                      72 	.db #0x7a	; 122	'z'
    00000012 4B                      73 	.db #0x4b	; 75	'K'
    00000013 F4                      74 	.db #0xf4	; 244
    00000014 97                      75 	.db #0x97	; 151
    00000015 E8                      76 	.db #0xe8	; 232
    00000016 8F                      77 	.db #0x8f	; 143
    00000017 F0                      78 	.db #0xf0	; 240
    00000018 8F                      79 	.db #0x8f	; 143
    00000019 F0                      80 	.db #0xf0	; 240
    0000001A 97                      81 	.db #0x97	; 151
    0000001B E8                      82 	.db #0xe8	; 232
    0000001C 4B                      83 	.db #0x4b	; 75	'K'
    0000001D F4                      84 	.db #0xf4	; 244
    0000001E C5                      85 	.db #0xc5	; 197
    0000001F 7A                      86 	.db #0x7a	; 122	'z'
    00000020 22                      87 	.db #0x22	; 34
    00000021 7D                      88 	.db #0x7d	; 125
    00000022 50                      89 	.db #0x50	; 80	'P'
    00000023 3F                      90 	.db #0x3f	; 63
    00000024 2C                      91 	.db #0x2c	; 44
    00000025 1F                      92 	.db #0x1f	; 31
    00000026 0B                      93 	.db #0x0b	; 11
    00000027 07                      94 	.db #0x07	; 7
    00000028 D0                      95 	.db #0xd0	; 208
    00000029 E0                      96 	.db #0xe0	; 224
    0000002A 34                      97 	.db #0x34	; 52	'4'
    0000002B F8                      98 	.db #0xf8	; 248
    0000002C 0A                      99 	.db #0x0a	; 10
    0000002D FC                     100 	.db #0xfc	; 252
    0000002E 44                     101 	.db #0x44	; 68	'D'
    0000002F BE                     102 	.db #0xbe	; 190
    00000030 A3                     103 	.db #0xa3	; 163
    00000031 5E                     104 	.db #0x5e	; 94
    00000032 D2                     105 	.db #0xd2	; 210
    00000033 2F                     106 	.db #0x2f	; 47
    00000034 E9                     107 	.db #0xe9	; 233
    00000035 17                     108 	.db #0x17	; 23
    00000036 F1                     109 	.db #0xf1	; 241
    00000037 0F                     110 	.db #0x0f	; 15
    00000038 F1                     111 	.db #0xf1	; 241
    00000039 0F                     112 	.db #0x0f	; 15
    0000003A E9                     113 	.db #0xe9	; 233
    0000003B 17                     114 	.db #0x17	; 23
    0000003C D2                     115 	.db #0xd2	; 210
    0000003D 2F                     116 	.db #0x2f	; 47
    0000003E A3                     117 	.db #0xa3	; 163
    0000003F 5E                     118 	.db #0x5e	; 94
    00000040 44                     119 	.db #0x44	; 68	'D'
    00000041 BE                     120 	.db #0xbe	; 190
    00000042 0A                     121 	.db #0x0a	; 10
    00000043 FC                     122 	.db #0xfc	; 252
    00000044 34                     123 	.db #0x34	; 52	'4'
    00000045 F8                     124 	.db #0xf8	; 248
    00000046 D0                     125 	.db #0xd0	; 208
    00000047 E0                     126 	.db #0xe0	; 224
    00000048                        127 _ennemylargebullet_sprite_metasprite0:
    00000048 F8                     128 	.db #0xf8	; -8
    00000049 F8                     129 	.db #0xf8	; -8
    0000004A 00                     130 	.db #0x00	; 0
    0000004B 00                     131 	.db #0x00	; 0
    0000004C 00                     132 	.db #0x00	;  0
    0000004D 08                     133 	.db #0x08	;  8
    0000004E 02                     134 	.db #0x02	; 2
    0000004F 00                     135 	.db #0x00	; 0
    00000050 80                     136 	.db #0x80	; -128
    00000051 00                     137 	.db #0x00	;  0
    00000052 00                     138 	.db #0x00	; 0
    00000053 00                     139 	.db #0x00	; 0
    00000054                        140 _ennemylargebullet_sprite_metasprites:
    00000054r48r00                  141 	.dw _ennemylargebullet_sprite_metasprite0
                                    142 	.area _INITIALIZER
                                    143 	.area _CABS (ABS)
