                                      1 ;--------------------------------------------------------
                                      2 ; File Created by SDCC : free open source ISO C Compiler
                                      3 ; Version 4.5.1 #15267 (Linux)
                                      4 ;--------------------------------------------------------
                                      5 	.module ennemy_2_sprite
                                      6 	
                                      7 ;--------------------------------------------------------
                                      8 ; Public variables in this module
                                      9 ;--------------------------------------------------------
                                     10 	.globl _ennemy_2_sprite_metasprites
                                     11 	.globl _ennemy_2_sprite_metasprite0
                                     12 	.globl _ennemy_2_sprite_tiles
                                     13 	.globl _ennemy_2_sprite_palettes
                                     14 	.globl b___func_ennemy_2_sprite
                                     15 	.globl ___func_ennemy_2_sprite
                                     16 ;--------------------------------------------------------
                                     17 ; special function registers
                                     18 ;--------------------------------------------------------
                                     19 ;--------------------------------------------------------
                                     20 ; ram data
                                     21 ;--------------------------------------------------------
                                     22 	.area _DATA
                                     23 ;--------------------------------------------------------
                                     24 ; ram data
                                     25 ;--------------------------------------------------------
                                     26 	.area _INITIALIZED
                                     27 ;--------------------------------------------------------
                                     28 ; absolute external ram data
                                     29 ;--------------------------------------------------------
                                     30 	.area _DABS (ABS)
                                     31 ;--------------------------------------------------------
                                     32 ; global & static initialisations
                                     33 ;--------------------------------------------------------
                                     34 	.area _HOME
                                     35 	.area _GSINIT
                                     36 	.area _GSFINAL
                                     37 	.area _GSINIT
                                     38 ;--------------------------------------------------------
                                     39 ; Home
                                     40 ;--------------------------------------------------------
                                     41 	.area _HOME
                                     42 	.area _HOME
                                     43 ;--------------------------------------------------------
                                     44 ; code
                                     45 ;--------------------------------------------------------
                                     46 	.area _CODE
                                     47 ;res/ennemy_2_sprite.c:7: BANKREF(ennemy_2_sprite)
                                     48 ;	---------------------------------
                                     49 ; Function __func_ennemy_2_sprite
                                     50 ; ---------------------------------
                         00000000    51 	b___func_ennemy_2_sprite	= 0
    00000000                         52 ___func_ennemy_2_sprite::
                                     53 	.local b___func_ennemy_2_sprite 
                         00000000    54 	___bank_ennemy_2_sprite = b___func_ennemy_2_sprite 
                                     55 	.globl ___bank_ennemy_2_sprite 
                                     56 	.area _CODE
    00000000                         57 _ennemy_2_sprite_palettes:
    00000000 4A 29                   58 	.dw #0x294a
    00000002 FF 7F                   59 	.dw #0x7fff
    00000004 B5 56                   60 	.dw #0x56b5
    00000006 00 00                   61 	.dw #0x0000
    00000008                         62 _ennemy_2_sprite_tiles:
    00000008 0F                      63 	.db #0x0f	; 15
    00000009 0F                      64 	.db #0x0f	; 15
    0000000A 1A                      65 	.db #0x1a	; 26
    0000000B 15                      66 	.db #0x15	; 21
    0000000C 35                      67 	.db #0x35	; 53	'5'
    0000000D 2A                      68 	.db #0x2a	; 42
    0000000E 6B                      69 	.db #0x6b	; 107	'k'
    0000000F 55                      70 	.db #0x55	; 85	'U'
    00000010 97                      71 	.db #0x97	; 151
    00000011 E9                      72 	.db #0xe9	; 233
    00000012 A9                      73 	.db #0xa9	; 169
    00000013 D6                      74 	.db #0xd6	; 214
    00000014 90                      75 	.db #0x90	; 144
    00000015 EF                      76 	.db #0xef	; 239
    00000016 A8                      77 	.db #0xa8	; 168
    00000017 D7                      78 	.db #0xd7	; 215
    00000018 F0                      79 	.db #0xf0	; 240
    00000019 EF                      80 	.db #0xef	; 239
    0000001A AA                      81 	.db #0xaa	; 170
    0000001B F5                      82 	.db #0xf5	; 245
    0000001C D5                      83 	.db #0xd5	; 213
    0000001D FA                      84 	.db #0xfa	; 250
    0000001E AF                      85 	.db #0xaf	; 175
    0000001F FF                      86 	.db #0xff	; 255
    00000020 50                      87 	.db #0x50	; 80	'P'
    00000021 7F                      88 	.db #0x7f	; 127
    00000022 20                      89 	.db #0x20	; 32
    00000023 3F                      90 	.db #0x3f	; 63
    00000024 10                      91 	.db #0x10	; 16
    00000025 1F                      92 	.db #0x1f	; 31
    00000026 0F                      93 	.db #0x0f	; 15
    00000027 0F                      94 	.db #0x0f	; 15
    00000028 F0                      95 	.db #0xf0	; 240
    00000029 F0                      96 	.db #0xf0	; 240
    0000002A 38                      97 	.db #0x38	; 56	'8'
    0000002B C8                      98 	.db #0xc8	; 200
    0000002C 9C                      99 	.db #0x9c	; 156
    0000002D 64                     100 	.db #0x64	; 100	'd'
    0000002E CE                     101 	.db #0xce	; 206
    0000002F B2                     102 	.db #0xb2	; 178
    00000030 E7                     103 	.db #0xe7	; 231
    00000031 99                     104 	.db #0x99	; 153
    00000032 AB                     105 	.db #0xab	; 171
    00000033 55                     106 	.db #0x55	; 85	'U'
    00000034 2B                     107 	.db #0x2b	; 43
    00000035 D5                     108 	.db #0xd5	; 213
    00000036 1B                     109 	.db #0x1b	; 27
    00000037 E5                     110 	.db #0xe5	; 229
    00000038 1B                     111 	.db #0x1b	; 27
    00000039 E5                     112 	.db #0xe5	; 229
    0000003A AB                     113 	.db #0xab	; 171
    0000003B 55                     114 	.db #0x55	; 85	'U'
    0000003C 57                     115 	.db #0x57	; 87	'W'
    0000003D A9                     116 	.db #0xa9	; 169
    0000003E EF                     117 	.db #0xef	; 239
    0000003F F1                     118 	.db #0xf1	; 241
    00000040 0E                     119 	.db #0x0e	; 14
    00000041 F2                     120 	.db #0xf2	; 242
    00000042 0C                     121 	.db #0x0c	; 12
    00000043 F4                     122 	.db #0xf4	; 244
    00000044 08                     123 	.db #0x08	; 8
    00000045 F8                     124 	.db #0xf8	; 248
    00000046 F0                     125 	.db #0xf0	; 240
    00000047 F0                     126 	.db #0xf0	; 240
    00000048                        127 _ennemy_2_sprite_metasprite0:
    00000048 F8                     128 	.db #0xf8	; -8
    00000049 F8                     129 	.db #0xf8	; -8
    0000004A 00                     130 	.db #0x00	; 0
    0000004B 00                     131 	.db #0x00	; 0
    0000004C 00                     132 	.db #0x00	;  0
    0000004D 08                     133 	.db #0x08	;  8
    0000004E 02                     134 	.db #0x02	; 2
    0000004F 00                     135 	.db #0x00	; 0
    00000050 80                     136 	.db #0x80	; -128
    00000051 00                     137 	.db #0x00	;  0
    00000052 00                     138 	.db #0x00	; 0
    00000053 00                     139 	.db #0x00	; 0
    00000054                        140 _ennemy_2_sprite_metasprites:
    00000054r48r00                  141 	.dw _ennemy_2_sprite_metasprite0
                                    142 	.area _INITIALIZER
                                    143 	.area _CABS (ABS)
