                                      1 ;--------------------------------------------------------
                                      2 ; File Created by SDCC : free open source ISO C Compiler
                                      3 ; Version 4.5.1 #15267 (Linux)
                                      4 ;--------------------------------------------------------
                                      5 	.module ennemy_1_sprite
                                      6 	
                                      7 ;--------------------------------------------------------
                                      8 ; Public variables in this module
                                      9 ;--------------------------------------------------------
                                     10 	.globl _ennemy_1_sprite_metasprites
                                     11 	.globl _ennemy_1_sprite_metasprite0
                                     12 	.globl _ennemy_1_sprite_tiles
                                     13 	.globl _ennemy_1_sprite_palettes
                                     14 	.globl b___func_ennemy_1_sprite
                                     15 	.globl ___func_ennemy_1_sprite
                                     16 ;--------------------------------------------------------
                                     17 ; special function registers
                                     18 ;--------------------------------------------------------
                                     19 ;--------------------------------------------------------
                                     20 ; ram data
                                     21 ;--------------------------------------------------------
                                     22 	.area _DATA
                                     23 ;--------------------------------------------------------
                                     24 ; ram data
                                     25 ;--------------------------------------------------------
                                     26 	.area _INITIALIZED
                                     27 ;--------------------------------------------------------
                                     28 ; absolute external ram data
                                     29 ;--------------------------------------------------------
                                     30 	.area _DABS (ABS)
                                     31 ;--------------------------------------------------------
                                     32 ; global & static initialisations
                                     33 ;--------------------------------------------------------
                                     34 	.area _HOME
                                     35 	.area _GSINIT
                                     36 	.area _GSFINAL
                                     37 	.area _GSINIT
                                     38 ;--------------------------------------------------------
                                     39 ; Home
                                     40 ;--------------------------------------------------------
                                     41 	.area _HOME
                                     42 	.area _HOME
                                     43 ;--------------------------------------------------------
                                     44 ; code
                                     45 ;--------------------------------------------------------
                                     46 	.area _CODE
                                     47 ;res/ennemy_1_sprite.c:7: BANKREF(ennemy_1_sprite)
                                     48 ;	---------------------------------
                                     49 ; Function __func_ennemy_1_sprite
                                     50 ; ---------------------------------
                         00000000    51 	b___func_ennemy_1_sprite	= 0
    00000000                         52 ___func_ennemy_1_sprite::
                                     53 	.local b___func_ennemy_1_sprite 
                         00000000    54 	___bank_ennemy_1_sprite = b___func_ennemy_1_sprite 
                                     55 	.globl ___bank_ennemy_1_sprite 
                                     56 	.area _CODE
    00000000                         57 _ennemy_1_sprite_palettes:
    00000000 4A 29                   58 	.dw #0x294a
    00000002 FF 7F                   59 	.dw #0x7fff
    00000004 B5 56                   60 	.dw #0x56b5
    00000006 00 00                   61 	.dw #0x0000
    00000008                         62 _ennemy_1_sprite_tiles:
    00000008 08                      63 	.db #0x08	; 8
    00000009 14                      64 	.db #0x14	; 20
    0000000A 1C                      65 	.db #0x1c	; 28
    0000000B 22                      66 	.db #0x22	; 34
    0000000C 14                      67 	.db #0x14	; 20
    0000000D 3E                      68 	.db #0x3e	; 62
    0000000E 17                      69 	.db #0x17	; 23
    0000000F 1F                      70 	.db #0x1f	; 31
    00000010 18                      71 	.db #0x18	; 24
    00000011 1F                      72 	.db #0x1f	; 31
    00000012 7A                      73 	.db #0x7a	; 122	'z'
    00000013 75                      74 	.db #0x75	; 117	'u'
    00000014 8A                      75 	.db #0x8a	; 138
    00000015 F5                      76 	.db #0xf5	; 245
    00000016 CA                      77 	.db #0xca	; 202
    00000017 B5                      78 	.db #0xb5	; 181
    00000018 69                      79 	.db #0x69	; 105	'i'
    00000019 56                      80 	.db #0x56	; 86	'V'
    0000001A 34                      81 	.db #0x34	; 52	'4'
    0000001B 2B                      82 	.db #0x2b	; 43
    0000001C 1A                      83 	.db #0x1a	; 26
    0000001D 1D                      84 	.db #0x1d	; 29
    0000001E 15                      85 	.db #0x15	; 21
    0000001F 1E                      86 	.db #0x1e	; 30
    00000020 17                      87 	.db #0x17	; 23
    00000021 1F                      88 	.db #0x1f	; 31
    00000022 1C                      89 	.db #0x1c	; 28
    00000023 0C                      90 	.db #0x0c	; 12
    00000024 0C                      91 	.db #0x0c	; 12
    00000025 04                      92 	.db #0x04	; 4
    00000026 00                      93 	.db #0x00	; 0
    00000027 00                      94 	.db #0x00	; 0
    00000028 10                      95 	.db #0x10	; 16
    00000029 28                      96 	.db #0x28	; 40
    0000002A 38                      97 	.db #0x38	; 56	'8'
    0000002B 44                      98 	.db #0x44	; 68	'D'
    0000002C 28                      99 	.db #0x28	; 40
    0000002D 7C                     100 	.db #0x7c	; 124
    0000002E E8                     101 	.db #0xe8	; 232
    0000002F F8                     102 	.db #0xf8	; 248
    00000030 18                     103 	.db #0x18	; 24
    00000031 F8                     104 	.db #0xf8	; 248
    00000032 1E                     105 	.db #0x1e	; 30
    00000033 EE                     106 	.db #0xee	; 238
    00000034 11                     107 	.db #0x11	; 17
    00000035 EF                     108 	.db #0xef	; 239
    00000036 11                     109 	.db #0x11	; 17
    00000037 EF                     110 	.db #0xef	; 239
    00000038 92                     111 	.db #0x92	; 146
    00000039 6E                     112 	.db #0x6e	; 110	'n'
    0000003A 24                     113 	.db #0x24	; 36
    0000003B DC                     114 	.db #0xdc	; 220
    0000003C B8                     115 	.db #0xb8	; 184
    0000003D 58                     116 	.db #0x58	; 88	'X'
    0000003E 68                     117 	.db #0x68	; 104	'h'
    0000003F B8                     118 	.db #0xb8	; 184
    00000040 E8                     119 	.db #0xe8	; 232
    00000041 F8                     120 	.db #0xf8	; 248
    00000042 38                     121 	.db #0x38	; 56	'8'
    00000043 30                     122 	.db #0x30	; 48	'0'
    00000044 30                     123 	.db #0x30	; 48	'0'
    00000045 20                     124 	.db #0x20	; 32
    00000046 00                     125 	.db #0x00	; 0
    00000047 00                     126 	.db #0x00	; 0
    00000048                        127 _ennemy_1_sprite_metasprite0:
    00000048 F8                     128 	.db #0xf8	; -8
    00000049 F8                     129 	.db #0xf8	; -8
    0000004A 00                     130 	.db #0x00	; 0
    0000004B 00                     131 	.db #0x00	; 0
    0000004C 00                     132 	.db #0x00	;  0
    0000004D 08                     133 	.db #0x08	;  8
    0000004E 02                     134 	.db #0x02	; 2
    0000004F 00                     135 	.db #0x00	; 0
    00000050 80                     136 	.db #0x80	; -128
    00000051 00                     137 	.db #0x00	;  0
    00000052 00                     138 	.db #0x00	; 0
    00000053 00                     139 	.db #0x00	; 0
    00000054                        140 _ennemy_1_sprite_metasprites:
    00000054r48r00                  141 	.dw _ennemy_1_sprite_metasprite0
                                    142 	.area _INITIALIZER
                                    143 	.area _CABS (ABS)
