                                      1 ;--------------------------------------------------------
                                      2 ; File Created by SDCC : free open source ISO C Compiler
                                      3 ; Version 4.5.1 #15267 (Linux)
                                      4 ;--------------------------------------------------------
                                      5 	.module explosion
                                      6 	
                                      7 ;--------------------------------------------------------
                                      8 ; Public variables in this module
                                      9 ;--------------------------------------------------------
                                     10 	.globl _queue_end
                                     11 	.globl _queue_start
                                     12 	.globl _EXPLOSIONS
                                     13 	.globl _init_explosions
                                     14 	.globl _add_exploision
                                     15 	.globl _handle_explosions
                                     16 ;--------------------------------------------------------
                                     17 ; special function registers
                                     18 ;--------------------------------------------------------
                                     19 ;--------------------------------------------------------
                                     20 ; ram data
                                     21 ;--------------------------------------------------------
                                     22 	.area _DATA
    00000000                         23 _EXPLOSIONS::
    00000000                         24 	.ds 24
                                     25 ;--------------------------------------------------------
                                     26 ; ram data
                                     27 ;--------------------------------------------------------
                                     28 	.area _INITIALIZED
    00000000                         29 ___EMU_PROFILER_INIT:
    00000000                         30 	.ds 2
    00000002                         31 _queue_start::
    00000002                         32 	.ds 1
    00000003                         33 _queue_end::
    00000003                         34 	.ds 1
                                     35 ;--------------------------------------------------------
                                     36 ; absolute external ram data
                                     37 ;--------------------------------------------------------
                                     38 	.area _DABS (ABS)
                                     39 ;--------------------------------------------------------
                                     40 ; global & static initialisations
                                     41 ;--------------------------------------------------------
                                     42 	.area _HOME
                                     43 	.area _GSINIT
                                     44 	.area _GSFINAL
                                     45 	.area _GSINIT
                                     46 ;--------------------------------------------------------
                                     47 ; Home
                                     48 ;--------------------------------------------------------
                                     49 	.area _HOME
                                     50 	.area _HOME
                                     51 ;--------------------------------------------------------
                                     52 ; code
                                     53 ;--------------------------------------------------------
                                     54 	.area _CODE
                                     55 ;src/explosion.c:7: void init_explosions(void){
                                     56 ;	---------------------------------
                                     57 ; Function init_explosions
                                     58 ; ---------------------------------
    00000000                         59 _init_explosions::
                                     60 ;src/explosion.c:8: for (uint8_t i=0; i<MAX_EXPLOSIONS; i++){
    00000000 0E 00            [ 8]   61 	ld	c, #0x00
    00000002                         62 00103$:
    00000002 79               [ 4]   63 	ld	a, c
    00000003 D6 08            [ 8]   64 	sub	a, #0x08
    00000005 D0               [20]   65 	ret	NC
                                     66 ;src/explosion.c:9: EXPLOSIONS[i].px = 0;
    00000006 06 00            [ 8]   67 	ld	b, #0x00
    00000008 69               [ 4]   68 	ld	l, c
    00000009 60               [ 4]   69 	ld	h, b
    0000000A 29               [ 8]   70 	add	hl, hl
    0000000B 09               [ 8]   71 	add	hl, bc
    0000000C 11r00r00         [12]   72 	ld	de, #_EXPLOSIONS
    0000000F 19               [ 8]   73 	add	hl, de
    00000010 36 00            [12]   74 	ld	(hl), #0x00
                                     75 ;src/explosion.c:10: EXPLOSIONS[i].py = 0;
    00000012 5D               [ 4]   76 	ld	e, l
    00000013 54               [ 4]   77 	ld	d, h
                                     78 ;src/explosion.c:11: EXPLOSIONS[i].framecount = 0;
    00000014 23               [ 8]   79 	inc	hl
    00000015 23               [ 8]   80 	inc	hl
    00000016 13               [ 8]   81 	inc	de
    00000017 AF               [ 4]   82 	xor	a, a
    00000018 12               [ 8]   83 	ld	(de), a
    00000019 36 00            [12]   84 	ld	(hl), #0x00
                                     85 ;src/explosion.c:8: for (uint8_t i=0; i<MAX_EXPLOSIONS; i++){
    0000001B 0C               [ 4]   86 	inc	c
                                     87 ;src/explosion.c:13: }
    0000001C 18 E4            [12]   88 	jr	00103$
                                     89 ;src/explosion.c:14: void add_exploision(uint8_t x, uint8_t y){
                                     90 ;	---------------------------------
                                     91 ; Function add_exploision
                                     92 ; ---------------------------------
    0000001E                         93 _add_exploision::
    0000001E 3B               [ 8]   94 	dec	sp
    0000001F 3B               [ 8]   95 	dec	sp
    00000020 F8 01            [12]   96 	ldhl	sp,	#1
    00000022 32               [ 8]   97 	ld	(hl-), a
    00000023 73               [ 8]   98 	ld	(hl), e
                                     99 ;src/explosion.c:15: EXPLOSIONS[queue_end].px = x;
    00000024 21r03r00         [12]  100 	ld	hl, #_queue_end
    00000027 4E               [ 8]  101 	ld	c, (hl)
    00000028 06 00            [ 8]  102 	ld	b, #0x00
    0000002A 69               [ 4]  103 	ld	l, c
    0000002B 60               [ 4]  104 	ld	h, b
    0000002C 29               [ 8]  105 	add	hl, hl
    0000002D 09               [ 8]  106 	add	hl, bc
    0000002E 01r00r00         [12]  107 	ld	bc, #_EXPLOSIONS
    00000031 09               [ 8]  108 	add	hl, bc
    00000032 4D               [ 4]  109 	ld	c, l
    00000033 44               [ 4]  110 	ld	b, h
    00000034 F8 01            [12]  111 	ldhl	sp,	#1
    00000036 7E               [ 8]  112 	ld	a, (hl)
    00000037 02               [ 8]  113 	ld	(bc), a
                                    114 ;src/explosion.c:16: EXPLOSIONS[queue_end].py = y;
    00000038 21r03r00         [12]  115 	ld	hl, #_queue_end
    0000003B 4E               [ 8]  116 	ld	c, (hl)
    0000003C 06 00            [ 8]  117 	ld	b, #0x00
    0000003E 69               [ 4]  118 	ld	l, c
    0000003F 60               [ 4]  119 	ld	h, b
    00000040 29               [ 8]  120 	add	hl, hl
    00000041 09               [ 8]  121 	add	hl, bc
    00000042 01r00r00         [12]  122 	ld	bc, #_EXPLOSIONS
    00000045 09               [ 8]  123 	add	hl, bc
    00000046 23               [ 8]  124 	inc	hl
    00000047 4D               [ 4]  125 	ld	c, l
    00000048 44               [ 4]  126 	ld	b, h
    00000049 F8 00            [12]  127 	ldhl	sp,	#0
    0000004B 7E               [ 8]  128 	ld	a, (hl)
    0000004C 02               [ 8]  129 	ld	(bc), a
                                    130 ;src/explosion.c:17: EXPLOSIONS[queue_end].framecount = NB_EXPLOSION_FRAME;
    0000004D 21r03r00         [12]  131 	ld	hl, #_queue_end
    00000050 4E               [ 8]  132 	ld	c, (hl)
    00000051 06 00            [ 8]  133 	ld	b, #0x00
    00000053 69               [ 4]  134 	ld	l, c
    00000054 60               [ 4]  135 	ld	h, b
    00000055 29               [ 8]  136 	add	hl, hl
    00000056 09               [ 8]  137 	add	hl, bc
    00000057 01r00r00         [12]  138 	ld	bc, #_EXPLOSIONS
    0000005A 09               [ 8]  139 	add	hl, bc
    0000005B 23               [ 8]  140 	inc	hl
    0000005C 23               [ 8]  141 	inc	hl
    0000005D 36 20            [12]  142 	ld	(hl), #0x20
                                    143 ;src/explosion.c:18: queue_end = (queue_end+1)%MAX_EXPLOSIONS;
    0000005F FAr03r00         [16]  144 	ld	a, (_queue_end)
    00000062 16 00            [ 8]  145 	ld	d, #0x00
    00000064 5F               [ 4]  146 	ld	e, a
    00000065 13               [ 8]  147 	inc	de
    00000066 01 08 00         [12]  148 	ld	bc, #0x0008
    00000069 CDr00r00         [24]  149 	call	__modsint
    0000006C 21r03r00         [12]  150 	ld	hl, #_queue_end
    0000006F 71               [ 8]  151 	ld	(hl), c
                                    152 ;src/explosion.c:19: }
    00000070 33               [ 8]  153 	inc	sp
    00000071 33               [ 8]  154 	inc	sp
    00000072 C9               [16]  155 	ret
                                    156 ;src/explosion.c:21: void handle_explosions(void){
                                    157 ;	---------------------------------
                                    158 ; Function handle_explosions
                                    159 ; ---------------------------------
    00000073                        160 _handle_explosions::
    00000073 E8 FD            [16]  161 	add	sp, #-3
                                    162 ;src/explosion.c:22: uint8_t i=queue_start;
    00000075 FAr02r00         [16]  163 	ld	a, (_queue_start)
    00000078 4F               [ 4]  164 	ld	c, a
                                    165 ;src/explosion.c:23: while (i != queue_end){
    00000079                        166 00104$:
    00000079 FAr03r00         [16]  167 	ld	a, (#_queue_end)
    0000007C 91               [ 4]  168 	sub	a, c
    0000007D 28 73            [12]  169 	jr	Z, 00108$
                                    170 ;src/explosion.c:24: if (EXPLOSIONS[i].framecount){
    0000007F 06 00            [ 8]  171 	ld	b, #0x00
    00000081 69               [ 4]  172 	ld	l, c
    00000082 60               [ 4]  173 	ld	h, b
    00000083 29               [ 8]  174 	add	hl, hl
    00000084 09               [ 8]  175 	add	hl, bc
    00000085 11r00r00         [12]  176 	ld	de, #_EXPLOSIONS
    00000088 19               [ 8]  177 	add	hl, de
    00000089 5D               [ 4]  178 	ld	e, l
    0000008A 54               [ 4]  179 	ld	d, h
    0000008B 13               [ 8]  180 	inc	de
    0000008C 13               [ 8]  181 	inc	de
    0000008D 1A               [ 8]  182 	ld	a, (de)
    0000008E B7               [ 4]  183 	or	a, a
    0000008F 28 51            [12]  184 	jr	Z, 00102$
                                    185 ;src/explosion.c:25: EXPLOSIONS[i].framecount--;
    00000091 3D               [ 4]  186 	dec	a
    00000092 47               [ 4]  187 	ld	b, a
    00000093 12               [ 8]  188 	ld	(de), a
                                    189 ;src/explosion.c:28: EXPLOSIONS[i].px, EXPLOSIONS[i].py);
    00000094 5D               [ 4]  190 	ld	e, l
    00000095 54               [ 4]  191 	ld	d, h
    00000096 13               [ 8]  192 	inc	de
    00000097 1A               [ 8]  193 	ld	a, (de)
    00000098 E5               [16]  194 	push	hl
    00000099 F8 02            [12]  195 	ldhl	sp,	#2
    0000009B 77               [ 8]  196 	ld	(hl), a
    0000009C E1               [12]  197 	pop	hl
    0000009D 7E               [ 8]  198 	ld	a, (hl)
    0000009E F8 01            [12]  199 	ldhl	sp,	#1
    000000A0 77               [ 8]  200 	ld	(hl), a
    000000A1 FAr00r00         [16]  201 	ld	a, (#_oam)
    000000A4 F8 02            [12]  202 	ldhl	sp,	#2
    000000A6 77               [ 8]  203 	ld	(hl), a
                                    204 ;src/explosion.c:26: oam+=move_metasprite_ex(explosion_sprite_metasprites[(EXPLOSIONS[i].framecount & 24)>>3],
    000000A7 78               [ 4]  205 	ld	a, b
    000000A8 E6 18            [ 8]  206 	and	a, #0x18
    000000AA 6F               [ 4]  207 	ld	l, a
    000000AB 26 00            [ 8]  208 	ld	h, #0x00
    000000AD CB 2C            [ 8]  209 	sra	h
    000000AF CB 1D            [ 8]  210 	rr	l
    000000B1 CB 2C            [ 8]  211 	sra	h
    000000B3 CB 1D            [ 8]  212 	rr	l
    000000B5 CB 2C            [ 8]  213 	sra	h
    000000B7 CB 1D            [ 8]  214 	rr	l
    000000B9 29               [ 8]  215 	add	hl, hl
    000000BA 11r00r00         [12]  216 	ld	de, #_explosion_sprite_metasprites
    000000BD 19               [ 8]  217 	add	hl, de
    000000BE 2A               [ 8]  218 	ld	a, (hl+)
    000000BF 46               [ 8]  219 	ld	b, (hl)
                                    220 ;/home/meloni/Lib/gbdk/include/gb/metasprites.h:160: __current_metasprite = metasprite;
    000000C0 21r00r00         [12]  221 	ld	hl, #___current_metasprite
    000000C3 22               [ 8]  222 	ld	(hl+), a
    000000C4 70               [ 8]  223 	ld	(hl), b
                                    224 ;/home/meloni/Lib/gbdk/include/gb/metasprites.h:161: __current_base_tile = base_tile;
    000000C5 21r00r00         [12]  225 	ld	hl, #___current_base_tile
    000000C8 36 70            [12]  226 	ld	(hl), #0x70
                                    227 ;/home/meloni/Lib/gbdk/include/gb/metasprites.h:162: __current_base_prop = base_prop;
    000000CA AF               [ 4]  228 	xor	a, a
    000000CB EAr00r00         [16]  229 	ld	(#___current_base_prop),a
                                    230 ;/home/meloni/Lib/gbdk/include/gb/metasprites.h:163: return __move_metasprite(base_sprite, (y << 8) | (uint8_t)x);
    000000CE F8 00            [12]  231 	ldhl	sp,	#0
    000000D0 2A               [ 8]  232 	ld	a, (hl+)
    000000D1 57               [ 4]  233 	ld	d, a
    000000D2 2A               [ 8]  234 	ld	a, (hl+)
    000000D3 47               [ 4]  235 	ld	b, a
    000000D4 58               [ 4]  236 	ld	e, b
    000000D5 C5               [16]  237 	push	bc
    000000D6 7E               [ 8]  238 	ld	a, (hl)
    000000D7 CDr00r00         [24]  239 	call	___move_metasprite
    000000DA C1               [12]  240 	pop	bc
                                    241 ;src/explosion.c:28: EXPLOSIONS[i].px, EXPLOSIONS[i].py);
    000000DB 21r00r00         [12]  242 	ld	hl, #_oam
    000000DE 86               [ 8]  243 	add	a, (hl)
    000000DF 77               [ 8]  244 	ld	(hl), a
    000000E0 18 04            [12]  245 	jr	00103$
    000000E2                        246 00102$:
                                    247 ;src/explosion.c:30: queue_start = i;
    000000E2 21r02r00         [12]  248 	ld	hl, #_queue_start
    000000E5 71               [ 8]  249 	ld	(hl), c
    000000E6                        250 00103$:
                                    251 ;src/explosion.c:32: i = (i+1)%MAX_EXPLOSIONS;
    000000E6 16 00            [ 8]  252 	ld	d, #0x00
    000000E8 59               [ 4]  253 	ld	e, c
    000000E9 13               [ 8]  254 	inc	de
    000000EA 01 08 00         [12]  255 	ld	bc, #0x0008
    000000ED CDr00r00         [24]  256 	call	__modsint
    000000F0 18 87            [12]  257 	jr	00104$
    000000F2                        258 00108$:
                                    259 ;src/explosion.c:34: }
    000000F2 E8 03            [16]  260 	add	sp, #3
    000000F4 C9               [16]  261 	ret
                                    262 	.area _CODE
                                    263 	.area _INITIALIZER
    00000000                        264 __xinit____EMU_PROFILER_INIT:
    00000000r00r00                  265 	.dw _EMU_profiler_message
    00000002                        266 __xinit__queue_start:
    00000002 00                     267 	.db #0x00	; 0
    00000003                        268 __xinit__queue_end:
    00000003 00                     269 	.db #0x00	; 0
                                    270 	.area _CABS (ABS)
