                                      1 ;--------------------------------------------------------
                                      2 ; File Created by SDCC : free open source ISO C Compiler
                                      3 ; Version 4.5.1 #15267 (Linux)
                                      4 ;--------------------------------------------------------
                                      5 	.module explosion_sprite
                                      6 	
                                      7 ;--------------------------------------------------------
                                      8 ; Public variables in this module
                                      9 ;--------------------------------------------------------
                                     10 	.globl _explosion_sprite_metasprites
                                     11 	.globl _explosion_sprite_metasprite3
                                     12 	.globl _explosion_sprite_metasprite2
                                     13 	.globl _explosion_sprite_metasprite1
                                     14 	.globl _explosion_sprite_metasprite0
                                     15 	.globl _explosion_sprite_tiles
                                     16 	.globl _explosion_sprite_palettes
                                     17 	.globl b___func_explosion_sprite
                                     18 	.globl ___func_explosion_sprite
                                     19 ;--------------------------------------------------------
                                     20 ; special function registers
                                     21 ;--------------------------------------------------------
                                     22 ;--------------------------------------------------------
                                     23 ; ram data
                                     24 ;--------------------------------------------------------
                                     25 	.area _DATA
                                     26 ;--------------------------------------------------------
                                     27 ; ram data
                                     28 ;--------------------------------------------------------
                                     29 	.area _INITIALIZED
                                     30 ;--------------------------------------------------------
                                     31 ; absolute external ram data
                                     32 ;--------------------------------------------------------
                                     33 	.area _DABS (ABS)
                                     34 ;--------------------------------------------------------
                                     35 ; global & static initialisations
                                     36 ;--------------------------------------------------------
                                     37 	.area _HOME
                                     38 	.area _GSINIT
                                     39 	.area _GSFINAL
                                     40 	.area _GSINIT
                                     41 ;--------------------------------------------------------
                                     42 ; Home
                                     43 ;--------------------------------------------------------
                                     44 	.area _HOME
                                     45 	.area _HOME
                                     46 ;--------------------------------------------------------
                                     47 ; code
                                     48 ;--------------------------------------------------------
                                     49 	.area _CODE
                                     50 ;res/explosion_sprite.c:7: BANKREF(explosion_sprite)
                                     51 ;	---------------------------------
                                     52 ; Function __func_explosion_sprite
                                     53 ; ---------------------------------
                         00000000    54 	b___func_explosion_sprite	= 0
    00000000                         55 ___func_explosion_sprite::
                                     56 	.local b___func_explosion_sprite 
                         00000000    57 	___bank_explosion_sprite = b___func_explosion_sprite 
                                     58 	.globl ___bank_explosion_sprite 
                                     59 	.area _CODE
    00000000                         60 _explosion_sprite_palettes:
    00000000 4A 29                   61 	.dw #0x294a
    00000002 FF 7F                   62 	.dw #0x7fff
    00000004 B5 56                   63 	.dw #0x56b5
    00000006 00 00                   64 	.dw #0x0000
    00000008                         65 _explosion_sprite_tiles:
    00000008 08                      66 	.db #0x08	; 8
    00000009 0C                      67 	.db #0x0c	; 12
    0000000A 42                      68 	.db #0x42	; 66	'B'
    0000000B 6C                      69 	.db #0x6c	; 108	'l'
    0000000C 2A                      70 	.db #0x2a	; 42
    0000000D 44                      71 	.db #0x44	; 68	'D'
    0000000E 00                      72 	.db #0x00	; 0
    0000000F 00                      73 	.db #0x00	; 0
    00000010 80                      74 	.db #0x80	; 128
    00000011 C0                      75 	.db #0xc0	; 192
    00000012 40                      76 	.db #0x40	; 64
    00000013 80                      77 	.db #0x80	; 128
    00000014 00                      78 	.db #0x00	; 0
    00000015 00                      79 	.db #0x00	; 0
    00000016 80                      80 	.db #0x80	; 128
    00000017 00                      81 	.db #0x00	; 0
    00000018 00                      82 	.db #0x00	; 0
    00000019 00                      83 	.db #0x00	; 0
    0000001A 40                      84 	.db #0x40	; 64
    0000001B 80                      85 	.db #0x80	; 128
    0000001C 80                      86 	.db #0x80	; 128
    0000001D C0                      87 	.db #0xc0	; 192
    0000001E 00                      88 	.db #0x00	; 0
    0000001F 00                      89 	.db #0x00	; 0
    00000020 28                      90 	.db #0x28	; 40
    00000021 40                      91 	.db #0x40	; 64
    00000022 44                      92 	.db #0x44	; 68	'D'
    00000023 68                      93 	.db #0x68	; 104	'h'
    00000024 0A                      94 	.db #0x0a	; 10
    00000025 0D                      95 	.db #0x0d	; 13
    00000026 01                      96 	.db #0x01	; 1
    00000027 01                      97 	.db #0x01	; 1
    00000028 40                      98 	.db #0x40	; 64
    00000029 40                      99 	.db #0x40	; 64
    0000002A 90                     100 	.db #0x90	; 144
    0000002B 70                     101 	.db #0x70	; 112	'p'
    0000002C CA                     102 	.db #0xca	; 202
    0000002D 26                     103 	.db #0x26	; 38
    0000002E 04                     104 	.db #0x04	; 4
    0000002F 00                     105 	.db #0x00	; 0
    00000030 00                     106 	.db #0x00	; 0
    00000031 00                     107 	.db #0x00	; 0
    00000032 0A                     108 	.db #0x0a	; 10
    00000033 06                     109 	.db #0x06	; 6
    00000034 04                     110 	.db #0x04	; 4
    00000035 02                     111 	.db #0x02	; 2
    00000036 01                     112 	.db #0x01	; 1
    00000037 03                     113 	.db #0x03	; 3
    00000038 00                     114 	.db #0x00	; 0
    00000039 00                     115 	.db #0x00	; 0
    0000003A 00                     116 	.db #0x00	; 0
    0000003B 00                     117 	.db #0x00	; 0
    0000003C 00                     118 	.db #0x00	; 0
    0000003D 00                     119 	.db #0x00	; 0
    0000003E 00                     120 	.db #0x00	; 0
    0000003F 00                     121 	.db #0x00	; 0
    00000040 0A                     122 	.db #0x0a	; 10
    00000041 06                     123 	.db #0x06	; 6
    00000042 14                     124 	.db #0x14	; 20
    00000043 08                     125 	.db #0x08	; 8
    00000044 08                     126 	.db #0x08	; 8
    00000045 88                     127 	.db #0x88	; 136
    00000046 00                     128 	.db #0x00	; 0
    00000047 80                     129 	.db #0x80	; 128
    00000048 0D                     130 	.db #0x0d	; 13
    00000049 0D                     131 	.db #0x0d	; 13
    0000004A 20                     132 	.db #0x20	; 32
    0000004B 3F                     133 	.db #0x3f	; 63
    0000004C 4A                     134 	.db #0x4a	; 74	'J'
    0000004D 75                     135 	.db #0x75	; 117	'u'
    0000004E 91                     136 	.db #0x91	; 145
    0000004F EE                     137 	.db #0xee	; 238
    00000050 AC                     138 	.db #0xac	; 172
    00000051 D3                     139 	.db #0xd3	; 211
    00000052 97                     140 	.db #0x97	; 151
    00000053 E8                     141 	.db #0xe8	; 232
    00000054 2F                     142 	.db #0x2f	; 47
    00000055 50                     143 	.db #0x50	; 80	'P'
    00000056 97                     144 	.db #0x97	; 151
    00000057 E8                     145 	.db #0xe8	; 232
    00000058 2F                     146 	.db #0x2f	; 47
    00000059 50                     147 	.db #0x50	; 80	'P'
    0000005A 97                     148 	.db #0x97	; 151
    0000005B E8                     149 	.db #0xe8	; 232
    0000005C AD                     150 	.db #0xad	; 173
    0000005D D2                     151 	.db #0xd2	; 210
    0000005E 0B                     152 	.db #0x0b	; 11
    0000005F 14                     153 	.db #0x14	; 20
    00000060 45                     154 	.db #0x45	; 69	'E'
    00000061 4A                     155 	.db #0x4a	; 74	'J'
    00000062 12                     156 	.db #0x12	; 18
    00000063 1D                     157 	.db #0x1d	; 29
    00000064 08                     158 	.db #0x08	; 8
    00000065 0F                     159 	.db #0x0f	; 15
    00000066 02                     160 	.db #0x02	; 2
    00000067 03                     161 	.db #0x03	; 3
    00000068 10                     162 	.db #0x10	; 16
    00000069 70                     163 	.db #0x70	; 112	'p'
    0000006A 08                     164 	.db #0x08	; 8
    0000006B F8                     165 	.db #0xf8	; 248
    0000006C A4                     166 	.db #0xa4	; 164
    0000006D 5C                     167 	.db #0x5c	; 92
    0000006E B2                     168 	.db #0xb2	; 178
    0000006F 4E                     169 	.db #0x4e	; 78	'N'
    00000070 C2                     170 	.db #0xc2	; 194
    00000071 3E                     171 	.db #0x3e	; 62
    00000072 A9                     172 	.db #0xa9	; 169
    00000073 57                     173 	.db #0x57	; 87	'W'
    00000074 D0                     174 	.db #0xd0	; 208
    00000075 2E                     175 	.db #0x2e	; 46
    00000076 A9                     176 	.db #0xa9	; 169
    00000077 57                     177 	.db #0x57	; 87	'W'
    00000078 D0                     178 	.db #0xd0	; 208
    00000079 2C                     179 	.db #0x2c	; 44
    0000007A EA                     180 	.db #0xea	; 234
    0000007B 16                     181 	.db #0x16	; 22
    0000007C F2                     182 	.db #0xf2	; 242
    0000007D 0E                     183 	.db #0x0e	; 14
    0000007E DA                     184 	.db #0xda	; 218
    0000007F 26                     185 	.db #0x26	; 38
    00000080 E6                     186 	.db #0xe6	; 230
    00000081 1E                     187 	.db #0x1e	; 30
    00000082 AC                     188 	.db #0xac	; 172
    00000083 54                     189 	.db #0x54	; 84	'T'
    00000084 08                     190 	.db #0x08	; 8
    00000085 F8                     191 	.db #0xf8	; 248
    00000086 60                     192 	.db #0x60	; 96
    00000087 E0                     193 	.db #0xe0	; 224
    00000088 01                     194 	.db #0x01	; 1
    00000089 01                     195 	.db #0x01	; 1
    0000008A 0E                     196 	.db #0x0e	; 14
    0000008B 0F                     197 	.db #0x0f	; 15
    0000008C 10                     198 	.db #0x10	; 16
    0000008D 1F                     199 	.db #0x1f	; 31
    0000008E 20                     200 	.db #0x20	; 32
    0000008F 3F                     201 	.db #0x3f	; 63
    00000090 42                     202 	.db #0x42	; 66	'B'
    00000091 7D                     203 	.db #0x7d	; 125
    00000092 45                     204 	.db #0x45	; 69	'E'
    00000093 7A                     205 	.db #0x7a	; 122	'z'
    00000094 4B                     206 	.db #0x4b	; 75	'K'
    00000095 74                     207 	.db #0x74	; 116	't'
    00000096 57                     208 	.db #0x57	; 87	'W'
    00000097 68                     209 	.db #0x68	; 104	'h'
    00000098 4B                     210 	.db #0x4b	; 75	'K'
    00000099 74                     211 	.db #0x74	; 116	't'
    0000009A 47                     212 	.db #0x47	; 71	'G'
    0000009B 78                     213 	.db #0x78	; 120	'x'
    0000009C 4A                     214 	.db #0x4a	; 74	'J'
    0000009D 75                     215 	.db #0x75	; 117	'u'
    0000009E 25                     216 	.db #0x25	; 37
    0000009F 3A                     217 	.db #0x3a	; 58
    000000A0 10                     218 	.db #0x10	; 16
    000000A1 1F                     219 	.db #0x1f	; 31
    000000A2 0F                     220 	.db #0x0f	; 15
    000000A3 0F                     221 	.db #0x0f	; 15
    000000A4 00                     222 	.db #0x00	; 0
    000000A5 00                     223 	.db #0x00	; 0
    000000A6 00                     224 	.db #0x00	; 0
    000000A7 00                     225 	.db #0x00	; 0
    000000A8 00                     226 	.db #0x00	; 0
    000000A9 00                     227 	.db #0x00	; 0
    000000AA E0                     228 	.db #0xe0	; 224
    000000AB E0                     229 	.db #0xe0	; 224
    000000AC 30                     230 	.db #0x30	; 48	'0'
    000000AD F0                     231 	.db #0xf0	; 240
    000000AE 10                     232 	.db #0x10	; 16
    000000AF F0                     233 	.db #0xf0	; 240
    000000B0 8C                     234 	.db #0x8c	; 140
    000000B1 7C                     235 	.db #0x7c	; 124
    000000B2 44                     236 	.db #0x44	; 68	'D'
    000000B3 BC                     237 	.db #0xbc	; 188
    000000B4 A4                     238 	.db #0xa4	; 164
    000000B5 5C                     239 	.db #0x5c	; 92
    000000B6 C2                     240 	.db #0xc2	; 194
    000000B7 3E                     241 	.db #0x3e	; 62
    000000B8 A2                     242 	.db #0xa2	; 162
    000000B9 5E                     243 	.db #0x5e	; 94
    000000BA 52                     244 	.db #0x52	; 82	'R'
    000000BB AE                     245 	.db #0xae	; 174
    000000BC AA                     246 	.db #0xaa	; 170
    000000BD 56                     247 	.db #0x56	; 86	'V'
    000000BE 42                     248 	.db #0x42	; 66	'B'
    000000BF BE                     249 	.db #0xbe	; 190
    000000C0 04                     250 	.db #0x04	; 4
    000000C1 E4                     251 	.db #0xe4	; 228
    000000C2 1C                     252 	.db #0x1c	; 28
    000000C3 FC                     253 	.db #0xfc	; 252
    000000C4 E0                     254 	.db #0xe0	; 224
    000000C5 E0                     255 	.db #0xe0	; 224
    000000C6 00                     256 	.db #0x00	; 0
    000000C7 00                     257 	.db #0x00	; 0
    000000C8 00                     258 	.db #0x00	; 0
    000000C9 00                     259 	.db #0x00	; 0
    000000CA 00                     260 	.db #0x00	; 0
    000000CB 00                     261 	.db #0x00	; 0
    000000CC 00                     262 	.db #0x00	; 0
    000000CD 00                     263 	.db #0x00	; 0
    000000CE 02                     264 	.db #0x02	; 2
    000000CF 03                     265 	.db #0x03	; 3
    000000D0 08                     266 	.db #0x08	; 8
    000000D1 0F                     267 	.db #0x0f	; 15
    000000D2 10                     268 	.db #0x10	; 16
    000000D3 1F                     269 	.db #0x1f	; 31
    000000D4 32                     270 	.db #0x32	; 50	'2'
    000000D5 3D                     271 	.db #0x3d	; 61
    000000D6 23                     272 	.db #0x23	; 35
    000000D7 3C                     273 	.db #0x3c	; 60
    000000D8 21                     274 	.db #0x21	; 33
    000000D9 3E                     275 	.db #0x3e	; 62
    000000DA 12                     276 	.db #0x12	; 18
    000000DB 1D                     277 	.db #0x1d	; 29
    000000DC 00                     278 	.db #0x00	; 0
    000000DD 07                     279 	.db #0x07	; 7
    000000DE 04                     280 	.db #0x04	; 4
    000000DF 07                     281 	.db #0x07	; 7
    000000E0 01                     282 	.db #0x01	; 1
    000000E1 01                     283 	.db #0x01	; 1
    000000E2 00                     284 	.db #0x00	; 0
    000000E3 00                     285 	.db #0x00	; 0
    000000E4 00                     286 	.db #0x00	; 0
    000000E5 00                     287 	.db #0x00	; 0
    000000E6 00                     288 	.db #0x00	; 0
    000000E7 00                     289 	.db #0x00	; 0
    000000E8 00                     290 	.db #0x00	; 0
    000000E9 00                     291 	.db #0x00	; 0
    000000EA 00                     292 	.db #0x00	; 0
    000000EB 00                     293 	.db #0x00	; 0
    000000EC 00                     294 	.db #0x00	; 0
    000000ED 00                     295 	.db #0x00	; 0
    000000EE 60                     296 	.db #0x60	; 96
    000000EF E0                     297 	.db #0xe0	; 224
    000000F0 10                     298 	.db #0x10	; 16
    000000F1 F0                     299 	.db #0xf0	; 240
    000000F2 C8                     300 	.db #0xc8	; 200
    000000F3 38                     301 	.db #0x38	; 56	'8'
    000000F4 A0                     302 	.db #0xa0	; 160
    000000F5 58                     303 	.db #0x58	; 88	'X'
    000000F6 80                     304 	.db #0x80	; 128
    000000F7 78                     305 	.db #0x78	; 120	'x'
    000000F8 80                     306 	.db #0x80	; 128
    000000F9 78                     307 	.db #0x78	; 120	'x'
    000000FA 40                     308 	.db #0x40	; 64
    000000FB B8                     309 	.db #0xb8	; 184
    000000FC 28                     310 	.db #0x28	; 40
    000000FD D8                     311 	.db #0xd8	; 216
    000000FE 08                     312 	.db #0x08	; 8
    000000FF F8                     313 	.db #0xf8	; 248
    00000100 D0                     314 	.db #0xd0	; 208
    00000101 F0                     315 	.db #0xf0	; 240
    00000102 00                     316 	.db #0x00	; 0
    00000103 00                     317 	.db #0x00	; 0
    00000104 00                     318 	.db #0x00	; 0
    00000105 00                     319 	.db #0x00	; 0
    00000106 00                     320 	.db #0x00	; 0
    00000107 00                     321 	.db #0x00	; 0
    00000108                        322 _explosion_sprite_metasprite0:
    00000108 F8                     323 	.db #0xf8	; -8
    00000109 F8                     324 	.db #0xf8	; -8
    0000010A 00                     325 	.db #0x00	; 0
    0000010B 00                     326 	.db #0x00	; 0
    0000010C 00                     327 	.db #0x00	;  0
    0000010D 08                     328 	.db #0x08	;  8
    0000010E 02                     329 	.db #0x02	; 2
    0000010F 00                     330 	.db #0x00	; 0
    00000110 80                     331 	.db #0x80	; -128
    00000111 00                     332 	.db #0x00	;  0
    00000112 00                     333 	.db #0x00	; 0
    00000113 00                     334 	.db #0x00	; 0
    00000114                        335 _explosion_sprite_metasprite1:
    00000114 F8                     336 	.db #0xf8	; -8
    00000115 F8                     337 	.db #0xf8	; -8
    00000116 04                     338 	.db #0x04	; 4
    00000117 00                     339 	.db #0x00	; 0
    00000118 00                     340 	.db #0x00	;  0
    00000119 08                     341 	.db #0x08	;  8
    0000011A 06                     342 	.db #0x06	; 6
    0000011B 00                     343 	.db #0x00	; 0
    0000011C 80                     344 	.db #0x80	; -128
    0000011D 00                     345 	.db #0x00	;  0
    0000011E 00                     346 	.db #0x00	; 0
    0000011F 00                     347 	.db #0x00	; 0
    00000120                        348 _explosion_sprite_metasprite2:
    00000120 F8                     349 	.db #0xf8	; -8
    00000121 F8                     350 	.db #0xf8	; -8
    00000122 08                     351 	.db #0x08	; 8
    00000123 00                     352 	.db #0x00	; 0
    00000124 00                     353 	.db #0x00	;  0
    00000125 08                     354 	.db #0x08	;  8
    00000126 0A                     355 	.db #0x0a	; 10
    00000127 00                     356 	.db #0x00	; 0
    00000128 80                     357 	.db #0x80	; -128
    00000129 00                     358 	.db #0x00	;  0
    0000012A 00                     359 	.db #0x00	; 0
    0000012B 00                     360 	.db #0x00	; 0
    0000012C                        361 _explosion_sprite_metasprite3:
    0000012C F8                     362 	.db #0xf8	; -8
    0000012D F8                     363 	.db #0xf8	; -8
    0000012E 0C                     364 	.db #0x0c	; 12
    0000012F 00                     365 	.db #0x00	; 0
    00000130 00                     366 	.db #0x00	;  0
    00000131 08                     367 	.db #0x08	;  8
    00000132 0E                     368 	.db #0x0e	; 14
    00000133 00                     369 	.db #0x00	; 0
    00000134 80                     370 	.db #0x80	; -128
    00000135 00                     371 	.db #0x00	;  0
    00000136 00                     372 	.db #0x00	; 0
    00000137 00                     373 	.db #0x00	; 0
    00000138                        374 _explosion_sprite_metasprites:
    00000138r08r01                  375 	.dw _explosion_sprite_metasprite0
    0000013Ar14r01                  376 	.dw _explosion_sprite_metasprite1
    0000013Cr20r01                  377 	.dw _explosion_sprite_metasprite2
    0000013Er2Cr01                  378 	.dw _explosion_sprite_metasprite3
                                    379 	.area _INITIALIZER
                                    380 	.area _CABS (ABS)
