                                      1 ;--------------------------------------------------------
                                      2 ; File Created by SDCC : free open source ISO C Compiler
                                      3 ; Version 4.5.1 #15267 (Linux)
                                      4 ;--------------------------------------------------------
                                      5 	.module main
                                      6 	
                                      7 ;--------------------------------------------------------
                                      8 ; Public variables in this module
                                      9 ;--------------------------------------------------------
                                     10 	.globl _main
                                     11 	.globl _init_enemy_bullets
                                     12 	.globl _draw_player
                                     13 	.globl _handle_player
                                     14 	.globl _init_player
                                     15 	.globl _hide_sprites_range
                                     16 	.globl _fill_win_rect
                                     17 	.globl _set_sprite_data
                                     18 	.globl _set_bkg_data
                                     19 	.globl _vsync
                                     20 	.globl _joypad
                                     21 	.globl _level_framecounter
                                     22 	.globl _oam
                                     23 	.globl _white_tile
                                     24 ;--------------------------------------------------------
                                     25 ; special function registers
                                     26 ;--------------------------------------------------------
                                     27 ;--------------------------------------------------------
                                     28 ; ram data
                                     29 ;--------------------------------------------------------
                                     30 	.area _DATA
                                     31 ;--------------------------------------------------------
                                     32 ; ram data
                                     33 ;--------------------------------------------------------
                                     34 	.area _INITIALIZED
    00000000                         35 ___EMU_PROFILER_INIT:
    00000000                         36 	.ds 2
    00000002                         37 _oam::
    00000002                         38 	.ds 1
    00000003                         39 _level_framecounter::
    00000003                         40 	.ds 2
                                     41 ;--------------------------------------------------------
                                     42 ; absolute external ram data
                                     43 ;--------------------------------------------------------
                                     44 	.area _DABS (ABS)
                                     45 ;--------------------------------------------------------
                                     46 ; global & static initialisations
                                     47 ;--------------------------------------------------------
                                     48 	.area _HOME
                                     49 	.area _GSINIT
                                     50 	.area _GSFINAL
                                     51 	.area _GSINIT
                                     52 ;--------------------------------------------------------
                                     53 ; Home
                                     54 ;--------------------------------------------------------
                                     55 	.area _HOME
                                     56 	.area _HOME
                                     57 ;--------------------------------------------------------
                                     58 ; code
                                     59 ;--------------------------------------------------------
                                     60 	.area _CODE
                                     61 ;src/main.c:23: void main(void){
                                     62 ;	---------------------------------
                                     63 ; Function main
                                     64 ; ---------------------------------
    00000000                         65 _main::
    00000000 E8 D4            [16]   66 	add	sp, #-44
                                     67 ;src/main.c:26: set_sprite_data(SPACESHIP_TILE_OFFSET, spaceship_sprite_TILE_COUNT, spaceship_sprite_tiles);
    00000002 11r00r00         [12]   68 	ld	de, #_spaceship_sprite_tiles
    00000005 D5               [16]   69 	push	de
    00000006 21 00 04         [12]   70 	ld	hl, #0x400
    00000009 E5               [16]   71 	push	hl
    0000000A CDr00r00         [24]   72 	call	_set_sprite_data
    0000000D E8 04            [16]   73 	add	sp, #4
                                     74 ;src/main.c:27: set_sprite_data(ENEMYBULLET_TILE_OFFSET, enemybullet_sprite_TILE_COUNT, enemybullet_sprite_tiles);
    0000000F 11r00r00         [12]   75 	ld	de, #_enemybullet_sprite_tiles
    00000012 D5               [16]   76 	push	de
    00000013 21 30 02         [12]   77 	ld	hl, #0x230
    00000016 E5               [16]   78 	push	hl
    00000017 CDr00r00         [24]   79 	call	_set_sprite_data
    0000001A E8 04            [16]   80 	add	sp, #4
                                     81 ;src/main.c:48: set_bkg_data(0X80, early_gameboyfont_TILE_COUNT, early_gameboyfont_tiles);
    0000001C 11r00r00         [12]   82 	ld	de, #_early_gameboyfont_tiles
    0000001F D5               [16]   83 	push	de
    00000020 21 80 29         [12]   84 	ld	hl, #0x2980
    00000023 E5               [16]   85 	push	hl
    00000024 CDr00r00         [24]   86 	call	_set_bkg_data
    00000027 E8 04            [16]   87 	add	sp, #4
                                     88 ;src/main.c:50: fill_win_rect( 0,0,20,4,0x80);
    00000029 21 04 80         [12]   89 	ld	hl, #0x8004
    0000002C E5               [16]   90 	push	hl
    0000002D 3E 14            [ 8]   91 	ld	a, #0x14
    0000002F F5               [16]   92 	push	af
    00000030 33               [ 8]   93 	inc	sp
    00000031 AF               [ 4]   94 	xor	a, a
    00000032 0F               [ 4]   95 	rrca
    00000033 F5               [16]   96 	push	af
    00000034 CDr00r00         [24]   97 	call	_fill_win_rect
    00000037 E8 05            [16]   98 	add	sp, #5
                                     99 ;/home/meloni/Lib/gbdk/include/gb/gb.h:1739: WX_REG=x, WY_REG=y;
    00000039 3E 08            [ 8]  100 	ld	a, #0x08
    0000003B E0r00            [12]  101 	ldh	(_WX_REG + 0), a
    0000003D 3E 88            [ 8]  102 	ld	a, #0x88
    0000003F E0r00            [12]  103 	ldh	(_WY_REG + 0), a
                                    104 ;src/main.c:70: BGP_REG = DMG_PALETTE(DMG_WHITE, DMG_LITE_GRAY, DMG_DARK_GRAY, DMG_BLACK);
    00000041 3E E4            [ 8]  105 	ld	a, #0xe4
    00000043 E0r00            [12]  106 	ldh	(_BGP_REG + 0), a
                                    107 ;src/main.c:71: OBP0_REG = DMG_PALETTE(DMG_DARK_GRAY,DMG_WHITE, DMG_LITE_GRAY,  DMG_BLACK); 
    00000045 3E D2            [ 8]  108 	ld	a, #0xd2
    00000047 E0r00            [12]  109 	ldh	(_OBP0_REG + 0), a
                                    110 ;src/main.c:72: OBP1_REG = DMG_PALETTE(DMG_WHITE, DMG_LITE_GRAY, DMG_LITE_GRAY, DMG_LITE_GRAY); 
    00000049 3E 54            [ 8]  111 	ld	a, #0x54
    0000004B E0r00            [12]  112 	ldh	(_OBP1_REG + 0), a
                                    113 ;src/main.c:76: const uint8_t starting_points[20][2]= {
    0000004D F8 00            [12]  114 	ldhl	sp,	#0
    0000004F 3E 08            [ 8]  115 	ld	a, #0x08
    00000051 22               [ 8]  116 	ld	(hl+), a
    00000052 3E 10            [ 8]  117 	ld	a, #0x10
    00000054 22               [ 8]  118 	ld	(hl+), a
    00000055 3E 08            [ 8]  119 	ld	a, #0x08
    00000057 22               [ 8]  120 	ld	(hl+), a
    00000058 3E 20            [ 8]  121 	ld	a, #0x20
    0000005A 22               [ 8]  122 	ld	(hl+), a
    0000005B 3E 08            [ 8]  123 	ld	a, #0x08
    0000005D 22               [ 8]  124 	ld	(hl+), a
    0000005E 3E 40            [ 8]  125 	ld	a, #0x40
    00000060 22               [ 8]  126 	ld	(hl+), a
    00000061 3E 08            [ 8]  127 	ld	a, #0x08
    00000063 22               [ 8]  128 	ld	(hl+), a
    00000064 3E 90            [ 8]  129 	ld	a, #0x90
    00000066 22               [ 8]  130 	ld	(hl+), a
    00000067 3E 08            [ 8]  131 	ld	a, #0x08
    00000069 22               [ 8]  132 	ld	(hl+), a
    0000006A 3E 90            [ 8]  133 	ld	a, #0x90
    0000006C 22               [ 8]  134 	ld	(hl+), a
    0000006D 3E 20            [ 8]  135 	ld	a, #0x20
    0000006F 22               [ 8]  136 	ld	(hl+), a
    00000070 3E 10            [ 8]  137 	ld	a, #0x10
    00000072 22               [ 8]  138 	ld	(hl+), a
    00000073 3E 40            [ 8]  139 	ld	a, #0x40
    00000075 22               [ 8]  140 	ld	(hl+), a
    00000076 3E 10            [ 8]  141 	ld	a, #0x10
    00000078 22               [ 8]  142 	ld	(hl+), a
    00000079 3E 60            [ 8]  143 	ld	a, #0x60
    0000007B 22               [ 8]  144 	ld	(hl+), a
    0000007C 3E 10            [ 8]  145 	ld	a, #0x10
    0000007E 22               [ 8]  146 	ld	(hl+), a
    0000007F 3E 80            [ 8]  147 	ld	a, #0x80
    00000081 22               [ 8]  148 	ld	(hl+), a
    00000082 3E 10            [ 8]  149 	ld	a, #0x10
    00000084 22               [ 8]  150 	ld	(hl+), a
    00000085 3E 90            [ 8]  151 	ld	a, #0x90
    00000087 22               [ 8]  152 	ld	(hl+), a
    00000088 3E 10            [ 8]  153 	ld	a, #0x10
    0000008A 22               [ 8]  154 	ld	(hl+), a
    0000008B 3E A8            [ 8]  155 	ld	a, #0xa8
    0000008D 22               [ 8]  156 	ld	(hl+), a
    0000008E 3E 20            [ 8]  157 	ld	a, #0x20
    00000090 22               [ 8]  158 	ld	(hl+), a
    00000091 3E A8            [ 8]  159 	ld	a, #0xa8
    00000093 22               [ 8]  160 	ld	(hl+), a
    00000094 3E 40            [ 8]  161 	ld	a, #0x40
    00000096 22               [ 8]  162 	ld	(hl+), a
    00000097 3E A8            [ 8]  163 	ld	a, #0xa8
    00000099 22               [ 8]  164 	ld	(hl+), a
    0000009A 3E 80            [ 8]  165 	ld	a, #0x80
    0000009C 22               [ 8]  166 	ld	(hl+), a
    0000009D 3E 20            [ 8]  167 	ld	a, #0x20
    0000009F 22               [ 8]  168 	ld	(hl+), a
    000000A0 3E 90            [ 8]  169 	ld	a, #0x90
    000000A2 22               [ 8]  170 	ld	(hl+), a
    000000A3 3E 60            [ 8]  171 	ld	a, #0x60
    000000A5 22               [ 8]  172 	ld	(hl+), a
    000000A6 3E 90            [ 8]  173 	ld	a, #0x90
    000000A8 22               [ 8]  174 	ld	(hl+), a
    000000A9 3E 80            [ 8]  175 	ld	a, #0x80
    000000AB 22               [ 8]  176 	ld	(hl+), a
    000000AC 3E 90            [ 8]  177 	ld	a, #0x90
    000000AE 22               [ 8]  178 	ld	(hl+), a
    000000AF 3E 50            [ 8]  179 	ld	a, #0x50
    000000B1 22               [ 8]  180 	ld	(hl+), a
    000000B2 3E 80            [ 8]  181 	ld	a, #0x80
    000000B4 22               [ 8]  182 	ld	(hl+), a
    000000B5 3E 50            [ 8]  183 	ld	a, #0x50
    000000B7 22               [ 8]  184 	ld	(hl+), a
    000000B8 3E 90            [ 8]  185 	ld	a, #0x90
    000000BA 22               [ 8]  186 	ld	(hl+), a
    000000BB 3E D4            [ 8]  187 	ld	a, #0xd4
    000000BD 22               [ 8]  188 	ld	(hl+), a
    000000BE 3E 90            [ 8]  189 	ld	a, #0x90
    000000C0 22               [ 8]  190 	ld	(hl+), a
    000000C1 3E 50            [ 8]  191 	ld	a, #0x50
    000000C3 22               [ 8]  192 	ld	(hl+), a
    000000C4 36 90            [12]  193 	ld	(hl), #0x90
                                    194 ;src/main.c:85: for (uint8_t i=0; i<20; i++){
    000000C6 1E 00            [ 8]  195 	ld	e, #0x00
    000000C8                        196 00111$:
    000000C8 7B               [ 4]  197 	ld	a, e
    000000C9 D6 14            [ 8]  198 	sub	a, #0x14
    000000CB 30 4B            [12]  199 	jr	NC, 00101$
                                    200 ;/home/meloni/Lib/gbdk/include/gb/gb.h:1887: shadow_OAM[nb].tile=tile;
    000000CD 4B               [ 4]  201 	ld	c, e
    000000CE 06 00            [ 8]  202 	ld	b, #0x00
    000000D0 F8 28            [12]  203 	ldhl	sp,	#40
    000000D2 79               [ 4]  204 	ld	a, c
    000000D3 22               [ 8]  205 	ld	(hl+), a
    000000D4 70               [ 8]  206 	ld	(hl), b
    000000D5 3E 02            [ 8]  207 	ld	a, #0x02
    000000D7                        208 00165$:
    000000D7 F8 28            [12]  209 	ldhl	sp,	#40
    000000D9 CB 26            [16]  210 	sla	(hl)
    000000DB 23               [ 8]  211 	inc	hl
    000000DC CB 16            [16]  212 	rl	(hl)
    000000DE 3D               [ 4]  213 	dec	a
    000000DF 20 F6            [12]  214 	jr	NZ, 00165$
    000000E1 D5               [16]  215 	push	de
    000000E2 11r00r00         [12]  216 	ld	de, #_shadow_OAM
    000000E5 3A               [ 8]  217 	ld	a, (hl-)
    000000E6 6E               [ 8]  218 	ld	l, (hl)
    000000E7 67               [ 4]  219 	ld	h, a
    000000E8 19               [ 8]  220 	add	hl, de
    000000E9 D1               [12]  221 	pop	de
    000000EA 55               [ 4]  222 	ld	d, l
    000000EB 23               [ 8]  223 	inc	hl
    000000EC 23               [ 8]  224 	inc	hl
    000000ED 36 30            [12]  225 	ld	(hl), #0x30
                                    226 ;src/main.c:87: move_sprite(i, starting_points[i][0], starting_points[i][1]);
    000000EF CB 21            [ 8]  227 	sla	c
    000000F1 CB 10            [ 8]  228 	rl	b
    000000F3 21 00 00         [12]  229 	ld	hl, #0
    000000F6 39               [ 8]  230 	add	hl, sp
    000000F7 09               [ 8]  231 	add	hl, bc
    000000F8 4D               [ 4]  232 	ld	c,l
    000000F9 44               [ 4]  233 	ld	b,h
    000000FA 23               [ 8]  234 	inc	hl
    000000FB 7E               [ 8]  235 	ld	a, (hl)
    000000FC F8 2A            [12]  236 	ldhl	sp,	#42
    000000FE 77               [ 8]  237 	ld	(hl), a
    000000FF 0A               [ 8]  238 	ld	a, (bc)
    00000100 F8 2B            [12]  239 	ldhl	sp,	#43
    00000102 77               [ 8]  240 	ld	(hl), a
                                    241 ;/home/meloni/Lib/gbdk/include/gb/gb.h:1973: OAM_item_t * itm = &shadow_OAM[nb];
    00000103 01r00r00         [12]  242 	ld	bc, #_shadow_OAM+0
    00000106 F8 28            [12]  243 	ldhl	sp,	#40
    00000108 2A               [ 8]  244 	ld	a,	(hl+)
    00000109 66               [ 8]  245 	ld	h, (hl)
    0000010A 6F               [ 4]  246 	ld	l, a
    0000010B 09               [ 8]  247 	add	hl, bc
    0000010C 4D               [ 4]  248 	ld	c, l
    0000010D 44               [ 4]  249 	ld	b, h
                                    250 ;/home/meloni/Lib/gbdk/include/gb/gb.h:1974: itm->y=y, itm->x=x;
    0000010E F8 2A            [12]  251 	ldhl	sp,	#42
    00000110 2A               [ 8]  252 	ld	a, (hl+)
    00000111 02               [ 8]  253 	ld	(bc), a
    00000112 03               [ 8]  254 	inc	bc
    00000113 7E               [ 8]  255 	ld	a, (hl)
    00000114 02               [ 8]  256 	ld	(bc), a
                                    257 ;src/main.c:85: for (uint8_t i=0; i<20; i++){
    00000115 1C               [ 4]  258 	inc	e
    00000116 18 B0            [12]  259 	jr	00111$
    00000118                        260 00101$:
                                    261 ;src/main.c:89: SPRITES_8x16;
    00000118 F0r00            [12]  262 	ldh	a, (_LCDC_REG + 0)
    0000011A F6 04            [ 8]  263 	or	a, #0x04
    0000011C E0r00            [12]  264 	ldh	(_LCDC_REG + 0), a
                                    265 ;src/main.c:90: SHOW_SPRITES;
    0000011E F0r00            [12]  266 	ldh	a, (_LCDC_REG + 0)
    00000120 F6 02            [ 8]  267 	or	a, #0x02
    00000122 E0r00            [12]  268 	ldh	(_LCDC_REG + 0), a
                                    269 ;src/main.c:91: SHOW_BKG;
    00000124 F0r00            [12]  270 	ldh	a, (_LCDC_REG + 0)
    00000126 F6 01            [ 8]  271 	or	a, #0x01
    00000128 E0r00            [12]  272 	ldh	(_LCDC_REG + 0), a
                                    273 ;src/main.c:92: SHOW_WIN;
    0000012A F0r00            [12]  274 	ldh	a, (_LCDC_REG + 0)
    0000012C F6 20            [ 8]  275 	or	a, #0x20
    0000012E E0r00            [12]  276 	ldh	(_LCDC_REG + 0), a
                                    277 ;src/main.c:93: DISPLAY_ON;
    00000130 F0r00            [12]  278 	ldh	a, (_LCDC_REG + 0)
    00000132 F6 80            [ 8]  279 	or	a, #0x80
    00000134 E0r00            [12]  280 	ldh	(_LCDC_REG + 0), a
                                    281 ;src/main.c:95: init_player();
    00000136 CDr00r00         [24]  282 	call	_init_player
                                    283 ;src/main.c:97: init_enemy_bullets();
    00000139 CDr00r00         [24]  284 	call	_init_enemy_bullets
                                    285 ;src/main.c:98: while(1) {
    0000013C                        286 00104$:
                                    287 ;src/main.c:100: vsync();
    0000013C CDr00r00         [24]  288 	call	_vsync
                                    289 ;src/main.c:102: oam = 20;
    0000013F 21r02r00         [12]  290 	ld	hl, #_oam
    00000142 36 14            [12]  291 	ld	(hl), #0x14
                                    292 ;src/main.c:103: level_framecounter++;
    00000144 21r03r00         [12]  293 	ld	hl, #_level_framecounter
    00000147 34               [12]  294 	inc	(hl)
    00000148 20 02            [12]  295 	jr	NZ, 00167$
    0000014A 23               [ 8]  296 	inc	hl
    0000014B 34               [12]  297 	inc	(hl)
    0000014C                        298 00167$:
                                    299 ;src/main.c:105: UPDATE_KEYS();
    0000014C FAr00r00         [16]  300 	ld	a, (#_current_joypad)
    0000014F EAr00r00         [16]  301 	ld	(#_previous_joypad),a
    00000152 CDr00r00         [24]  302 	call	_joypad
    00000155 EAr00r00         [16]  303 	ld	(#_current_joypad),a
                                    304 ;src/main.c:137: handle_player();
    00000158 CDr00r00         [24]  305 	call	_handle_player
                                    306 ;src/main.c:138: for (uint8_t i=0; i<20; i++){
    0000015B 0E 00            [ 8]  307 	ld	c, #0x00
    0000015D                        308 00114$:
    0000015D 79               [ 4]  309 	ld	a, c
    0000015E D6 14            [ 8]  310 	sub	a, #0x14
    00000160 30 14            [12]  311 	jr	NC, 00102$
                                    312 ;/home/meloni/Lib/gbdk/include/gb/gb.h:1989: OAM_item_t * itm = &shadow_OAM[nb];
    00000162 11r00r00         [12]  313 	ld	de, #_shadow_OAM+0
    00000165 69               [ 4]  314 	ld	l, c
    00000166 AF               [ 4]  315 	xor	a, a
    00000167 67               [ 4]  316 	ld	h, a
    00000168 29               [ 8]  317 	add	hl, hl
    00000169 29               [ 8]  318 	add	hl, hl
    0000016A 19               [ 8]  319 	add	hl, de
                                    320 ;/home/meloni/Lib/gbdk/include/gb/gb.h:1990: itm->y+=y, itm->x+=x;
    0000016B 5D               [ 4]  321 	ld	e, l
    0000016C 54               [ 4]  322 	ld	d, h
    0000016D 23               [ 8]  323 	inc	hl
    0000016E 1A               [ 8]  324 	ld	a, (de)
    0000016F 3C               [ 4]  325 	inc	a
    00000170 12               [ 8]  326 	ld	(de), a
    00000171 34               [12]  327 	inc	(hl)
    00000172 7E               [ 8]  328 	ld	a, (hl)
                                    329 ;src/main.c:138: for (uint8_t i=0; i<20; i++){
    00000173 0C               [ 4]  330 	inc	c
    00000174 18 E7            [12]  331 	jr	00114$
    00000176                        332 00102$:
                                    333 ;src/main.c:150: draw_player();
    00000176 CDr00r00         [24]  334 	call	_draw_player
                                    335 ;src/main.c:154: hide_sprites_range(oam,MAX_HARDWARE_SPRITES);
    00000179 1E 28            [ 8]  336 	ld	e, #0x28
    0000017B FAr02r00         [16]  337 	ld	a, (_oam)
    0000017E CDr00r00         [24]  338 	call	_hide_sprites_range
    00000181 18 B9            [12]  339 	jr	00104$
                                    340 ;src/main.c:157: }
    00000183 E8 2C            [16]  341 	add	sp, #44
    00000185 C9               [16]  342 	ret
    00000186                        343 _white_tile:
    00000186 00                     344 	.db #0x00	; 0
    00000187 00                     345 	.db #0x00	; 0
    00000188 00                     346 	.db #0x00	; 0
    00000189 00                     347 	.db #0x00	; 0
    0000018A 00                     348 	.db #0x00	; 0
    0000018B 00                     349 	.db #0x00	; 0
    0000018C 00                     350 	.db #0x00	; 0
    0000018D 00                     351 	.db #0x00	; 0
    0000018E 00                     352 	.db #0x00	; 0
    0000018F 00                     353 	.db #0x00	; 0
    00000190 00                     354 	.db #0x00	; 0
    00000191 00                     355 	.db #0x00	; 0
    00000192 00                     356 	.db #0x00	; 0
    00000193 00                     357 	.db #0x00	; 0
    00000194 00                     358 	.db #0x00	; 0
    00000195 00                     359 	.db #0x00	; 0
                                    360 	.area _CODE
                                    361 	.area _INITIALIZER
    00000000                        362 __xinit____EMU_PROFILER_INIT:
    00000000r00r00                  363 	.dw _EMU_profiler_message
    00000002                        364 __xinit__oam:
    00000002 00                     365 	.db #0x00	; 0
    00000003                        366 __xinit__level_framecounter:
    00000003 00 00                  367 	.dw #0x0000
                                    368 	.area _CABS (ABS)
