                                      1 ;--------------------------------------------------------
                                      2 ; File Created by SDCC : free open source ISO C Compiler
                                      3 ; Version 4.5.1 #15267 (Linux)
                                      4 ;--------------------------------------------------------
                                      5 	.module player
                                      6 	
                                      7 ;--------------------------------------------------------
                                      8 ; Public variables in this module
                                      9 ;--------------------------------------------------------
                                     10 	.globl _PLAYER
                                     11 	.globl _previous_joypad
                                     12 	.globl _current_joypad
                                     13 	.globl _init_player
                                     14 	.globl _handle_player
                                     15 	.globl _shoot
                                     16 	.globl _draw_player
                                     17 ;--------------------------------------------------------
                                     18 ; special function registers
                                     19 ;--------------------------------------------------------
                                     20 ;--------------------------------------------------------
                                     21 ; ram data
                                     22 ;--------------------------------------------------------
                                     23 	.area _DATA
    00000000                         24 _current_joypad::
    00000000                         25 	.ds 1
    00000001                         26 _previous_joypad::
    00000001                         27 	.ds 1
    00000002                         28 _PLAYER::
    00000002                         29 	.ds 21
                                     30 ;--------------------------------------------------------
                                     31 ; ram data
                                     32 ;--------------------------------------------------------
                                     33 	.area _INITIALIZED
    00000000                         34 ___EMU_PROFILER_INIT:
    00000000                         35 	.ds 2
                                     36 ;--------------------------------------------------------
                                     37 ; absolute external ram data
                                     38 ;--------------------------------------------------------
                                     39 	.area _DABS (ABS)
                                     40 ;--------------------------------------------------------
                                     41 ; global & static initialisations
                                     42 ;--------------------------------------------------------
                                     43 	.area _HOME
                                     44 	.area _GSINIT
                                     45 	.area _GSFINAL
                                     46 	.area _GSINIT
                                     47 ;--------------------------------------------------------
                                     48 ; Home
                                     49 ;--------------------------------------------------------
                                     50 	.area _HOME
                                     51 	.area _HOME
                                     52 ;--------------------------------------------------------
                                     53 ; code
                                     54 ;--------------------------------------------------------
                                     55 	.area _CODE
                                     56 ;src/player.c:9: void init_player(void){
                                     57 ;	---------------------------------
                                     58 ; Function init_player
                                     59 ; ---------------------------------
    00000000                         60 _init_player::
                                     61 ;src/player.c:10: RESET_PLAYER();
    00000000 21r02r00         [12]   62 	ld	hl, #_PLAYER
    00000003 36 00            [12]   63 	ld	(hl), #0x00
    00000005 23               [ 8]   64 	inc	hl
    00000006 36 48            [12]   65 	ld	(hl), #0x48
    00000008 23               [ 8]   66 	inc	hl
    00000009 36 00            [12]   67 	ld	(hl), #0x00
    0000000B 23               [ 8]   68 	inc	hl
    0000000C 36 64            [12]   69 	ld	(hl), #0x64
    0000000E 23               [ 8]   70 	inc	hl
    0000000F 36 E0            [12]   71 	ld	(hl), #0xe0
    00000011 23               [ 8]   72 	inc	hl
    00000012 36 00            [12]   73 	ld	(hl), #0x00
    00000014 21r0Ar00         [12]   74 	ld	hl, #_PLAYER + 8
    00000017 36 01            [12]   75 	ld	(hl), #0x01
    00000019 21r0Cr00         [12]   76 	ld	hl, #_PLAYER + 10
    0000001C 36 00            [12]   77 	ld	(hl), #0x00
    0000001E 21r0Dr00         [12]   78 	ld	hl, #_PLAYER + 11
    00000021 36 00            [12]   79 	ld	(hl), #0x00
    00000023 21r0Fr00         [12]   80 	ld	hl, #_PLAYER + 13
    00000026 36 00            [12]   81 	ld	(hl), #0x00
    00000028 21r10r00         [12]   82 	ld	hl, #_PLAYER + 14
    0000002B 36 00            [12]   83 	ld	(hl), #0x00
    0000002D 21r12r00         [12]   84 	ld	hl, #(_PLAYER + 16)
    00000030 3Er00            [ 8]   85 	ld	a, #<(_bullet_lvl1_sprite_metasprites)
    00000032 22               [ 8]   86 	ld	(hl+), a
    00000033 3Es00            [ 8]   87 	ld	a, #>(_bullet_lvl1_sprite_metasprites)
    00000035 22               [ 8]   88 	ld	(hl+), a
    00000036 36 04            [12]   89 	ld	(hl), #0x04
    00000038 21r15r00         [12]   90 	ld	hl, #_PLAYER + 19
    0000003B 36 00            [12]   91 	ld	(hl), #0x00
    0000003D 21r16r00         [12]   92 	ld	hl, #_PLAYER + 20
    00000040 36 00            [12]   93 	ld	(hl), #0x00
    00000042 21r0Er00         [12]   94 	ld	hl, #_PLAYER + 12
    00000045 36 78            [12]   95 	ld	(hl), #0x78
                                     96 ;src/player.c:11: PLAYER.lives = 3;
    00000047 21r0Br00         [12]   97 	ld	hl, #_PLAYER + 9
    0000004A 36 03            [12]   98 	ld	(hl), #0x03
                                     99 ;src/player.c:12: }
    0000004C C9               [16]  100 	ret
                                    101 ;src/player.c:14: void handle_player(void){
                                    102 ;	---------------------------------
                                    103 ; Function handle_player
                                    104 ; ---------------------------------
    0000004D                        105 _handle_player::
    0000004D 3B               [ 8]  106 	dec	sp
    0000004E 3B               [ 8]  107 	dec	sp
                                    108 ;src/player.c:15: if (PLAYER.boost){ 
    0000004F 01r0Fr00         [12]  109 	ld	bc, #_PLAYER + 13
    00000052 0A               [ 8]  110 	ld	a, (bc)
                                    111 ;src/player.c:16: PLAYER.dxy = BOOST_SPEED;
                                    112 ;src/player.c:15: if (PLAYER.boost){ 
    00000053 B7               [ 4]  113 	or	a, a
    00000054 28 0C            [12]  114 	jr	Z, 00102$
                                    115 ;src/player.c:16: PLAYER.dxy = BOOST_SPEED;
    00000056 21r06r00         [12]  116 	ld	hl, #(_PLAYER + 4)
    00000059 AF               [ 4]  117 	xor	a, a
    0000005A 22               [ 8]  118 	ld	(hl+), a
    0000005B 36 05            [12]  119 	ld	(hl), #0x05
                                    120 ;src/player.c:17: PLAYER.boost --;
    0000005D 0A               [ 8]  121 	ld	a, (bc)
    0000005E 3D               [ 4]  122 	dec	a
    0000005F 02               [ 8]  123 	ld	(bc), a
    00000060 18 08            [12]  124 	jr	00103$
    00000062                        125 00102$:
                                    126 ;src/player.c:19: PLAYER.dxy = NORMAL_SPEED;
    00000062 21r06r00         [12]  127 	ld	hl, #(_PLAYER + 4)
    00000065 3E E0            [ 8]  128 	ld	a, #0xe0
    00000067 22               [ 8]  129 	ld	(hl+), a
    00000068 36 00            [12]  130 	ld	(hl), #0x00
    0000006A                        131 00103$:
                                    132 ;src/player.c:21: if (PLAYER.invinsibility_timer) PLAYER.invinsibility_timer--;
    0000006A 21r0Er00         [12]  133 	ld	hl, #_PLAYER + 12
    0000006D 7E               [ 8]  134 	ld	a, (hl)
    0000006E B7               [ 4]  135 	or	a, a
    0000006F 28 02            [12]  136 	jr	Z, 00105$
    00000071 3D               [ 4]  137 	dec	a
    00000072 77               [ 8]  138 	ld	(hl), a
    00000073                        139 00105$:
                                    140 ;src/player.c:23: if (KEY_PRESSED(J_A)){
    00000073 FAr00r00         [16]  141 	ld	a, (_current_joypad)
    00000076 5F               [ 4]  142 	ld	e, a
                                    143 ;src/player.c:24: if (!PLAYER.last_boost){
    00000077 21r0Dr00         [12]  144 	ld	hl, #_PLAYER + 11
                                    145 ;src/player.c:23: if (KEY_PRESSED(J_A)){
    0000007A CB 63            [ 8]  146 	bit	4, e
    0000007C 28 09            [12]  147 	jr	Z, 00109$
                                    148 ;src/player.c:24: if (!PLAYER.last_boost){
    0000007E 7E               [ 8]  149 	ld	a, (hl)
    0000007F B7               [ 4]  150 	or	a, a
    00000080 20 05            [12]  151 	jr	NZ, 00109$
                                    152 ;src/player.c:25: PLAYER.boost = BOOST_DURATION;
    00000082 3E 04            [ 8]  153 	ld	a, #0x04
    00000084 02               [ 8]  154 	ld	(bc), a
                                    155 ;src/player.c:26: PLAYER.last_boost = BOOST_LAG;
    00000085 36 10            [12]  156 	ld	(hl), #0x10
    00000087                        157 00109$:
                                    158 ;src/player.c:29: if (PLAYER.last_boost) PLAYER.last_boost--;
    00000087 7E               [ 8]  159 	ld	a, (hl)
    00000088 B7               [ 4]  160 	or	a, a
    00000089 28 02            [12]  161 	jr	Z, 00111$
    0000008B 3D               [ 4]  162 	dec	a
    0000008C 77               [ 8]  163 	ld	(hl), a
    0000008D                        164 00111$:
                                    165 ;src/player.c:31: if (KEY_PRESSED(J_LEFT)){
    0000008D FAr00r00         [16]  166 	ld	a, (_current_joypad)
                                    167 ;src/player.c:32: if (PLAYER.x > PLAYER.dxy + PLAYER_MIN_X) PLAYER.x -= PLAYER.dxy;
                                    168 ;src/player.c:31: if (KEY_PRESSED(J_LEFT)){
    00000090 CB 4F            [ 8]  169 	bit	1, a
    00000092 28 35            [12]  170 	jr	Z, 00116$
                                    171 ;src/player.c:32: if (PLAYER.x > PLAYER.dxy + PLAYER_MIN_X) PLAYER.x -= PLAYER.dxy;
    00000094 21r02r00         [12]  172 	ld	hl, #_PLAYER
    00000097 2A               [ 8]  173 	ld	a, (hl+)
    00000098 4F               [ 4]  174 	ld	c, a
    00000099 46               [ 8]  175 	ld	b, (hl)
    0000009A 11r06r00         [12]  176 	ld	de, #(_PLAYER + 4)
    0000009D 1A               [ 8]  177 	ld	a, (de)
    0000009E F8 00            [12]  178 	ldhl	sp,	#0
    000000A0 22               [ 8]  179 	ld	(hl+), a
    000000A1 13               [ 8]  180 	inc	de
    000000A2 1A               [ 8]  181 	ld	a, (de)
    000000A3 77               [ 8]  182 	ld	(hl), a
    000000A4 D1               [12]  183 	pop	de
    000000A5 D5               [16]  184 	push	de
    000000A6 21 00 10         [12]  185 	ld	hl, #0x1000
    000000A9 19               [ 8]  186 	add	hl, de
    000000AA 59               [ 4]  187 	ld	e, c
    000000AB 50               [ 4]  188 	ld	d, b
    000000AC 7D               [ 4]  189 	ld	a, l
    000000AD 93               [ 4]  190 	sub	a, e
    000000AE 7C               [ 4]  191 	ld	a, h
    000000AF 9A               [ 4]  192 	sbc	a, d
    000000B0 30 10            [12]  193 	jr	NC, 00113$
    000000B2 D1               [12]  194 	pop	de
    000000B3 D5               [16]  195 	push	de
    000000B4 79               [ 4]  196 	ld	a, c
    000000B5 93               [ 4]  197 	sub	a, e
    000000B6 5F               [ 4]  198 	ld	e, a
    000000B7 78               [ 4]  199 	ld	a, b
    000000B8 9A               [ 4]  200 	sbc	a, d
    000000B9 47               [ 4]  201 	ld	b, a
    000000BA 7B               [ 4]  202 	ld	a, e
    000000BB 21r02r00         [12]  203 	ld	hl, #_PLAYER
    000000BE 22               [ 8]  204 	ld	(hl+), a
    000000BF 70               [ 8]  205 	ld	(hl), b
    000000C0 18 07            [12]  206 	jr	00116$
    000000C2                        207 00113$:
                                    208 ;src/player.c:33: else PLAYER.x = PLAYER_MIN_X;
    000000C2 21r02r00         [12]  209 	ld	hl, #_PLAYER
    000000C5 AF               [ 4]  210 	xor	a, a
    000000C6 22               [ 8]  211 	ld	(hl+), a
    000000C7 36 10            [12]  212 	ld	(hl), #0x10
    000000C9                        213 00116$:
                                    214 ;src/player.c:35: if (KEY_PRESSED(J_RIGHT)){
    000000C9 FAr00r00         [16]  215 	ld	a, (_current_joypad)
    000000CC 0F               [ 4]  216 	rrca
    000000CD 30 2C            [12]  217 	jr	NC, 00121$
                                    218 ;src/player.c:36: if (PLAYER.x < (PLAYER_MAX_X) - PLAYER.dxy ) PLAYER.x += PLAYER.dxy;
    000000CF 21r02r00         [12]  219 	ld	hl, #_PLAYER
    000000D2 2A               [ 8]  220 	ld	a, (hl+)
    000000D3 4F               [ 4]  221 	ld	c, a
    000000D4 46               [ 8]  222 	ld	b, (hl)
    000000D5 21r06r00         [12]  223 	ld	hl, #(_PLAYER + 4)
    000000D8 2A               [ 8]  224 	ld	a,	(hl+)
    000000D9 66               [ 8]  225 	ld	h, (hl)
    000000DA 6F               [ 4]  226 	ld	l, a
    000000DB AF               [ 4]  227 	xor	a, a
    000000DC 95               [ 4]  228 	sub	a, l
    000000DD 5F               [ 4]  229 	ld	e, a
    000000DE 3E A0            [ 8]  230 	ld	a, #0xa0
    000000E0 9C               [ 4]  231 	sbc	a, h
    000000E1 57               [ 4]  232 	ld	d, a
    000000E2 79               [ 4]  233 	ld	a, c
    000000E3 93               [ 4]  234 	sub	a, e
    000000E4 78               [ 4]  235 	ld	a, b
    000000E5 9A               [ 4]  236 	sbc	a, d
    000000E6 30 0B            [12]  237 	jr	NC, 00118$
    000000E8 09               [ 8]  238 	add	hl, bc
    000000E9 4D               [ 4]  239 	ld	c, l
    000000EA 44               [ 4]  240 	ld	b, h
    000000EB 21r02r00         [12]  241 	ld	hl, #_PLAYER
    000000EE 79               [ 4]  242 	ld	a, c
    000000EF 22               [ 8]  243 	ld	(hl+), a
    000000F0 70               [ 8]  244 	ld	(hl), b
    000000F1 18 08            [12]  245 	jr	00121$
    000000F3                        246 00118$:
                                    247 ;src/player.c:37: else PLAYER.x = ((uint16_t)PLAYER_MAX_X);
    000000F3 21r02r00         [12]  248 	ld	hl, #_PLAYER
    000000F6 36 00            [12]  249 	ld	(hl), #0x00
    000000F8 23               [ 8]  250 	inc	hl
    000000F9 36 A0            [12]  251 	ld	(hl), #0xa0
    000000FB                        252 00121$:
                                    253 ;src/player.c:39: if (KEY_PRESSED(J_UP)){
    000000FB FAr00r00         [16]  254 	ld	a, (_current_joypad)
                                    255 ;src/player.c:40: if (PLAYER.y > PLAYER.dxy+ (PLAYER_MIN_Y)) PLAYER.y -= PLAYER.dxy;
                                    256 ;src/player.c:39: if (KEY_PRESSED(J_UP)){
    000000FE CB 57            [ 8]  257 	bit	2,a
    00000100 28 35            [12]  258 	jr	Z, 00126$
                                    259 ;src/player.c:40: if (PLAYER.y > PLAYER.dxy+ (PLAYER_MIN_Y)) PLAYER.y -= PLAYER.dxy;
    00000102 21r04r00         [12]  260 	ld	hl, #(_PLAYER + 2)
    00000105 2A               [ 8]  261 	ld	a, (hl+)
    00000106 4F               [ 4]  262 	ld	c, a
    00000107 46               [ 8]  263 	ld	b, (hl)
    00000108 11r06r00         [12]  264 	ld	de, #(_PLAYER + 4)
    0000010B 1A               [ 8]  265 	ld	a, (de)
    0000010C F8 00            [12]  266 	ldhl	sp,	#0
    0000010E 22               [ 8]  267 	ld	(hl+), a
    0000010F 13               [ 8]  268 	inc	de
    00000110 1A               [ 8]  269 	ld	a, (de)
    00000111 77               [ 8]  270 	ld	(hl), a
    00000112 D1               [12]  271 	pop	de
    00000113 D5               [16]  272 	push	de
    00000114 21 00 18         [12]  273 	ld	hl, #0x1800
    00000117 19               [ 8]  274 	add	hl, de
    00000118 59               [ 4]  275 	ld	e, c
    00000119 50               [ 4]  276 	ld	d, b
    0000011A 7D               [ 4]  277 	ld	a, l
    0000011B 93               [ 4]  278 	sub	a, e
    0000011C 7C               [ 4]  279 	ld	a, h
    0000011D 9A               [ 4]  280 	sbc	a, d
    0000011E 30 10            [12]  281 	jr	NC, 00123$
    00000120 D1               [12]  282 	pop	de
    00000121 D5               [16]  283 	push	de
    00000122 79               [ 4]  284 	ld	a, c
    00000123 93               [ 4]  285 	sub	a, e
    00000124 5F               [ 4]  286 	ld	e, a
    00000125 78               [ 4]  287 	ld	a, b
    00000126 9A               [ 4]  288 	sbc	a, d
    00000127 47               [ 4]  289 	ld	b, a
    00000128 7B               [ 4]  290 	ld	a, e
    00000129 21r04r00         [12]  291 	ld	hl, #(_PLAYER + 2)
    0000012C 22               [ 8]  292 	ld	(hl+), a
    0000012D 70               [ 8]  293 	ld	(hl), b
    0000012E 18 07            [12]  294 	jr	00126$
    00000130                        295 00123$:
                                    296 ;src/player.c:41: else PLAYER.y = PLAYER_MIN_Y;
    00000130 21r04r00         [12]  297 	ld	hl, #(_PLAYER + 2)
    00000133 AF               [ 4]  298 	xor	a, a
    00000134 22               [ 8]  299 	ld	(hl+), a
    00000135 36 18            [12]  300 	ld	(hl), #0x18
    00000137                        301 00126$:
                                    302 ;src/player.c:43: if (KEY_PRESSED(J_DOWN)){
    00000137 FAr00r00         [16]  303 	ld	a, (_current_joypad)
    0000013A CB 5F            [ 8]  304 	bit	3, a
    0000013C 28 2B            [12]  305 	jr	Z, 00131$
                                    306 ;src/player.c:44: if (PLAYER.y < (PLAYER_MAX_Y) - PLAYER.dxy ) PLAYER.y += PLAYER.dxy;
    0000013E 21r04r00         [12]  307 	ld	hl, #(_PLAYER + 2)
    00000141 2A               [ 8]  308 	ld	a, (hl+)
    00000142 4F               [ 4]  309 	ld	c, a
    00000143 46               [ 8]  310 	ld	b, (hl)
    00000144 21r06r00         [12]  311 	ld	hl, #(_PLAYER + 4)
    00000147 2A               [ 8]  312 	ld	a,	(hl+)
    00000148 66               [ 8]  313 	ld	h, (hl)
    00000149 6F               [ 4]  314 	ld	l, a
    0000014A AF               [ 4]  315 	xor	a, a
    0000014B 95               [ 4]  316 	sub	a, l
    0000014C 5F               [ 4]  317 	ld	e, a
    0000014D 3E 88            [ 8]  318 	ld	a, #0x88
    0000014F 9C               [ 4]  319 	sbc	a, h
    00000150 57               [ 4]  320 	ld	d, a
    00000151 79               [ 4]  321 	ld	a, c
    00000152 93               [ 4]  322 	sub	a, e
    00000153 78               [ 4]  323 	ld	a, b
    00000154 9A               [ 4]  324 	sbc	a, d
    00000155 30 0B            [12]  325 	jr	NC, 00128$
    00000157 09               [ 8]  326 	add	hl, bc
    00000158 4D               [ 4]  327 	ld	c, l
    00000159 44               [ 4]  328 	ld	b, h
    0000015A 21r04r00         [12]  329 	ld	hl, #(_PLAYER + 2)
    0000015D 79               [ 4]  330 	ld	a, c
    0000015E 22               [ 8]  331 	ld	(hl+), a
    0000015F 70               [ 8]  332 	ld	(hl), b
    00000160 18 07            [12]  333 	jr	00131$
    00000162                        334 00128$:
                                    335 ;src/player.c:45: else PLAYER.y = ((uint16_t)PLAYER_MAX_Y);
    00000162 21r04r00         [12]  336 	ld	hl, #(_PLAYER + 2)
    00000165 AF               [ 4]  337 	xor	a, a
    00000166 22               [ 8]  338 	ld	(hl+), a
    00000167 36 88            [12]  339 	ld	(hl), #0x88
    00000169                        340 00131$:
                                    341 ;src/player.c:47: if (KEY_PRESSED(J_B)){
    00000169 FAr00r00         [16]  342 	ld	a, (_current_joypad)
    0000016C CB 6F            [ 8]  343 	bit	5, a
    0000016E 28 0E            [12]  344 	jr	Z, 00136$
                                    345 ;src/player.c:48: if (PLAYER.last_shot) PLAYER.last_shot--;
    00000170 21r0Cr00         [12]  346 	ld	hl, #_PLAYER + 10
    00000173 7E               [ 8]  347 	ld	a, (hl)
    00000174 B7               [ 4]  348 	or	a, a
    00000175 28 04            [12]  349 	jr	Z, 00133$
    00000177 3D               [ 4]  350 	dec	a
    00000178 77               [ 8]  351 	ld	(hl), a
    00000179 18 03            [12]  352 	jr	00136$
    0000017B                        353 00133$:
                                    354 ;src/player.c:49: else shoot();
    0000017B CDrB0r01         [24]  355 	call	_shoot
    0000017E                        356 00136$:
                                    357 ;src/player.c:51: PLAYER.px = PLAYER.x >> 8;
    0000017E 21r02r00         [12]  358 	ld	hl, #_PLAYER
    00000181 2A               [ 8]  359 	ld	a, (hl+)
    00000182 7E               [ 8]  360 	ld	a, (hl)
    00000183 EAr08r00         [16]  361 	ld	(#(_PLAYER + 6)),a
                                    362 ;src/player.c:52: PLAYER.py = PLAYER.y >> 8;
    00000186 21r04r00         [12]  363 	ld	hl, #(_PLAYER + 2)
    00000189 2A               [ 8]  364 	ld	a, (hl+)
    0000018A 46               [ 8]  365 	ld	b, (hl)
    0000018B 21r09r00         [12]  366 	ld	hl, #(_PLAYER + 7)
    0000018E 70               [ 8]  367 	ld	(hl), b
                                    368 ;src/player.c:53: PLAYER.column = (PLAYER.px + 8) >> 4;
    0000018F 21r08r00         [12]  369 	ld	hl, #(_PLAYER + 6)
    00000192 4E               [ 8]  370 	ld	c, (hl)
    00000193 06 00            [ 8]  371 	ld	b, #0x00
    00000195 21 08 00         [12]  372 	ld	hl, #0x0008
    00000198 09               [ 8]  373 	add	hl, bc
    00000199 CB 2C            [ 8]  374 	sra	h
    0000019B CB 1D            [ 8]  375 	rr	l
    0000019D CB 2C            [ 8]  376 	sra	h
    0000019F CB 1D            [ 8]  377 	rr	l
    000001A1 CB 2C            [ 8]  378 	sra	h
    000001A3 CB 1D            [ 8]  379 	rr	l
    000001A5 CB 2C            [ 8]  380 	sra	h
    000001A7 CB 1D            [ 8]  381 	rr	l
    000001A9 7D               [ 4]  382 	ld	a, l
    000001AA EAr11r00         [16]  383 	ld	(#(_PLAYER + 15)),a
                                    384 ;src/player.c:55: }
    000001AD 33               [ 8]  385 	inc	sp
    000001AE 33               [ 8]  386 	inc	sp
    000001AF C9               [16]  387 	ret
                                    388 ;src/player.c:58: void shoot(void){
                                    389 ;	---------------------------------
                                    390 ; Function shoot
                                    391 ; ---------------------------------
    000001B0                        392 _shoot::
    000001B0 E8 FC            [16]  393 	add	sp, #-4
                                    394 ;src/player.c:59: if (PLAYER.last_shot){
    000001B2 FAr0Cr00         [16]  395 	ld	a, (#(_PLAYER + 10) + 0)
    000001B5 F8 03            [12]  396 	ldhl	sp,#3
                                    397 ;src/player.c:60: PLAYER.last_shot--;
    000001B7 77               [ 8]  398 	ld	(hl),a
    000001B8 B7               [ 4]  399 	or	a,a
    000001B9 28 07            [12]  400 	jr	Z, 00102$
    000001BB 3D               [ 4]  401 	dec	a
    000001BC EAr0Cr00         [16]  402 	ld	(#(_PLAYER + 10)),a
                                    403 ;src/player.c:61: return;
    000001BF C3r5Ar02         [16]  404 	jp	00109$
    000001C2                        405 00102$:
                                    406 ;src/player.c:64: for (uint8_t i=0; i<MAX_BULLETS; i++){
    000001C2 F8 00            [12]  407 	ldhl	sp,	#0
    000001C4 36 00            [12]  408 	ld	(hl), #0x00
    000001C6 F8 03            [12]  409 	ldhl	sp,	#3
    000001C8 36 00            [12]  410 	ld	(hl), #0x00
    000001CA                        411 00107$:
    000001CA F8 03            [12]  412 	ldhl	sp,	#3
    000001CC 7E               [ 8]  413 	ld	a, (hl)
    000001CD D6 04            [ 8]  414 	sub	a, #0x04
    000001CF D2r5Ar02         [16]  415 	jp	NC, 00109$
                                    416 ;src/player.c:65: if (!BULLETS[i].isactive){
    000001D2 4E               [ 8]  417 	ld	c, (hl)
    000001D3 06 00            [ 8]  418 	ld	b, #0x00
    000001D5 69               [ 4]  419 	ld	l, c
    000001D6 60               [ 4]  420 	ld	h, b
    000001D7 29               [ 8]  421 	add	hl, hl
    000001D8 09               [ 8]  422 	add	hl, bc
    000001D9 29               [ 8]  423 	add	hl, hl
    000001DA 09               [ 8]  424 	add	hl, bc
    000001DB 01r00r00         [12]  425 	ld	bc, #_BULLETS
    000001DE 09               [ 8]  426 	add	hl, bc
    000001DF E5               [16]  427 	push	hl
    000001E0 7D               [ 4]  428 	ld	a, l
    000001E1 F8 03            [12]  429 	ldhl	sp,	#3
    000001E3 77               [ 8]  430 	ld	(hl), a
    000001E4 E1               [12]  431 	pop	hl
    000001E5 7C               [ 4]  432 	ld	a, h
    000001E6 F8 02            [12]  433 	ldhl	sp,	#2
    000001E8 32               [ 8]  434 	ld	(hl-), a
    000001E9 2A               [ 8]  435 	ld	a, (hl+)
    000001EA 5F               [ 4]  436 	ld	e, a
    000001EB 56               [ 8]  437 	ld	d, (hl)
    000001EC 21 06 00         [12]  438 	ld	hl, #0x0006
    000001EF 19               [ 8]  439 	add	hl, de
    000001F0 4D               [ 4]  440 	ld	c, l
    000001F1 44               [ 4]  441 	ld	b, h
    000001F2 0A               [ 8]  442 	ld	a, (bc)
    000001F3 B7               [ 4]  443 	or	a, a
    000001F4 20 5A            [12]  444 	jr	NZ, 00108$
                                    445 ;src/player.c:66: PLAYER.last_shot = SHOOT_LAG;
    000001F6 21r0Cr00         [12]  446 	ld	hl, #(_PLAYER + 10)
    000001F9 36 08            [12]  447 	ld	(hl), #0x08
                                    448 ;src/player.c:67: BULLETS[i].isactive = 1;
    000001FB 3E 01            [ 8]  449 	ld	a, #0x01
    000001FD 02               [ 8]  450 	ld	(bc), a
                                    451 ;src/player.c:68: BULLETS[i].x = PLAYER.x;
    000001FE F8 01            [12]  452 	ldhl	sp,	#1
    00000200 2A               [ 8]  453 	ld	a, (hl+)
    00000201 4F               [ 4]  454 	ld	c, a
    00000202 46               [ 8]  455 	ld	b, (hl)
    00000203 21r02r00         [12]  456 	ld	hl, #_PLAYER
    00000206 2A               [ 8]  457 	ld	a,	(hl+)
    00000207 66               [ 8]  458 	ld	h, (hl)
    00000208 02               [ 8]  459 	ld	(bc), a
    00000209 03               [ 8]  460 	inc	bc
    0000020A 7C               [ 4]  461 	ld	a, h
    0000020B 02               [ 8]  462 	ld	(bc), a
                                    463 ;src/player.c:69: BULLETS[i].y = PLAYER.y;
    0000020C F8 01            [12]  464 	ldhl	sp,	#1
    0000020E 2A               [ 8]  465 	ld	a, (hl+)
    0000020F 4F               [ 4]  466 	ld	c, a
    00000210 46               [ 8]  467 	ld	b, (hl)
    00000211 03               [ 8]  468 	inc	bc
    00000212 03               [ 8]  469 	inc	bc
    00000213 21r04r00         [12]  470 	ld	hl, #_PLAYER + 2
    00000216 2A               [ 8]  471 	ld	a,	(hl+)
    00000217 66               [ 8]  472 	ld	h, (hl)
    00000218 02               [ 8]  473 	ld	(bc), a
    00000219 03               [ 8]  474 	inc	bc
    0000021A 7C               [ 4]  475 	ld	a, h
    0000021B 02               [ 8]  476 	ld	(bc), a
                                    477 ;src/player.c:70: BULLETS[i].px = PLAYER.px;
    0000021C F8 01            [12]  478 	ldhl	sp,#1
    0000021E 2A               [ 8]  479 	ld	a, (hl+)
    0000021F 5F               [ 4]  480 	ld	e, a
    00000220 56               [ 8]  481 	ld	d, (hl)
    00000221 21 04 00         [12]  482 	ld	hl, #0x0004
    00000224 19               [ 8]  483 	add	hl, de
    00000225 4D               [ 4]  484 	ld	c, l
    00000226 44               [ 4]  485 	ld	b, h
    00000227 FAr08r00         [16]  486 	ld	a, (#(_PLAYER + 6) + 0)
    0000022A 02               [ 8]  487 	ld	(bc), a
                                    488 ;src/player.c:71: BULLETS[i].py = PLAYER.py;
    0000022B F8 01            [12]  489 	ldhl	sp,#1
    0000022D 2A               [ 8]  490 	ld	a, (hl+)
    0000022E 5F               [ 4]  491 	ld	e, a
    0000022F 56               [ 8]  492 	ld	d, (hl)
    00000230 21 05 00         [12]  493 	ld	hl, #0x0005
    00000233 19               [ 8]  494 	add	hl, de
    00000234 4D               [ 4]  495 	ld	c, l
    00000235 44               [ 4]  496 	ld	b, h
    00000236 FAr09r00         [16]  497 	ld	a, (#(_PLAYER + 7) + 0)
    00000239 02               [ 8]  498 	ld	(bc), a
                                    499 ;src/player.c:73: ACTIVE_BULLETS[active_bullet_index++] = i;
    0000023A FAr00r00         [16]  500 	ld	a, (_active_bullet_index)
    0000023D 4F               [ 4]  501 	ld	c, a
    0000023E 21r00r00         [12]  502 	ld	hl, #_active_bullet_index
    00000241 34               [12]  503 	inc	(hl)
    00000242 21r00r00         [12]  504 	ld	hl, #_ACTIVE_BULLETS
    00000245 06 00            [ 8]  505 	ld	b, #0x00
    00000247 09               [ 8]  506 	add	hl, bc
    00000248 E5               [16]  507 	push	hl
    00000249 F8 02            [12]  508 	ldhl	sp,	#2
    0000024B 7E               [ 8]  509 	ld	a, (hl)
    0000024C E1               [12]  510 	pop	hl
    0000024D 77               [ 8]  511 	ld	(hl), a
                                    512 ;src/player.c:74: return;
    0000024E 18 0A            [12]  513 	jr	00109$
    00000250                        514 00108$:
                                    515 ;src/player.c:64: for (uint8_t i=0; i<MAX_BULLETS; i++){
    00000250 F8 03            [12]  516 	ldhl	sp,	#3
    00000252 34               [12]  517 	inc	(hl)
    00000253 7E               [ 8]  518 	ld	a, (hl)
    00000254 F8 00            [12]  519 	ldhl	sp,	#0
    00000256 77               [ 8]  520 	ld	(hl), a
    00000257 C3rCAr01         [16]  521 	jp	00107$
    0000025A                        522 00109$:
                                    523 ;src/player.c:77: }
    0000025A E8 04            [16]  524 	add	sp, #4
    0000025C C9               [16]  525 	ret
                                    526 ;src/player.c:79: void draw_player(void){
                                    527 ;	---------------------------------
                                    528 ; Function draw_player
                                    529 ; ---------------------------------
    0000025D                        530 _draw_player::
    0000025D 3B               [ 8]  531 	dec	sp
    0000025E 3B               [ 8]  532 	dec	sp
                                    533 ;src/player.c:80: if (PLAYER.invinsibility_timer&8) return;
    0000025F FAr0Er00         [16]  534 	ld	a, (#(_PLAYER + 12) + 0)
    00000262 CB 5F            [ 8]  535 	bit	3, a
    00000264 C2r22r03         [16]  536 	jp	NZ, 00111$
                                    537 ;src/player.c:83: PLAYER.px, PLAYER.py);
    00000267 21r09r00         [12]  538 	ld	hl, #(_PLAYER + 7)
    0000026A 46               [ 8]  539 	ld	b, (hl)
    0000026B 21r08r00         [12]  540 	ld	hl, #(_PLAYER + 6)
    0000026E 4E               [ 8]  541 	ld	c, (hl)
    0000026F FAr00r00         [16]  542 	ld	a, (#_oam)
    00000272 F8 01            [12]  543 	ldhl	sp,	#1
    00000274 77               [ 8]  544 	ld	(hl), a
                                    545 ;src/player.c:81: oam+=move_metasprite_ex(spaceship_sprite_metasprites[0],
    00000275 21r00r00         [12]  546 	ld	hl, #_spaceship_sprite_metasprites
    00000278 2A               [ 8]  547 	ld	a,	(hl+)
    00000279 66               [ 8]  548 	ld	h, (hl)
                                    549 ;/home/meloni/Lib/gbdk/include/gb/metasprites.h:160: __current_metasprite = metasprite;
    0000027A 5F               [ 4]  550 	ld	e, a
    0000027B 54               [ 4]  551 	ld	d, h
    0000027C 21r00r00         [12]  552 	ld	hl, #___current_metasprite
    0000027F 7B               [ 4]  553 	ld	a, e
    00000280 22               [ 8]  554 	ld	(hl+), a
    00000281 72               [ 8]  555 	ld	(hl), d
                                    556 ;/home/meloni/Lib/gbdk/include/gb/metasprites.h:161: __current_base_tile = base_tile;
                                    557 ;/home/meloni/Lib/gbdk/include/gb/metasprites.h:162: __current_base_prop = base_prop;
    00000282 AF               [ 4]  558 	xor	a, a
    00000283 EAr00r00         [16]  559 	ld	(#___current_base_tile), a
    00000286 EAr00r00         [16]  560 	ld	(#___current_base_prop),a
                                    561 ;/home/meloni/Lib/gbdk/include/gb/metasprites.h:163: return __move_metasprite(base_sprite, (y << 8) | (uint8_t)x);
    00000289 50               [ 4]  562 	ld	d, b
    0000028A 59               [ 4]  563 	ld	e, c
    0000028B F8 01            [12]  564 	ldhl	sp,	#1
    0000028D 7E               [ 8]  565 	ld	a, (hl)
    0000028E CDr00r00         [24]  566 	call	___move_metasprite
                                    567 ;src/player.c:83: PLAYER.px, PLAYER.py);
    00000291 21r00r00         [12]  568 	ld	hl, #_oam
    00000294 86               [ 8]  569 	add	a, (hl)
    00000295 77               [ 8]  570 	ld	(hl), a
                                    571 ;src/player.c:84: if ( (PLAYER.flags & PLAYER_FLAG_SHIELD) && (level_framecounter & 4) ){
    00000296 FAr10r00         [16]  572 	ld	a, (#(_PLAYER + 14) + 0)
    00000299 0F               [ 4]  573 	rrca
    0000029A 30 38            [12]  574 	jr	NC, 00104$
    0000029C FAr00r00         [16]  575 	ld	a, (_level_framecounter)
    0000029F CB 57            [ 8]  576 	bit	2, a
    000002A1 28 31            [12]  577 	jr	Z, 00104$
                                    578 ;src/player.c:87: PLAYER.px, PLAYER.py);
    000002A3 21r09r00         [12]  579 	ld	hl, #(_PLAYER + 7)
    000002A6 4E               [ 8]  580 	ld	c, (hl)
    000002A7 21r08r00         [12]  581 	ld	hl, #(_PLAYER + 6)
    000002AA 46               [ 8]  582 	ld	b, (hl)
    000002AB FAr00r00         [16]  583 	ld	a, (#_oam)
    000002AE F8 01            [12]  584 	ldhl	sp,	#1
    000002B0 77               [ 8]  585 	ld	(hl), a
                                    586 ;src/player.c:85: oam+=move_metasprite_ex(shield_sprite_metasprites[0],
    000002B1 21r00r00         [12]  587 	ld	hl, #_shield_sprite_metasprites
    000002B4 2A               [ 8]  588 	ld	a,	(hl+)
    000002B5 66               [ 8]  589 	ld	h, (hl)
                                    590 ;/home/meloni/Lib/gbdk/include/gb/metasprites.h:160: __current_metasprite = metasprite;
    000002B6 5F               [ 4]  591 	ld	e, a
    000002B7 54               [ 4]  592 	ld	d, h
    000002B8 21r00r00         [12]  593 	ld	hl, #___current_metasprite
    000002BB 7B               [ 4]  594 	ld	a, e
    000002BC 22               [ 8]  595 	ld	(hl+), a
    000002BD 72               [ 8]  596 	ld	(hl), d
                                    597 ;/home/meloni/Lib/gbdk/include/gb/metasprites.h:161: __current_base_tile = base_tile;
    000002BE 21r00r00         [12]  598 	ld	hl, #___current_base_tile
    000002C1 36 0E            [12]  599 	ld	(hl), #0x0e
                                    600 ;/home/meloni/Lib/gbdk/include/gb/metasprites.h:162: __current_base_prop = base_prop;
    000002C3 AF               [ 4]  601 	xor	a, a
    000002C4 EAr00r00         [16]  602 	ld	(#___current_base_prop),a
                                    603 ;/home/meloni/Lib/gbdk/include/gb/metasprites.h:163: return __move_metasprite(base_sprite, (y << 8) | (uint8_t)x);
    000002C7 51               [ 4]  604 	ld	d, c
    000002C8 58               [ 4]  605 	ld	e, b
    000002C9 F8 01            [12]  606 	ldhl	sp,	#1
    000002CB 7E               [ 8]  607 	ld	a, (hl)
    000002CC CDr00r00         [24]  608 	call	___move_metasprite
                                    609 ;src/player.c:87: PLAYER.px, PLAYER.py);
    000002CF 21r00r00         [12]  610 	ld	hl, #_oam
    000002D2 86               [ 8]  611 	add	a, (hl)
    000002D3 77               [ 8]  612 	ld	(hl), a
    000002D4                        613 00104$:
                                    614 ;src/player.c:89: if (PLAYER.last_boost){
    000002D4 21r0Dr00         [12]  615 	ld	hl, #(_PLAYER + 11)
    000002D7 46               [ 8]  616 	ld	b, (hl)
    000002D8 78               [ 4]  617 	ld	a, b
    000002D9 B7               [ 4]  618 	or	a, a
    000002DA 28 46            [12]  619 	jr	Z, 00111$
                                    620 ;src/player.c:92: PLAYER.px, PLAYER.py+6);
    000002DC FAr09r00         [16]  621 	ld	a, (#(_PLAYER + 7) + 0)
    000002DF C6 06            [ 8]  622 	add	a, #0x06
    000002E1 F8 00            [12]  623 	ldhl	sp,	#0
    000002E3 77               [ 8]  624 	ld	(hl), a
    000002E4 21r08r00         [12]  625 	ld	hl, #(_PLAYER + 6)
    000002E7 4E               [ 8]  626 	ld	c, (hl)
    000002E8 FAr00r00         [16]  627 	ld	a, (#_oam)
    000002EB F8 01            [12]  628 	ldhl	sp,	#1
    000002ED 77               [ 8]  629 	ld	(hl), a
                                    630 ;src/player.c:90: oam+=move_metasprite_ex(booster_sprite_metasprites[(PLAYER.last_boost&12)>>2],
    000002EE 78               [ 4]  631 	ld	a, b
    000002EF E6 0C            [ 8]  632 	and	a, #0x0c
    000002F1 6F               [ 4]  633 	ld	l, a
    000002F2 26 00            [ 8]  634 	ld	h, #0x00
    000002F4 CB 2C            [ 8]  635 	sra	h
    000002F6 CB 1D            [ 8]  636 	rr	l
    000002F8 CB 2C            [ 8]  637 	sra	h
    000002FA CB 1D            [ 8]  638 	rr	l
    000002FC 29               [ 8]  639 	add	hl, hl
    000002FD 11r00r00         [12]  640 	ld	de, #_booster_sprite_metasprites
    00000300 19               [ 8]  641 	add	hl, de
    00000301 2A               [ 8]  642 	ld	a,	(hl+)
    00000302 66               [ 8]  643 	ld	h, (hl)
                                    644 ;/home/meloni/Lib/gbdk/include/gb/metasprites.h:160: __current_metasprite = metasprite;
    00000303 5F               [ 4]  645 	ld	e, a
    00000304 54               [ 4]  646 	ld	d, h
    00000305 21r00r00         [12]  647 	ld	hl, #___current_metasprite
    00000308 7B               [ 4]  648 	ld	a, e
    00000309 22               [ 8]  649 	ld	(hl+), a
    0000030A 72               [ 8]  650 	ld	(hl), d
                                    651 ;/home/meloni/Lib/gbdk/include/gb/metasprites.h:161: __current_base_tile = base_tile;
    0000030B 21r00r00         [12]  652 	ld	hl, #___current_base_tile
    0000030E 36 12            [12]  653 	ld	(hl), #0x12
                                    654 ;/home/meloni/Lib/gbdk/include/gb/metasprites.h:162: __current_base_prop = base_prop;
    00000310 AF               [ 4]  655 	xor	a, a
    00000311 EAr00r00         [16]  656 	ld	(#___current_base_prop),a
                                    657 ;/home/meloni/Lib/gbdk/include/gb/metasprites.h:163: return __move_metasprite(base_sprite, (y << 8) | (uint8_t)x);
    00000314 F8 00            [12]  658 	ldhl	sp,	#0
    00000316 2A               [ 8]  659 	ld	a, (hl+)
    00000317 57               [ 4]  660 	ld	d, a
    00000318 59               [ 4]  661 	ld	e, c
    00000319 7E               [ 8]  662 	ld	a, (hl)
    0000031A CDr00r00         [24]  663 	call	___move_metasprite
                                    664 ;src/player.c:92: PLAYER.px, PLAYER.py+6);
    0000031D 21r00r00         [12]  665 	ld	hl, #_oam
    00000320 86               [ 8]  666 	add	a, (hl)
    00000321 77               [ 8]  667 	ld	(hl), a
    00000322                        668 00111$:
                                    669 ;src/player.c:95: }
    00000322 33               [ 8]  670 	inc	sp
    00000323 33               [ 8]  671 	inc	sp
    00000324 C9               [16]  672 	ret
                                    673 	.area _CODE
                                    674 	.area _INITIALIZER
    00000000                        675 __xinit____EMU_PROFILER_INIT:
    00000000r00r00                  676 	.dw _EMU_profiler_message
                                    677 	.area _CABS (ABS)
