                                      1 ;--------------------------------------------------------
                                      2 ; File Created by SDCC : free open source ISO C Compiler
                                      3 ; Version 4.5.1 #15267 (Linux)
                                      4 ;--------------------------------------------------------
                                      5 	.module powerup
                                      6 	
                                      7 ;--------------------------------------------------------
                                      8 ; Public variables in this module
                                      9 ;--------------------------------------------------------
                                     10 	.globl _init_powerups
                                     11 	.globl _POWERUP
                                     12 	.globl _powerup_pattern
                                     13 	.globl _handle_powerup
                                     14 	.globl _add_powerup
                                     15 ;--------------------------------------------------------
                                     16 ; special function registers
                                     17 ;--------------------------------------------------------
                                     18 ;--------------------------------------------------------
                                     19 ; ram data
                                     20 ;--------------------------------------------------------
                                     21 	.area _DATA
    00000000                         22 _POWERUP::
    00000000                         23 	.ds 11
                                     24 ;--------------------------------------------------------
                                     25 ; ram data
                                     26 ;--------------------------------------------------------
                                     27 	.area _INITIALIZED
    00000000                         28 ___EMU_PROFILER_INIT:
    00000000                         29 	.ds 2
                                     30 ;--------------------------------------------------------
                                     31 ; absolute external ram data
                                     32 ;--------------------------------------------------------
                                     33 	.area _DABS (ABS)
                                     34 ;--------------------------------------------------------
                                     35 ; global & static initialisations
                                     36 ;--------------------------------------------------------
                                     37 	.area _HOME
                                     38 	.area _GSINIT
                                     39 	.area _GSFINAL
                                     40 	.area _GSINIT
                                     41 ;--------------------------------------------------------
                                     42 ; Home
                                     43 ;--------------------------------------------------------
                                     44 	.area _HOME
                                     45 	.area _HOME
                                     46 ;--------------------------------------------------------
                                     47 ; code
                                     48 ;--------------------------------------------------------
                                     49 	.area _CODE
                                     50 ;src/powerup.c:19: void init_powerups(void){
                                     51 ;	---------------------------------
                                     52 ; Function init_powerups
                                     53 ; ---------------------------------
    00000000                         54 _init_powerups::
                                     55 ;src/powerup.c:20: POWERUP.x = 0;
    00000000 21r00r00         [12]   56 	ld	hl, #_POWERUP
    00000003 AF               [ 4]   57 	xor	a, a
    00000004 22               [ 8]   58 	ld	(hl+), a
                                     59 ;src/powerup.c:21: POWERUP.y = 0;
    00000005 22               [ 8]   60 	ld	(hl+), a
    00000006 AF               [ 4]   61 	xor	a, a
    00000007 22               [ 8]   62 	ld	(hl+), a
    00000008 77               [ 8]   63 	ld	(hl), a
                                     64 ;src/powerup.c:22: POWERUP.type = 0;
    00000009 21r06r00         [12]   65 	ld	hl, #_POWERUP + 6
    0000000C 36 00            [12]   66 	ld	(hl), #0x00
                                     67 ;src/powerup.c:23: POWERUP.isactive = 0;
    0000000E 21r07r00         [12]   68 	ld	hl, #_POWERUP + 7
    00000011 36 00            [12]   69 	ld	(hl), #0x00
                                     70 ;src/powerup.c:24: POWERUP.activepattern = 0;
    00000013 21r08r00         [12]   71 	ld	hl, #_POWERUP + 8
    00000016 36 00            [12]   72 	ld	(hl), #0x00
                                     73 ;src/powerup.c:25: POWERUP.framecount = 0;
    00000018 21r09r00         [12]   74 	ld	hl, #(_POWERUP + 9)
    0000001B AF               [ 4]   75 	xor	a, a
    0000001C 22               [ 8]   76 	ld	(hl+), a
    0000001D 77               [ 8]   77 	ld	(hl), a
                                     78 ;src/powerup.c:26: }
    0000001E C9               [16]   79 	ret
    0000001F                         80 _powerup_pattern:
    0000001F 00 FF                   81 	.dw #0xff00
    00000021 40 00                   82 	.dw #0x0040
    00000023 0A 00                   83 	.dw #0x000a
    00000025 40 FF                   84 	.dw #0xff40
    00000027 40 00                   85 	.dw #0x0040
    00000029 0A 00                   86 	.dw #0x000a
    0000002B C0 FF                   87 	.dw #0xffc0
    0000002D 40 00                   88 	.dw #0x0040
    0000002F 0A 00                   89 	.dw #0x000a
    00000031 00 00                   90 	.dw #0x0000
    00000033 40 00                   91 	.dw #0x0040
    00000035 0A 00                   92 	.dw #0x000a
    00000037 40 00                   93 	.dw #0x0040
    00000039 40 00                   94 	.dw #0x0040
    0000003B 0A 00                   95 	.dw #0x000a
    0000003D C0 00                   96 	.dw #0x00c0
    0000003F 40 00                   97 	.dw #0x0040
    00000041 0A 00                   98 	.dw #0x000a
    00000043 00 01                   99 	.dw #0x0100
    00000045 40 00                  100 	.dw #0x0040
    00000047 0A 00                  101 	.dw #0x000a
    00000049 C0 00                  102 	.dw #0x00c0
    0000004B 40 00                  103 	.dw #0x0040
    0000004D 0A 00                  104 	.dw #0x000a
    0000004F 40 00                  105 	.dw #0x0040
    00000051 40 00                  106 	.dw #0x0040
    00000053 0A 00                  107 	.dw #0x000a
    00000055 00 00                  108 	.dw #0x0000
    00000057 40 00                  109 	.dw #0x0040
    00000059 0A 00                  110 	.dw #0x000a
    0000005B C0 FF                  111 	.dw #0xffc0
    0000005D 40 00                  112 	.dw #0x0040
    0000005F 0A 00                  113 	.dw #0x000a
    00000061 40 FF                  114 	.dw #0xff40
    00000063 40 00                  115 	.dw #0x0040
    00000065 0A 00                  116 	.dw #0x000a
                                    117 ;src/powerup.c:29: void handle_powerup(void){
                                    118 ;	---------------------------------
                                    119 ; Function handle_powerup
                                    120 ; ---------------------------------
    00000067                        121 _handle_powerup::
    00000067 E8 FC            [16]  122 	add	sp, #-4
                                    123 ;src/powerup.c:30: if (POWERUP.isactive && (level_framecounter % 2 == 0)){
                                    124 ;src/powerup.c:41: POWERUP.px = POWERUP.x >> 8;
                                    125 ;src/powerup.c:42: POWERUP.py = POWERUP.y >> 8;
                                    126 ;src/powerup.c:55: switch (POWERUP.type){
                                    127 ;src/powerup.c:30: if (POWERUP.isactive && (level_framecounter % 2 == 0)){
    00000069 FAr07r00         [16]  128 	ld	a, (#(_POWERUP + 7) + 0)
    0000006C B7               [ 4]  129 	or	a, a
    0000006D CAr05r02         [16]  130 	jp	Z, 00123$
    00000070 FAr00r00         [16]  131 	ld	a, (_level_framecounter)
    00000073 0F               [ 4]  132 	rrca
    00000074 DAr05r02         [16]  133 	jp	C, 00123$
                                    134 ;src/powerup.c:31: if (POWERUP.framecount == 0){
    00000077 21r09r00         [12]  135 	ld	hl, #(_POWERUP + 9)
    0000007A 2A               [ 8]  136 	ld	a, (hl+)
                                    137 ;src/powerup.c:32: POWERUP.framecount = powerup_pattern[POWERUP.activepattern][2];
                                    138 ;src/powerup.c:31: if (POWERUP.framecount == 0){
    0000007B B6               [ 8]  139 	or	a, (hl)
    0000007C 20 2C            [12]  140 	jr	NZ, 00104$
                                    141 ;src/powerup.c:32: POWERUP.framecount = powerup_pattern[POWERUP.activepattern][2];
    0000007E 21r08r00         [12]  142 	ld	hl, #(_POWERUP + 8)
    00000081 4E               [ 8]  143 	ld	c, (hl)
    00000082 06 00            [ 8]  144 	ld	b, #0x00
    00000084 69               [ 4]  145 	ld	l, c
    00000085 60               [ 4]  146 	ld	h, b
    00000086 29               [ 8]  147 	add	hl, hl
    00000087 09               [ 8]  148 	add	hl, bc
    00000088 29               [ 8]  149 	add	hl, hl
    00000089 11r1Fr00         [12]  150 	ld	de, #_powerup_pattern
    0000008C 19               [ 8]  151 	add	hl, de
    0000008D 01 04 00         [12]  152 	ld	bc, #0x0004
    00000090 09               [ 8]  153 	add	hl, bc
    00000091 2A               [ 8]  154 	ld	a, (hl+)
    00000092 4F               [ 4]  155 	ld	c, a
    00000093 46               [ 8]  156 	ld	b, (hl)
    00000094 21r09r00         [12]  157 	ld	hl, #(_POWERUP + 9)
    00000097 79               [ 4]  158 	ld	a, c
    00000098 22               [ 8]  159 	ld	(hl+), a
                                    160 ;src/powerup.c:33: POWERUP.activepattern+=1;
    00000099 78               [ 4]  161 	ld	a, b
    0000009A 32               [ 8]  162 	ld	(hl-), a
    0000009B 2B               [ 8]  163 	dec	hl
    0000009C FAr08r00         [16]  164 	ld	a, (#(_POWERUP + 8) + 0)
    0000009F 3C               [ 4]  165 	inc	a
    000000A0 77               [ 8]  166 	ld	(hl), a
                                    167 ;src/powerup.c:34: if (POWERUP.activepattern >= POWERUP_PATTERN_COUNT){
    000000A1 FAr08r00         [16]  168 	ld	a, (#(_POWERUP + 8) + 0)
    000000A4 D6 0C            [ 8]  169 	sub	a, #0x0c
    000000A6 38 02            [12]  170 	jr	C, 00104$
                                    171 ;src/powerup.c:35: POWERUP.activepattern = 0;
    000000A8 36 00            [12]  172 	ld	(hl), #0x00
    000000AA                        173 00104$:
                                    174 ;src/powerup.c:38: POWERUP.framecount--;
    000000AA 21r09r00         [12]  175 	ld	hl, #(_POWERUP + 9)
    000000AD 2A               [ 8]  176 	ld	a, (hl+)
    000000AE 4F               [ 4]  177 	ld	c, a
    000000AF 46               [ 8]  178 	ld	b, (hl)
    000000B0 0B               [ 8]  179 	dec	bc
    000000B1 21r09r00         [12]  180 	ld	hl, #(_POWERUP + 9)
    000000B4 79               [ 4]  181 	ld	a, c
    000000B5 22               [ 8]  182 	ld	(hl+), a
    000000B6 70               [ 8]  183 	ld	(hl), b
                                    184 ;src/powerup.c:39: POWERUP.x += powerup_pattern[POWERUP.activepattern][0];
    000000B7 21r00r00         [12]  185 	ld	hl, #_POWERUP
    000000BA 2A               [ 8]  186 	ld	a, (hl+)
    000000BB 4F               [ 4]  187 	ld	c, a
    000000BC 46               [ 8]  188 	ld	b, (hl)
    000000BD FAr08r00         [16]  189 	ld	a, (#(_POWERUP + 8) + 0)
    000000C0 5F               [ 4]  190 	ld	e, a
    000000C1 16 00            [ 8]  191 	ld	d, #0x00
    000000C3 6B               [ 4]  192 	ld	l, e
    000000C4 62               [ 4]  193 	ld	h, d
    000000C5 29               [ 8]  194 	add	hl, hl
    000000C6 19               [ 8]  195 	add	hl, de
    000000C7 29               [ 8]  196 	add	hl, hl
    000000C8 11r1Fr00         [12]  197 	ld	de, #_powerup_pattern
    000000CB 19               [ 8]  198 	add	hl, de
    000000CC 2A               [ 8]  199 	ld	a,	(hl+)
    000000CD 66               [ 8]  200 	ld	h, (hl)
    000000CE 6F               [ 4]  201 	ld	l, a
    000000CF 09               [ 8]  202 	add	hl, bc
    000000D0 4D               [ 4]  203 	ld	c, l
    000000D1 44               [ 4]  204 	ld	b, h
    000000D2 21r00r00         [12]  205 	ld	hl, #_POWERUP
    000000D5 79               [ 4]  206 	ld	a, c
    000000D6 22               [ 8]  207 	ld	(hl+), a
    000000D7 70               [ 8]  208 	ld	(hl), b
                                    209 ;src/powerup.c:40: POWERUP.y += powerup_pattern[POWERUP.activepattern][1];
    000000D8 21r02r00         [12]  210 	ld	hl, #(_POWERUP + 2)
    000000DB 2A               [ 8]  211 	ld	a, (hl+)
    000000DC 4F               [ 4]  212 	ld	c, a
    000000DD 46               [ 8]  213 	ld	b, (hl)
    000000DE FAr08r00         [16]  214 	ld	a, (#(_POWERUP + 8) + 0)
    000000E1 5F               [ 4]  215 	ld	e, a
    000000E2 16 00            [ 8]  216 	ld	d, #0x00
    000000E4 6B               [ 4]  217 	ld	l, e
    000000E5 62               [ 4]  218 	ld	h, d
    000000E6 29               [ 8]  219 	add	hl, hl
    000000E7 19               [ 8]  220 	add	hl, de
    000000E8 29               [ 8]  221 	add	hl, hl
    000000E9 11r1Fr00         [12]  222 	ld	de, #_powerup_pattern
    000000EC 19               [ 8]  223 	add	hl, de
    000000ED 23               [ 8]  224 	inc	hl
    000000EE 23               [ 8]  225 	inc	hl
    000000EF 2A               [ 8]  226 	ld	a,	(hl+)
    000000F0 66               [ 8]  227 	ld	h, (hl)
    000000F1 6F               [ 4]  228 	ld	l, a
    000000F2 09               [ 8]  229 	add	hl, bc
    000000F3 4D               [ 4]  230 	ld	c, l
    000000F4 44               [ 4]  231 	ld	b, h
    000000F5 21r02r00         [12]  232 	ld	hl, #(_POWERUP + 2)
    000000F8 79               [ 4]  233 	ld	a, c
    000000F9 22               [ 8]  234 	ld	(hl+), a
    000000FA 70               [ 8]  235 	ld	(hl), b
                                    236 ;src/powerup.c:41: POWERUP.px = POWERUP.x >> 8;
    000000FB 21r00r00         [12]  237 	ld	hl, #_POWERUP
    000000FE 2A               [ 8]  238 	ld	a, (hl+)
    000000FF 7E               [ 8]  239 	ld	a, (hl)
    00000100 EAr04r00         [16]  240 	ld	(#(_POWERUP + 4)),a
                                    241 ;src/powerup.c:42: POWERUP.py = POWERUP.y >> 8;
    00000103 21r02r00         [12]  242 	ld	hl, #(_POWERUP + 2)
    00000106 2A               [ 8]  243 	ld	a, (hl+)
    00000107 7E               [ 8]  244 	ld	a, (hl)
    00000108 21r05r00         [12]  245 	ld	hl, #(_POWERUP + 5)
    0000010B 77               [ 8]  246 	ld	(hl), a
                                    247 ;src/powerup.c:43: if (POWERUP.py > 168){
    0000010C FE A9            [ 8]  248 	cp	a, #0xa9
    0000010E 38 07            [12]  249 	jr	C, 00106$
                                    250 ;src/powerup.c:44: POWERUP.isactive = 0;
    00000110 23               [ 8]  251 	inc	hl
    00000111 23               [ 8]  252 	inc	hl
    00000112 36 00            [12]  253 	ld	(hl), #0x00
                                    254 ;src/powerup.c:45: return;
    00000114 C3r47r02         [16]  255 	jp	00128$
    00000117                        256 00106$:
                                    257 ;src/powerup.c:48: if ( ((PLAYER.py) < (POWERUP.py)+8) &&
    00000117 FAr07r00         [16]  258 	ld	a, (#(_PLAYER + 7) + 0)
    0000011A F8 03            [12]  259 	ldhl	sp,	#3
    0000011C 77               [ 8]  260 	ld	(hl), a
    0000011D 21r05r00         [12]  261 	ld	hl, #(_POWERUP + 5)
    00000120 4E               [ 8]  262 	ld	c, (hl)
    00000121 06 00            [ 8]  263 	ld	b, #0x00
    00000123 21 08 00         [12]  264 	ld	hl, #0x0008
    00000126 09               [ 8]  265 	add	hl, bc
    00000127 33               [ 8]  266 	inc	sp
    00000128 33               [ 8]  267 	inc	sp
    00000129 E5               [16]  268 	push	hl
    0000012A F8 03            [12]  269 	ldhl	sp,	#3
    0000012C 3A               [ 8]  270 	ld	a, (hl-)
    0000012D 22               [ 8]  271 	ld	(hl+), a
    0000012E 36 00            [12]  272 	ld	(hl), #0x00
    00000130 F8 02            [12]  273 	ldhl	sp,	#2
    00000132 5D               [ 4]  274 	ld	e, l
    00000133 54               [ 4]  275 	ld	d, h
    00000134 F8 00            [12]  276 	ldhl	sp,	#0
    00000136 1A               [ 8]  277 	ld	a, (de)
    00000137 13               [ 8]  278 	inc	de
    00000138 96               [ 8]  279 	sub	a, (hl)
    00000139 23               [ 8]  280 	inc	hl
    0000013A 1A               [ 8]  281 	ld	a, (de)
    0000013B 9E               [ 8]  282 	sbc	a, (hl)
    0000013C D2r05r02         [16]  283 	jp	NC, 00123$
                                    284 ;src/powerup.c:49: ((PLAYER.py) > (POWERUP.py)-7) )
    0000013F 11 07 00         [12]  285 	ld	de, #0x0007
    00000142 79               [ 4]  286 	ld	a, c
    00000143 93               [ 4]  287 	sub	a, e
    00000144 5F               [ 4]  288 	ld	e, a
    00000145 78               [ 4]  289 	ld	a, b
    00000146 9A               [ 4]  290 	sbc	a, d
    00000147 F8 01            [12]  291 	ldhl	sp,	#1
    00000149 32               [ 8]  292 	ld	(hl-), a
    0000014A 73               [ 8]  293 	ld	(hl), e
    0000014B F8 00            [12]  294 	ldhl	sp,	#0
    0000014D 5D               [ 4]  295 	ld	e, l
    0000014E 54               [ 4]  296 	ld	d, h
    0000014F F8 02            [12]  297 	ldhl	sp,	#2
    00000151 1A               [ 8]  298 	ld	a, (de)
    00000152 13               [ 8]  299 	inc	de
    00000153 96               [ 8]  300 	sub	a, (hl)
    00000154 23               [ 8]  301 	inc	hl
    00000155 1A               [ 8]  302 	ld	a, (de)
    00000156 9E               [ 8]  303 	sbc	a, (hl)
    00000157 1A               [ 8]  304 	ld	a, (de)
    00000158 57               [ 4]  305 	ld	d, a
    00000159 5E               [ 8]  306 	ld	e, (hl)
    0000015A CB 7B            [ 8]  307 	bit	7, e
    0000015C 28 07            [12]  308 	jr	Z, 00237$
    0000015E CB 7A            [ 8]  309 	bit	7, d
    00000160 20 08            [12]  310 	jr	NZ, 00238$
    00000162 BF               [ 4]  311 	cp	a, a
    00000163 18 05            [12]  312 	jr	00238$
    00000165                        313 00237$:
    00000165 CB 7A            [ 8]  314 	bit	7, d
    00000167 28 01            [12]  315 	jr	Z, 00238$
    00000169 37               [ 4]  316 	scf
    0000016A                        317 00238$:
    0000016A D2r05r02         [16]  318 	jp	NC, 00123$
                                    319 ;src/powerup.c:50: if ( ((PLAYER.px) < (POWERUP.px)+8) &&
    0000016D FAr06r00         [16]  320 	ld	a, (#(_PLAYER + 6) + 0)
    00000170 F8 03            [12]  321 	ldhl	sp,	#3
    00000172 77               [ 8]  322 	ld	(hl), a
    00000173 21r04r00         [12]  323 	ld	hl, #(_POWERUP + 4)
    00000176 4E               [ 8]  324 	ld	c, (hl)
    00000177 06 00            [ 8]  325 	ld	b, #0x00
    00000179 21 08 00         [12]  326 	ld	hl, #0x0008
    0000017C 09               [ 8]  327 	add	hl, bc
    0000017D 33               [ 8]  328 	inc	sp
    0000017E 33               [ 8]  329 	inc	sp
    0000017F E5               [16]  330 	push	hl
    00000180 F8 03            [12]  331 	ldhl	sp,	#3
    00000182 3A               [ 8]  332 	ld	a, (hl-)
    00000183 22               [ 8]  333 	ld	(hl+), a
    00000184 36 00            [12]  334 	ld	(hl), #0x00
    00000186 F8 02            [12]  335 	ldhl	sp,	#2
    00000188 5D               [ 4]  336 	ld	e, l
    00000189 54               [ 4]  337 	ld	d, h
    0000018A F8 00            [12]  338 	ldhl	sp,	#0
    0000018C 1A               [ 8]  339 	ld	a, (de)
    0000018D 13               [ 8]  340 	inc	de
    0000018E 96               [ 8]  341 	sub	a, (hl)
    0000018F 23               [ 8]  342 	inc	hl
    00000190 1A               [ 8]  343 	ld	a, (de)
    00000191 9E               [ 8]  344 	sbc	a, (hl)
    00000192 30 71            [12]  345 	jr	NC, 00123$
                                    346 ;src/powerup.c:51: ((PLAYER.px) > (POWERUP.px)-7)){
    00000194 79               [ 4]  347 	ld	a, c
    00000195 C6 F9            [ 8]  348 	add	a, #0xf9
    00000197 4F               [ 4]  349 	ld	c, a
    00000198 78               [ 4]  350 	ld	a, b
    00000199 CE FF            [ 8]  351 	adc	a, #0xff
    0000019B 47               [ 4]  352 	ld	b, a
    0000019C F8 02            [12]  353 	ldhl	sp,	#2
    0000019E 79               [ 4]  354 	ld	a, c
    0000019F 96               [ 8]  355 	sub	a, (hl)
    000001A0 23               [ 8]  356 	inc	hl
    000001A1 78               [ 4]  357 	ld	a, b
    000001A2 9E               [ 8]  358 	sbc	a, (hl)
    000001A3 78               [ 4]  359 	ld	a, b
    000001A4 57               [ 4]  360 	ld	d, a
    000001A5 5E               [ 8]  361 	ld	e, (hl)
    000001A6 CB 7B            [ 8]  362 	bit	7, e
    000001A8 28 07            [12]  363 	jr	Z, 00239$
    000001AA CB 7A            [ 8]  364 	bit	7, d
    000001AC 20 08            [12]  365 	jr	NZ, 00240$
    000001AE BF               [ 4]  366 	cp	a, a
    000001AF 18 05            [12]  367 	jr	00240$
    000001B1                        368 00239$:
    000001B1 CB 7A            [ 8]  369 	bit	7, d
    000001B3 28 01            [12]  370 	jr	Z, 00240$
    000001B5 37               [ 4]  371 	scf
    000001B6                        372 00240$:
    000001B6 30 4D            [12]  373 	jr	NC, 00123$
                                    374 ;src/powerup.c:53: POWERUP.isactive = 0;
    000001B8 21r07r00         [12]  375 	ld	hl, #(_POWERUP + 7)
    000001BB 36 00            [12]  376 	ld	(hl), #0x00
                                    377 ;src/powerup.c:55: switch (POWERUP.type){
    000001BD FAr06r00         [16]  378 	ld	a, (#(_POWERUP + 6) + 0)
    000001C0 B7               [ 4]  379 	or	a, a
    000001C1 28 0A            [12]  380 	jr	Z, 00107$
    000001C3 FE 01            [ 8]  381 	cp	a, #0x01
    000001C5 28 39            [12]  382 	jr	Z, 00114$
    000001C7 D6 02            [ 8]  383 	sub	a, #0x02
    000001C9 28 2F            [12]  384 	jr	Z, 00113$
    000001CB 18 38            [12]  385 	jr	00123$
                                    386 ;src/powerup.c:56: case POWERUP_TYPE_POWER_UP:
    000001CD                        387 00107$:
                                    388 ;src/powerup.c:57: if (PLAYER.power < 4){
    000001CD 21r08r00         [12]  389 	ld	hl, #_PLAYER + 8
    000001D0 7E               [ 8]  390 	ld	a, (hl)
    000001D1 FE 04            [ 8]  391 	cp	a, #0x04
    000001D3 30 30            [12]  392 	jr	NC, 00123$
                                    393 ;src/powerup.c:58: PLAYER.power += 1;
    000001D5 3C               [ 4]  394 	inc	a
    000001D6 77               [ 8]  395 	ld	(hl), a
                                    396 ;src/powerup.c:59: if (PLAYER.power == 2){
    000001D7 5E               [ 8]  397 	ld	e, (hl)
                                    398 ;src/powerup.c:60: PLAYER.bullet_metasprites = bullet_lvl2_sprite_metasprites;
                                    399 ;src/powerup.c:61: PLAYER.bullet_sprite_offset = BULLET_LVL2_TILE_OFFSET;
    000001D8 01r12r00         [12]  400 	ld	bc, #_PLAYER + 18
                                    401 ;src/powerup.c:59: if (PLAYER.power == 2){
    000001DB 7B               [ 4]  402 	ld	a, e
    000001DC D6 02            [ 8]  403 	sub	a, #0x02
    000001DE 20 0D            [12]  404 	jr	NZ, 00109$
                                    405 ;src/powerup.c:60: PLAYER.bullet_metasprites = bullet_lvl2_sprite_metasprites;
    000001E0 21r10r00         [12]  406 	ld	hl, #(_PLAYER + 16)
    000001E3 36r00            [12]  407 	ld	(hl), #<(_bullet_lvl2_sprite_metasprites)
    000001E5 23               [ 8]  408 	inc	hl
    000001E6 36s00            [12]  409 	ld	(hl), #>(_bullet_lvl2_sprite_metasprites)
                                    410 ;src/powerup.c:61: PLAYER.bullet_sprite_offset = BULLET_LVL2_TILE_OFFSET;
    000001E8 3E 06            [ 8]  411 	ld	a, #0x06
    000001EA 02               [ 8]  412 	ld	(bc), a
    000001EB 18 18            [12]  413 	jr	00123$
    000001ED                        414 00109$:
                                    415 ;src/powerup.c:64: PLAYER.bullet_metasprites = bullet_lvl3_sprite_metasprites;
    000001ED 21r10r00         [12]  416 	ld	hl, #(_PLAYER + 16)
    000001F0 36r00            [12]  417 	ld	(hl), #<(_bullet_lvl3_sprite_metasprites)
    000001F2 23               [ 8]  418 	inc	hl
    000001F3 36s00            [12]  419 	ld	(hl), #>(_bullet_lvl3_sprite_metasprites)
                                    420 ;src/powerup.c:65: PLAYER.bullet_sprite_offset = BULLET_LVL3_TILE_OFFSET;
    000001F5 3E 0A            [ 8]  421 	ld	a, #0x0a
    000001F7 02               [ 8]  422 	ld	(bc), a
                                    423 ;src/powerup.c:68: break;
    000001F8 18 0B            [12]  424 	jr	00123$
                                    425 ;src/powerup.c:69: case POWERUP_TYPE_EXTRA_LIFE:
    000001FA                        426 00113$:
                                    427 ;src/powerup.c:70: PLAYER.lives += 1;
    000001FA 21r09r00         [12]  428 	ld	hl, #_PLAYER + 9
    000001FD 34               [12]  429 	inc	(hl)
                                    430 ;src/powerup.c:71: break;
    000001FE 18 05            [12]  431 	jr	00123$
                                    432 ;src/powerup.c:72: case POWERUP_TYPE_SHIELD:
    00000200                        433 00114$:
                                    434 ;src/powerup.c:73: PLAYER.flags |= PLAYER_FLAG_SHIELD;
    00000200 21r0Er00         [12]  435 	ld	hl, #_PLAYER + 14
    00000203 CB C6            [16]  436 	set	0, (hl)
                                    437 ;src/powerup.c:75: }
    00000205                        438 00123$:
                                    439 ;src/powerup.c:78: if (POWERUP.isactive){
    00000205 FAr07r00         [16]  440 	ld	a, (#(_POWERUP + 7) + 0)
    00000208 B7               [ 4]  441 	or	a, a
    00000209 28 3C            [12]  442 	jr	Z, 00128$
                                    443 ;src/powerup.c:81: POWERUP.px, POWERUP.py);
    0000020B FAr05r00         [16]  444 	ld	a, (#(_POWERUP + 5) + 0)
    0000020E F8 02            [12]  445 	ldhl	sp,	#2
    00000210 77               [ 8]  446 	ld	(hl), a
    00000211 21r04r00         [12]  447 	ld	hl, #(_POWERUP + 4)
    00000214 4E               [ 8]  448 	ld	c, (hl)
    00000215 FAr00r00         [16]  449 	ld	a, (#_oam)
    00000218 F8 03            [12]  450 	ldhl	sp,	#3
    0000021A 77               [ 8]  451 	ld	(hl), a
                                    452 ;src/powerup.c:79: oam+=move_metasprite_ex(powerup_sprite_metasprites[POWERUP.type],
    0000021B 21r06r00         [12]  453 	ld	hl, #(_POWERUP + 6)
    0000021E 6E               [ 8]  454 	ld	l, (hl)
    0000021F AF               [ 4]  455 	xor	a, a
    00000220 67               [ 4]  456 	ld	h, a
    00000221 29               [ 8]  457 	add	hl, hl
    00000222 11r00r00         [12]  458 	ld	de, #_powerup_sprite_metasprites
    00000225 19               [ 8]  459 	add	hl, de
    00000226 2A               [ 8]  460 	ld	a,	(hl+)
    00000227 66               [ 8]  461 	ld	h, (hl)
                                    462 ;/home/meloni/Lib/gbdk/include/gb/metasprites.h:160: __current_metasprite = metasprite;
    00000228 5F               [ 4]  463 	ld	e, a
    00000229 54               [ 4]  464 	ld	d, h
    0000022A 21r00r00         [12]  465 	ld	hl, #___current_metasprite
    0000022D 7B               [ 4]  466 	ld	a, e
    0000022E 22               [ 8]  467 	ld	(hl+), a
    0000022F 72               [ 8]  468 	ld	(hl), d
                                    469 ;/home/meloni/Lib/gbdk/include/gb/metasprites.h:161: __current_base_tile = base_tile;
    00000230 21r00r00         [12]  470 	ld	hl, #___current_base_tile
    00000233 36 20            [12]  471 	ld	(hl), #0x20
                                    472 ;/home/meloni/Lib/gbdk/include/gb/metasprites.h:162: __current_base_prop = base_prop;
    00000235 AF               [ 4]  473 	xor	a, a
    00000236 EAr00r00         [16]  474 	ld	(#___current_base_prop),a
                                    475 ;/home/meloni/Lib/gbdk/include/gb/metasprites.h:163: return __move_metasprite(base_sprite, (y << 8) | (uint8_t)x);
    00000239 F8 02            [12]  476 	ldhl	sp,	#2
    0000023B 2A               [ 8]  477 	ld	a, (hl+)
    0000023C 57               [ 4]  478 	ld	d, a
    0000023D 59               [ 4]  479 	ld	e, c
    0000023E 7E               [ 8]  480 	ld	a, (hl)
    0000023F CDr00r00         [24]  481 	call	___move_metasprite
                                    482 ;src/powerup.c:81: POWERUP.px, POWERUP.py);
    00000242 21r00r00         [12]  483 	ld	hl, #_oam
    00000245 86               [ 8]  484 	add	a, (hl)
    00000246 77               [ 8]  485 	ld	(hl), a
    00000247                        486 00128$:
                                    487 ;src/powerup.c:84: }
    00000247 E8 04            [16]  488 	add	sp, #4
    00000249 C9               [16]  489 	ret
                                    490 ;src/powerup.c:87: void add_powerup(uint8_t x, uint8_t y, uint8_t type){
                                    491 ;	---------------------------------
                                    492 ; Function add_powerup
                                    493 ; ---------------------------------
    0000024A                        494 _add_powerup::
    0000024A 57               [ 4]  495 	ld	d, a
                                    496 ;src/powerup.c:88: if (!POWERUP.isactive){
    0000024B 21r07r00         [12]  497 	ld	hl, #_POWERUP + 7
    0000024E 7E               [ 8]  498 	ld	a, (hl)
    0000024F B7               [ 4]  499 	or	a, a
    00000250 20 34            [12]  500 	jr	NZ, 00103$
                                    501 ;src/powerup.c:89: POWERUP.isactive = 1;
    00000252 36 01            [12]  502 	ld	(hl), #0x01
                                    503 ;src/powerup.c:90: POWERUP.x = x<<8;
    00000254 01r00r00         [12]  504 	ld	bc, #_POWERUP
    00000257 62               [ 4]  505 	ld	h, d
    00000258 AF               [ 4]  506 	xor	a, a
    00000259 02               [ 8]  507 	ld	(bc), a
    0000025A 03               [ 8]  508 	inc	bc
    0000025B 7C               [ 4]  509 	ld	a, h
    0000025C 02               [ 8]  510 	ld	(bc), a
                                    511 ;src/powerup.c:91: POWERUP.y = y<<8;
    0000025D 01r02r00         [12]  512 	ld	bc, #_POWERUP + 2
    00000260 63               [ 4]  513 	ld	h, e
    00000261 AF               [ 4]  514 	xor	a, a
    00000262 02               [ 8]  515 	ld	(bc), a
    00000263 03               [ 8]  516 	inc	bc
    00000264 7C               [ 4]  517 	ld	a, h
    00000265 02               [ 8]  518 	ld	(bc), a
                                    519 ;src/powerup.c:92: POWERUP.px = x;
    00000266 21r04r00         [12]  520 	ld	hl, #_POWERUP + 4
    00000269 72               [ 8]  521 	ld	(hl), d
                                    522 ;src/powerup.c:93: POWERUP.py = y;
    0000026A 21r05r00         [12]  523 	ld	hl, #_POWERUP + 5
    0000026D 73               [ 8]  524 	ld	(hl), e
                                    525 ;src/powerup.c:94: POWERUP.type = type;
    0000026E 11r06r00         [12]  526 	ld	de, #(_POWERUP + 6)
    00000271 F8 02            [12]  527 	ldhl	sp,	#2
    00000273 7E               [ 8]  528 	ld	a, (hl)
    00000274 12               [ 8]  529 	ld	(de), a
                                    530 ;src/powerup.c:95: POWERUP.activepattern = 0;
    00000275 21r08r00         [12]  531 	ld	hl, #_POWERUP + 8
    00000278 36 00            [12]  532 	ld	(hl), #0x00
                                    533 ;src/powerup.c:96: POWERUP.framecount = powerup_pattern[0][2];
    0000027A 21r23r00         [12]  534 	ld	hl, #(_powerup_pattern + 4)
    0000027D 4E               [ 8]  535 	ld	c, (hl)
    0000027E 23               [ 8]  536 	inc	hl
    0000027F 46               [ 8]  537 	ld	b, (hl)
    00000280 21r09r00         [12]  538 	ld	hl, #(_POWERUP + 9)
    00000283 71               [ 8]  539 	ld	(hl), c
    00000284 23               [ 8]  540 	inc	hl
    00000285 70               [ 8]  541 	ld	(hl), b
    00000286                        542 00103$:
                                    543 ;src/powerup.c:98: }
    00000286 E1               [12]  544 	pop	hl
    00000287 33               [ 8]  545 	inc	sp
    00000288 E9               [ 4]  546 	jp	(hl)
                                    547 	.area _CODE
                                    548 	.area _INITIALIZER
    00000000                        549 __xinit____EMU_PROFILER_INIT:
    00000000r00r00                  550 	.dw _EMU_profiler_message
                                    551 	.area _CABS (ABS)
