                                      1 ;--------------------------------------------------------
                                      2 ; File Created by SDCC : free open source ISO C Compiler
                                      3 ; Version 4.5.1 #15267 (Linux)
                                      4 ;--------------------------------------------------------
                                      5 	.module powerup_sprite
                                      6 	
                                      7 ;--------------------------------------------------------
                                      8 ; Public variables in this module
                                      9 ;--------------------------------------------------------
                                     10 	.globl _powerup_sprite_metasprites
                                     11 	.globl _powerup_sprite_metasprite2
                                     12 	.globl _powerup_sprite_metasprite1
                                     13 	.globl _powerup_sprite_metasprite0
                                     14 	.globl _powerup_sprite_tiles
                                     15 	.globl _powerup_sprite_palettes
                                     16 	.globl b___func_powerup_sprite
                                     17 	.globl ___func_powerup_sprite
                                     18 ;--------------------------------------------------------
                                     19 ; special function registers
                                     20 ;--------------------------------------------------------
                                     21 ;--------------------------------------------------------
                                     22 ; ram data
                                     23 ;--------------------------------------------------------
                                     24 	.area _DATA
                                     25 ;--------------------------------------------------------
                                     26 ; ram data
                                     27 ;--------------------------------------------------------
                                     28 	.area _INITIALIZED
                                     29 ;--------------------------------------------------------
                                     30 ; absolute external ram data
                                     31 ;--------------------------------------------------------
                                     32 	.area _DABS (ABS)
                                     33 ;--------------------------------------------------------
                                     34 ; global & static initialisations
                                     35 ;--------------------------------------------------------
                                     36 	.area _HOME
                                     37 	.area _GSINIT
                                     38 	.area _GSFINAL
                                     39 	.area _GSINIT
                                     40 ;--------------------------------------------------------
                                     41 ; Home
                                     42 ;--------------------------------------------------------
                                     43 	.area _HOME
                                     44 	.area _HOME
                                     45 ;--------------------------------------------------------
                                     46 ; code
                                     47 ;--------------------------------------------------------
                                     48 	.area _CODE
                                     49 ;res/powerup_sprite.c:7: BANKREF(powerup_sprite)
                                     50 ;	---------------------------------
                                     51 ; Function __func_powerup_sprite
                                     52 ; ---------------------------------
                         00000000    53 	b___func_powerup_sprite	= 0
    00000000                         54 ___func_powerup_sprite::
                                     55 	.local b___func_powerup_sprite 
                         00000000    56 	___bank_powerup_sprite = b___func_powerup_sprite 
                                     57 	.globl ___bank_powerup_sprite 
                                     58 	.area _CODE
    00000000                         59 _powerup_sprite_palettes:
    00000000 4A 29                   60 	.dw #0x294a
    00000002 FF 7F                   61 	.dw #0x7fff
    00000004 B5 56                   62 	.dw #0x56b5
    00000006 00 00                   63 	.dw #0x0000
    00000008                         64 _powerup_sprite_tiles:
    00000008 3F                      65 	.db #0x3f	; 63
    00000009 3F                      66 	.db #0x3f	; 63
    0000000A 3F                      67 	.db #0x3f	; 63
    0000000B 20                      68 	.db #0x20	; 32
    0000000C FF                      69 	.db #0xff	; 255
    0000000D C0                      70 	.db #0xc0	; 192
    0000000E FF                      71 	.db #0xff	; 255
    0000000F 8F                      72 	.db #0x8f	; 143
    00000010 F0                      73 	.db #0xf0	; 240
    00000011 9F                      74 	.db #0x9f	; 159
    00000012 E1                      75 	.db #0xe1	; 225
    00000013 99                      76 	.db #0x99	; 153
    00000014 E1                      77 	.db #0xe1	; 225
    00000015 91                      78 	.db #0x91	; 145
    00000016 E2                      79 	.db #0xe2	; 226
    00000017 92                      80 	.db #0x92	; 146
    00000018 E3                      81 	.db #0xe3	; 227
    00000019 93                      82 	.db #0x93	; 147
    0000001A E6                      83 	.db #0xe6	; 230
    0000001B 97                      84 	.db #0x97	; 151
    0000001C E6                      85 	.db #0xe6	; 230
    0000001D 96                      86 	.db #0x96	; 150
    0000001E E6                      87 	.db #0xe6	; 230
    0000001F 96                      88 	.db #0x96	; 150
    00000020 F0                      89 	.db #0xf0	; 240
    00000021 8F                      90 	.db #0x8f	; 143
    00000022 FF                      91 	.db #0xff	; 255
    00000023 C0                      92 	.db #0xc0	; 192
    00000024 3F                      93 	.db #0x3f	; 63
    00000025 20                      94 	.db #0x20	; 32
    00000026 3F                      95 	.db #0x3f	; 63
    00000027 3F                      96 	.db #0x3f	; 63
    00000028 FC                      97 	.db #0xfc	; 252
    00000029 FC                      98 	.db #0xfc	; 252
    0000002A FC                      99 	.db #0xfc	; 252
    0000002B 04                     100 	.db #0x04	; 4
    0000002C FF                     101 	.db #0xff	; 255
    0000002D 03                     102 	.db #0x03	; 3
    0000002E FF                     103 	.db #0xff	; 255
    0000002F F1                     104 	.db #0xf1	; 241
    00000030 0F                     105 	.db #0x0f	; 15
    00000031 F9                     106 	.db #0xf9	; 249
    00000032 E7                     107 	.db #0xe7	; 231
    00000033 F9                     108 	.db #0xf9	; 249
    00000034 17                     109 	.db #0x17	; 23
    00000035 79                     110 	.db #0x79	; 121	'y'
    00000036 17                     111 	.db #0x17	; 23
    00000037 39                     112 	.db #0x39	; 57	'9'
    00000038 E7                     113 	.db #0xe7	; 231
    00000039 E9                     114 	.db #0xe9	; 233
    0000003A 07                     115 	.db #0x07	; 7
    0000003B C9                     116 	.db #0xc9	; 201
    0000003C 07                     117 	.db #0x07	; 7
    0000003D 09                     118 	.db #0x09	; 9
    0000003E 07                     119 	.db #0x07	; 7
    0000003F 09                     120 	.db #0x09	; 9
    00000040 0F                     121 	.db #0x0f	; 15
    00000041 F1                     122 	.db #0xf1	; 241
    00000042 FF                     123 	.db #0xff	; 255
    00000043 03                     124 	.db #0x03	; 3
    00000044 FC                     125 	.db #0xfc	; 252
    00000045 04                     126 	.db #0x04	; 4
    00000046 FC                     127 	.db #0xfc	; 252
    00000047 FC                     128 	.db #0xfc	; 252
    00000048 3F                     129 	.db #0x3f	; 63
    00000049 3F                     130 	.db #0x3f	; 63
    0000004A 3F                     131 	.db #0x3f	; 63
    0000004B 20                     132 	.db #0x20	; 32
    0000004C FF                     133 	.db #0xff	; 255
    0000004D C0                     134 	.db #0xc0	; 192
    0000004E FF                     135 	.db #0xff	; 255
    0000004F 8F                     136 	.db #0x8f	; 143
    00000050 F0                     137 	.db #0xf0	; 240
    00000051 9F                     138 	.db #0x9f	; 159
    00000052 E0                     139 	.db #0xe0	; 224
    00000053 98                     140 	.db #0x98	; 152
    00000054 E1                     141 	.db #0xe1	; 225
    00000055 91                     142 	.db #0x91	; 145
    00000056 E2                     143 	.db #0xe2	; 226
    00000057 93                     144 	.db #0x93	; 147
    00000058 E1                     145 	.db #0xe1	; 225
    00000059 91                     146 	.db #0x91	; 145
    0000005A E0                     147 	.db #0xe0	; 224
    0000005B 91                     148 	.db #0x91	; 145
    0000005C E7                     149 	.db #0xe7	; 231
    0000005D 97                     150 	.db #0x97	; 151
    0000005E E0                     151 	.db #0xe0	; 224
    0000005F 96                     152 	.db #0x96	; 150
    00000060 F0                     153 	.db #0xf0	; 240
    00000061 8F                     154 	.db #0x8f	; 143
    00000062 FF                     155 	.db #0xff	; 255
    00000063 C0                     156 	.db #0xc0	; 192
    00000064 3F                     157 	.db #0x3f	; 63
    00000065 20                     158 	.db #0x20	; 32
    00000066 3F                     159 	.db #0x3f	; 63
    00000067 3F                     160 	.db #0x3f	; 63
    00000068 FC                     161 	.db #0xfc	; 252
    00000069 FC                     162 	.db #0xfc	; 252
    0000006A FC                     163 	.db #0xfc	; 252
    0000006B 04                     164 	.db #0x04	; 4
    0000006C FF                     165 	.db #0xff	; 255
    0000006D 03                     166 	.db #0x03	; 3
    0000006E FF                     167 	.db #0xff	; 255
    0000006F F1                     168 	.db #0xf1	; 241
    00000070 0F                     169 	.db #0x0f	; 15
    00000071 F9                     170 	.db #0xf9	; 249
    00000072 E7                     171 	.db #0xe7	; 231
    00000073 F9                     172 	.db #0xf9	; 249
    00000074 07                     173 	.db #0x07	; 7
    00000075 C9                     174 	.db #0xc9	; 201
    00000076 07                     175 	.db #0x07	; 7
    00000077 09                     176 	.db #0x09	; 9
    00000078 87                     177 	.db #0x87	; 135
    00000079 89                     178 	.db #0x89	; 137
    0000007A 47                     179 	.db #0x47	; 71	'G'
    0000007B C9                     180 	.db #0xc9	; 201
    0000007C 87                     181 	.db #0x87	; 135
    0000007D C9                     182 	.db #0xc9	; 201
    0000007E 07                     183 	.db #0x07	; 7
    0000007F 09                     184 	.db #0x09	; 9
    00000080 0F                     185 	.db #0x0f	; 15
    00000081 F1                     186 	.db #0xf1	; 241
    00000082 FF                     187 	.db #0xff	; 255
    00000083 03                     188 	.db #0x03	; 3
    00000084 FC                     189 	.db #0xfc	; 252
    00000085 04                     190 	.db #0x04	; 4
    00000086 FC                     191 	.db #0xfc	; 252
    00000087 FC                     192 	.db #0xfc	; 252
    00000088 3F                     193 	.db #0x3f	; 63
    00000089 3F                     194 	.db #0x3f	; 63
    0000008A 3F                     195 	.db #0x3f	; 63
    0000008B 20                     196 	.db #0x20	; 32
    0000008C FF                     197 	.db #0xff	; 255
    0000008D C0                     198 	.db #0xc0	; 192
    0000008E FF                     199 	.db #0xff	; 255
    0000008F 8F                     200 	.db #0x8f	; 143
    00000090 F0                     201 	.db #0xf0	; 240
    00000091 9F                     202 	.db #0x9f	; 159
    00000092 E0                     203 	.db #0xe0	; 224
    00000093 98                     204 	.db #0x98	; 152
    00000094 E5                     205 	.db #0xe5	; 229
    00000095 95                     206 	.db #0x95	; 149
    00000096 ED                     207 	.db #0xed	; 237
    00000097 9D                     208 	.db #0x9d	; 157
    00000098 E5                     209 	.db #0xe5	; 229
    00000099 9D                     210 	.db #0x9d	; 157
    0000009A E4                     211 	.db #0xe4	; 228
    0000009B 95                     212 	.db #0x95	; 149
    0000009C E0                     213 	.db #0xe0	; 224
    0000009D 90                     214 	.db #0x90	; 144
    0000009E E0                     215 	.db #0xe0	; 224
    0000009F 90                     216 	.db #0x90	; 144
    000000A0 F0                     217 	.db #0xf0	; 240
    000000A1 8F                     218 	.db #0x8f	; 143
    000000A2 FF                     219 	.db #0xff	; 255
    000000A3 C0                     220 	.db #0xc0	; 192
    000000A4 3F                     221 	.db #0x3f	; 63
    000000A5 20                     222 	.db #0x20	; 32
    000000A6 3F                     223 	.db #0x3f	; 63
    000000A7 3F                     224 	.db #0x3f	; 63
    000000A8 FC                     225 	.db #0xfc	; 252
    000000A9 FC                     226 	.db #0xfc	; 252
    000000AA FC                     227 	.db #0xfc	; 252
    000000AB 04                     228 	.db #0x04	; 4
    000000AC FF                     229 	.db #0xff	; 255
    000000AD 03                     230 	.db #0x03	; 3
    000000AE FF                     231 	.db #0xff	; 255
    000000AF F1                     232 	.db #0xf1	; 241
    000000B0 0F                     233 	.db #0x0f	; 15
    000000B1 F9                     234 	.db #0xf9	; 249
    000000B2 07                     235 	.db #0x07	; 7
    000000B3 19                     236 	.db #0x19	; 25
    000000B4 77                     237 	.db #0x77	; 119	'w'
    000000B5 79                     238 	.db #0x79	; 121	'y'
    000000B6 57                     239 	.db #0x57	; 87	'W'
    000000B7 79                     240 	.db #0x79	; 121	'y'
    000000B8 77                     241 	.db #0x77	; 119	'w'
    000000B9 79                     242 	.db #0x79	; 121	'y'
    000000BA C7                     243 	.db #0xc7	; 199
    000000BB C9                     244 	.db #0xc9	; 201
    000000BC 47                     245 	.db #0x47	; 71	'G'
    000000BD C9                     246 	.db #0xc9	; 201
    000000BE 07                     247 	.db #0x07	; 7
    000000BF 09                     248 	.db #0x09	; 9
    000000C0 0F                     249 	.db #0x0f	; 15
    000000C1 F1                     250 	.db #0xf1	; 241
    000000C2 FF                     251 	.db #0xff	; 255
    000000C3 03                     252 	.db #0x03	; 3
    000000C4 FC                     253 	.db #0xfc	; 252
    000000C5 04                     254 	.db #0x04	; 4
    000000C6 FC                     255 	.db #0xfc	; 252
    000000C7 FC                     256 	.db #0xfc	; 252
    000000C8                        257 _powerup_sprite_metasprite0:
    000000C8 F8                     258 	.db #0xf8	; -8
    000000C9 F8                     259 	.db #0xf8	; -8
    000000CA 00                     260 	.db #0x00	; 0
    000000CB 00                     261 	.db #0x00	; 0
    000000CC 00                     262 	.db #0x00	;  0
    000000CD 08                     263 	.db #0x08	;  8
    000000CE 02                     264 	.db #0x02	; 2
    000000CF 00                     265 	.db #0x00	; 0
    000000D0 80                     266 	.db #0x80	; -128
    000000D1 00                     267 	.db #0x00	;  0
    000000D2 00                     268 	.db #0x00	; 0
    000000D3 00                     269 	.db #0x00	; 0
    000000D4                        270 _powerup_sprite_metasprite1:
    000000D4 F8                     271 	.db #0xf8	; -8
    000000D5 F8                     272 	.db #0xf8	; -8
    000000D6 04                     273 	.db #0x04	; 4
    000000D7 00                     274 	.db #0x00	; 0
    000000D8 00                     275 	.db #0x00	;  0
    000000D9 08                     276 	.db #0x08	;  8
    000000DA 06                     277 	.db #0x06	; 6
    000000DB 00                     278 	.db #0x00	; 0
    000000DC 80                     279 	.db #0x80	; -128
    000000DD 00                     280 	.db #0x00	;  0
    000000DE 00                     281 	.db #0x00	; 0
    000000DF 00                     282 	.db #0x00	; 0
    000000E0                        283 _powerup_sprite_metasprite2:
    000000E0 F8                     284 	.db #0xf8	; -8
    000000E1 F8                     285 	.db #0xf8	; -8
    000000E2 08                     286 	.db #0x08	; 8
    000000E3 00                     287 	.db #0x00	; 0
    000000E4 00                     288 	.db #0x00	;  0
    000000E5 08                     289 	.db #0x08	;  8
    000000E6 0A                     290 	.db #0x0a	; 10
    000000E7 00                     291 	.db #0x00	; 0
    000000E8 80                     292 	.db #0x80	; -128
    000000E9 00                     293 	.db #0x00	;  0
    000000EA 00                     294 	.db #0x00	; 0
    000000EB 00                     295 	.db #0x00	; 0
    000000EC                        296 _powerup_sprite_metasprites:
    000000ECrC8r00                  297 	.dw _powerup_sprite_metasprite0
    000000EErD4r00                  298 	.dw _powerup_sprite_metasprite1
    000000F0rE0r00                  299 	.dw _powerup_sprite_metasprite2
                                    300 	.area _INITIALIZER
                                    301 	.area _CABS (ABS)
