                                      1 ;--------------------------------------------------------
                                      2 ; File Created by SDCC : free open source ISO C Compiler
                                      3 ; Version 4.5.1 #15267 (Linux)
                                      4 ;--------------------------------------------------------
                                      5 	.module rock8x8_sprite
                                      6 	
                                      7 ;--------------------------------------------------------
                                      8 ; Public variables in this module
                                      9 ;--------------------------------------------------------
                                     10 	.globl _rock8x8_sprite_metasprites
                                     11 	.globl _rock8x8_sprite_metasprite0
                                     12 	.globl _rock8x8_sprite_tiles
                                     13 	.globl _rock8x8_sprite_palettes
                                     14 	.globl b___func_rock8x8_sprite
                                     15 	.globl ___func_rock8x8_sprite
                                     16 ;--------------------------------------------------------
                                     17 ; special function registers
                                     18 ;--------------------------------------------------------
                                     19 ;--------------------------------------------------------
                                     20 ; ram data
                                     21 ;--------------------------------------------------------
                                     22 	.area _DATA
                                     23 ;--------------------------------------------------------
                                     24 ; ram data
                                     25 ;--------------------------------------------------------
                                     26 	.area _INITIALIZED
                                     27 ;--------------------------------------------------------
                                     28 ; absolute external ram data
                                     29 ;--------------------------------------------------------
                                     30 	.area _DABS (ABS)
                                     31 ;--------------------------------------------------------
                                     32 ; global & static initialisations
                                     33 ;--------------------------------------------------------
                                     34 	.area _HOME
                                     35 	.area _GSINIT
                                     36 	.area _GSFINAL
                                     37 	.area _GSINIT
                                     38 ;--------------------------------------------------------
                                     39 ; Home
                                     40 ;--------------------------------------------------------
                                     41 	.area _HOME
                                     42 	.area _HOME
                                     43 ;--------------------------------------------------------
                                     44 ; code
                                     45 ;--------------------------------------------------------
                                     46 	.area _CODE
                                     47 ;res/rock8x8_sprite.c:7: BANKREF(rock8x8_sprite)
                                     48 ;	---------------------------------
                                     49 ; Function __func_rock8x8_sprite
                                     50 ; ---------------------------------
                         00000000    51 	b___func_rock8x8_sprite	= 0
    00000000                         52 ___func_rock8x8_sprite::
                                     53 	.local b___func_rock8x8_sprite 
                         00000000    54 	___bank_rock8x8_sprite = b___func_rock8x8_sprite 
                                     55 	.globl ___bank_rock8x8_sprite 
                                     56 	.area _CODE
    00000000                         57 _rock8x8_sprite_palettes:
    00000000 FF 7F                   58 	.dw #0x7fff
    00000002 B5 56                   59 	.dw #0x56b5
    00000004 4A 29                   60 	.dw #0x294a
    00000006 00 00                   61 	.dw #0x0000
    00000008                         62 _rock8x8_sprite_tiles:
    00000008 18                      63 	.db #0x18	; 24
    00000009 1C                      64 	.db #0x1c	; 28
    0000000A 3A                      65 	.db #0x3a	; 58
    0000000B 66                      66 	.db #0x66	; 102	'f'
    0000000C DC                      67 	.db #0xdc	; 220
    0000000D A3                      68 	.db #0xa3	; 163
    0000000E B5                      69 	.db #0xb5	; 181
    0000000F CB                      70 	.db #0xcb	; 203
    00000010 19                      71 	.db #0x19	; 25
    00000011 E7                      72 	.db #0xe7	; 231
    00000012 A5                      73 	.db #0xa5	; 165
    00000013 DB                      74 	.db #0xdb	; 219
    00000014 4C                      75 	.db #0x4c	; 76	'L'
    00000015 76                      76 	.db #0x76	; 118	'v'
    00000016 34                      77 	.db #0x34	; 52	'4'
    00000017 3C                      78 	.db #0x3c	; 60
    00000018 00                      79 	.db #0x00	; 0
    00000019 00                      80 	.db #0x00	; 0
    0000001A 80                      81 	.db #0x80	; 128
    0000001B 40                      82 	.db #0x40	; 64
    0000001C 34                      83 	.db #0x34	; 52	'4'
    0000001D A8                      84 	.db #0xa8	; 168
    0000001E D2                      85 	.db #0xd2	; 210
    0000001F 79                      86 	.db #0x79	; 121	'y'
    00000020 C4                      87 	.db #0xc4	; 196
    00000021 E6                      88 	.db #0xe6	; 230
    00000022 CC                      89 	.db #0xcc	; 204
    00000023 E6                      90 	.db #0xe6	; 230
    00000024 C4                      91 	.db #0xc4	; 196
    00000025 E6                      92 	.db #0xe6	; 230
    00000026 CC                      93 	.db #0xcc	; 204
    00000027 E6                      94 	.db #0xe6	; 230
    00000028                         95 _rock8x8_sprite_metasprite0:
    00000028 F8                      96 	.db #0xf8	; -8
    00000029 FC                      97 	.db #0xfc	; -4
    0000002A 00                      98 	.db #0x00	; 0
    0000002B 00                      99 	.db #0x00	; 0
    0000002C 80                     100 	.db #0x80	; -128
    0000002D 00                     101 	.db #0x00	;  0
    0000002E 00                     102 	.db #0x00	; 0
    0000002F 00                     103 	.db #0x00	; 0
    00000030                        104 _rock8x8_sprite_metasprites:
    00000030r28r00                  105 	.dw _rock8x8_sprite_metasprite0
                                    106 	.area _INITIALIZER
                                    107 	.area _CABS (ABS)
