                                      1 ;--------------------------------------------------------
                                      2 ; File Created by SDCC : free open source ISO C Compiler
                                      3 ; Version 4.5.1 #15267 (Linux)
                                      4 ;--------------------------------------------------------
                                      5 	.module rock16x16_sprite
                                      6 	
                                      7 ;--------------------------------------------------------
                                      8 ; Public variables in this module
                                      9 ;--------------------------------------------------------
                                     10 	.globl _rock16x16_sprite_metasprites
                                     11 	.globl _rock16x16_sprite_metasprite0
                                     12 	.globl _rock16x16_sprite_tiles
                                     13 	.globl _rock16x16_sprite_palettes
                                     14 	.globl b___func_rock16x16_sprite
                                     15 	.globl ___func_rock16x16_sprite
                                     16 ;--------------------------------------------------------
                                     17 ; special function registers
                                     18 ;--------------------------------------------------------
                                     19 ;--------------------------------------------------------
                                     20 ; ram data
                                     21 ;--------------------------------------------------------
                                     22 	.area _DATA
                                     23 ;--------------------------------------------------------
                                     24 ; ram data
                                     25 ;--------------------------------------------------------
                                     26 	.area _INITIALIZED
                                     27 ;--------------------------------------------------------
                                     28 ; absolute external ram data
                                     29 ;--------------------------------------------------------
                                     30 	.area _DABS (ABS)
                                     31 ;--------------------------------------------------------
                                     32 ; global & static initialisations
                                     33 ;--------------------------------------------------------
                                     34 	.area _HOME
                                     35 	.area _GSINIT
                                     36 	.area _GSFINAL
                                     37 	.area _GSINIT
                                     38 ;--------------------------------------------------------
                                     39 ; Home
                                     40 ;--------------------------------------------------------
                                     41 	.area _HOME
                                     42 	.area _HOME
                                     43 ;--------------------------------------------------------
                                     44 ; code
                                     45 ;--------------------------------------------------------
                                     46 	.area _CODE
                                     47 ;res/rock16x16_sprite.c:7: BANKREF(rock16x16_sprite)
                                     48 ;	---------------------------------
                                     49 ; Function __func_rock16x16_sprite
                                     50 ; ---------------------------------
                         00000000    51 	b___func_rock16x16_sprite	= 0
    00000000                         52 ___func_rock16x16_sprite::
                                     53 	.local b___func_rock16x16_sprite 
                         00000000    54 	___bank_rock16x16_sprite = b___func_rock16x16_sprite 
                                     55 	.globl ___bank_rock16x16_sprite 
                                     56 	.area _CODE
    00000000                         57 _rock16x16_sprite_palettes:
    00000000 FF 7F                   58 	.dw #0x7fff
    00000002 B5 56                   59 	.dw #0x56b5
    00000004 4A 29                   60 	.dw #0x294a
    00000006 00 00                   61 	.dw #0x0000
    00000008                         62 _rock16x16_sprite_tiles:
    00000008 00                      63 	.db #0x00	; 0
    00000009 00                      64 	.db #0x00	; 0
    0000000A 1F                      65 	.db #0x1f	; 31
    0000000B 1F                      66 	.db #0x1f	; 31
    0000000C 39                      67 	.db #0x39	; 57	'9'
    0000000D 3F                      68 	.db #0x3f	; 63
    0000000E 52                      69 	.db #0x52	; 82	'R'
    0000000F 7D                      70 	.db #0x7d	; 125
    00000010 9C                      71 	.db #0x9c	; 156
    00000011 E3                      72 	.db #0xe3	; 227
    00000012 BC                      73 	.db #0xbc	; 188
    00000013 C3                      74 	.db #0xc3	; 195
    00000014 BF                      75 	.db #0xbf	; 191
    00000015 C1                      76 	.db #0xc1	; 193
    00000016 CF                      77 	.db #0xcf	; 207
    00000017 B2                      78 	.db #0xb2	; 178
    00000018 C6                      79 	.db #0xc6	; 198
    00000019 FB                      80 	.db #0xfb	; 251
    0000001A CC                      81 	.db #0xcc	; 204
    0000001B BB                      82 	.db #0xbb	; 187
    0000001C 7F                      83 	.db #0x7f	; 127
    0000001D 31                      84 	.db #0x31	; 49	'1'
    0000001E 7F                      85 	.db #0x7f	; 127
    0000001F 40                      86 	.db #0x40	; 64
    00000020 3F                      87 	.db #0x3f	; 63
    00000021 20                      88 	.db #0x20	; 32
    00000022 1F                      89 	.db #0x1f	; 31
    00000023 1B                      90 	.db #0x1b	; 27
    00000024 07                      91 	.db #0x07	; 7
    00000025 07                      92 	.db #0x07	; 7
    00000026 00                      93 	.db #0x00	; 0
    00000027 00                      94 	.db #0x00	; 0
    00000028 00                      95 	.db #0x00	; 0
    00000029 00                      96 	.db #0x00	; 0
    0000002A E8                      97 	.db #0xe8	; 232
    0000002B F0                      98 	.db #0xf0	; 240
    0000002C 78                      99 	.db #0x78	; 120	'x'
    0000002D FC                     100 	.db #0xfc	; 252
    0000002E 36                     101 	.db #0x36	; 54	'6'
    0000002F CC                     102 	.db #0xcc	; 204
    00000030 79                     103 	.db #0x79	; 121	'y'
    00000031 86                     104 	.db #0x86	; 134
    00000032 3E                     105 	.db #0x3e	; 62
    00000033 C1                     106 	.db #0xc1	; 193
    00000034 DF                     107 	.db #0xdf	; 223
    00000035 39                     108 	.db #0x39	; 57	'9'
    00000036 EE                     109 	.db #0xee	; 238
    00000037 1D                     110 	.db #0x1d	; 29
    00000038 C7                     111 	.db #0xc7	; 199
    00000039 3D                     112 	.db #0x3d	; 61
    0000003A 0E                     113 	.db #0x0e	; 14
    0000003B FD                     114 	.db #0xfd	; 253
    0000003C 17                     115 	.db #0x17	; 23
    0000003D F9                     116 	.db #0xf9	; 249
    0000003E 6E                     117 	.db #0x6e	; 110	'n'
    0000003F F2                     118 	.db #0xf2	; 242
    00000040 FC                     119 	.db #0xfc	; 252
    00000041 0C                     120 	.db #0x0c	; 12
    00000042 F0                     121 	.db #0xf0	; 240
    00000043 F0                     122 	.db #0xf0	; 240
    00000044 E0                     123 	.db #0xe0	; 224
    00000045 E0                     124 	.db #0xe0	; 224
    00000046 00                     125 	.db #0x00	; 0
    00000047 00                     126 	.db #0x00	; 0
    00000048                        127 _rock16x16_sprite_metasprite0:
    00000048 F8                     128 	.db #0xf8	; -8
    00000049 F8                     129 	.db #0xf8	; -8
    0000004A 00                     130 	.db #0x00	; 0
    0000004B 00                     131 	.db #0x00	; 0
    0000004C 00                     132 	.db #0x00	;  0
    0000004D 08                     133 	.db #0x08	;  8
    0000004E 02                     134 	.db #0x02	; 2
    0000004F 00                     135 	.db #0x00	; 0
    00000050 80                     136 	.db #0x80	; -128
    00000051 00                     137 	.db #0x00	;  0
    00000052 00                     138 	.db #0x00	; 0
    00000053 00                     139 	.db #0x00	; 0
    00000054                        140 _rock16x16_sprite_metasprites:
    00000054r48r00                  141 	.dw _rock16x16_sprite_metasprite0
                                    142 	.area _INITIALIZER
                                    143 	.area _CABS (ABS)
