                                      1 ;--------------------------------------------------------
                                      2 ; File Created by SDCC : free open source ISO C Compiler
                                      3 ; Version 4.5.1 #15267 (Linux)
                                      4 ;--------------------------------------------------------
                                      5 	.module shield_sprite
                                      6 	
                                      7 ;--------------------------------------------------------
                                      8 ; Public variables in this module
                                      9 ;--------------------------------------------------------
                                     10 	.globl _shield_sprite_metasprites
                                     11 	.globl _shield_sprite_metasprite0
                                     12 	.globl _shield_sprite_tiles
                                     13 	.globl _shield_sprite_palettes
                                     14 	.globl b___func_shield_sprite
                                     15 	.globl ___func_shield_sprite
                                     16 ;--------------------------------------------------------
                                     17 ; special function registers
                                     18 ;--------------------------------------------------------
                                     19 ;--------------------------------------------------------
                                     20 ; ram data
                                     21 ;--------------------------------------------------------
                                     22 	.area _DATA
                                     23 ;--------------------------------------------------------
                                     24 ; ram data
                                     25 ;--------------------------------------------------------
                                     26 	.area _INITIALIZED
                                     27 ;--------------------------------------------------------
                                     28 ; absolute external ram data
                                     29 ;--------------------------------------------------------
                                     30 	.area _DABS (ABS)
                                     31 ;--------------------------------------------------------
                                     32 ; global & static initialisations
                                     33 ;--------------------------------------------------------
                                     34 	.area _HOME
                                     35 	.area _GSINIT
                                     36 	.area _GSFINAL
                                     37 	.area _GSINIT
                                     38 ;--------------------------------------------------------
                                     39 ; Home
                                     40 ;--------------------------------------------------------
                                     41 	.area _HOME
                                     42 	.area _HOME
                                     43 ;--------------------------------------------------------
                                     44 ; code
                                     45 ;--------------------------------------------------------
                                     46 	.area _CODE
                                     47 ;res/shield_sprite.c:7: BANKREF(shield_sprite)
                                     48 ;	---------------------------------
                                     49 ; Function __func_shield_sprite
                                     50 ; ---------------------------------
                         00000000    51 	b___func_shield_sprite	= 0
    00000000                         52 ___func_shield_sprite::
                                     53 	.local b___func_shield_sprite 
                         00000000    54 	___bank_shield_sprite = b___func_shield_sprite 
                                     55 	.globl ___bank_shield_sprite 
                                     56 	.area _CODE
    00000000                         57 _shield_sprite_palettes:
    00000000 FF 7F                   58 	.dw #0x7fff
    00000002 B5 56                   59 	.dw #0x56b5
    00000004 4A 29                   60 	.dw #0x294a
    00000006 00 00                   61 	.dw #0x0000
    00000008                         62 _shield_sprite_tiles:
    00000008 09                      63 	.db #0x09	; 9
    00000009 06                      64 	.db #0x06	; 6
    0000000A 26                      65 	.db #0x26	; 38
    0000000B 18                      66 	.db #0x18	; 24
    0000000C 58                      67 	.db #0x58	; 88	'X'
    0000000D 20                      68 	.db #0x20	; 32
    0000000E 30                      69 	.db #0x30	; 48	'0'
    0000000F 40                      70 	.db #0x40	; 64
    00000010 A0                      71 	.db #0xa0	; 160
    00000011 40                      72 	.db #0x40	; 64
    00000012 40                      73 	.db #0x40	; 64
    00000013 80                      74 	.db #0x80	; 128
    00000014 40                      75 	.db #0x40	; 64
    00000015 80                      76 	.db #0x80	; 128
    00000016 80                      77 	.db #0x80	; 128
    00000017 00                      78 	.db #0x00	; 0
    00000018 80                      79 	.db #0x80	; 128
    00000019 00                      80 	.db #0x00	; 0
    0000001A 40                      81 	.db #0x40	; 64
    0000001B 80                      82 	.db #0x80	; 128
    0000001C 40                      83 	.db #0x40	; 64
    0000001D 80                      84 	.db #0x80	; 128
    0000001E A0                      85 	.db #0xa0	; 160
    0000001F 40                      86 	.db #0x40	; 64
    00000020 30                      87 	.db #0x30	; 48	'0'
    00000021 40                      88 	.db #0x40	; 64
    00000022 58                      89 	.db #0x58	; 88	'X'
    00000023 20                      90 	.db #0x20	; 32
    00000024 26                      91 	.db #0x26	; 38
    00000025 18                      92 	.db #0x18	; 24
    00000026 09                      93 	.db #0x09	; 9
    00000027 06                      94 	.db #0x06	; 6
    00000028 90                      95 	.db #0x90	; 144
    00000029 60                      96 	.db #0x60	; 96
    0000002A 64                      97 	.db #0x64	; 100	'd'
    0000002B 18                      98 	.db #0x18	; 24
    0000002C 1A                      99 	.db #0x1a	; 26
    0000002D 04                     100 	.db #0x04	; 4
    0000002E 0C                     101 	.db #0x0c	; 12
    0000002F 02                     102 	.db #0x02	; 2
    00000030 05                     103 	.db #0x05	; 5
    00000031 02                     104 	.db #0x02	; 2
    00000032 02                     105 	.db #0x02	; 2
    00000033 01                     106 	.db #0x01	; 1
    00000034 02                     107 	.db #0x02	; 2
    00000035 01                     108 	.db #0x01	; 1
    00000036 01                     109 	.db #0x01	; 1
    00000037 00                     110 	.db #0x00	; 0
    00000038 01                     111 	.db #0x01	; 1
    00000039 00                     112 	.db #0x00	; 0
    0000003A 02                     113 	.db #0x02	; 2
    0000003B 01                     114 	.db #0x01	; 1
    0000003C 02                     115 	.db #0x02	; 2
    0000003D 01                     116 	.db #0x01	; 1
    0000003E 05                     117 	.db #0x05	; 5
    0000003F 02                     118 	.db #0x02	; 2
    00000040 0C                     119 	.db #0x0c	; 12
    00000041 02                     120 	.db #0x02	; 2
    00000042 1A                     121 	.db #0x1a	; 26
    00000043 04                     122 	.db #0x04	; 4
    00000044 24                     123 	.db #0x24	; 36
    00000045 18                     124 	.db #0x18	; 24
    00000046 90                     125 	.db #0x90	; 144
    00000047 60                     126 	.db #0x60	; 96
    00000048                        127 _shield_sprite_metasprite0:
    00000048 F8                     128 	.db #0xf8	; -8
    00000049 F8                     129 	.db #0xf8	; -8
    0000004A 00                     130 	.db #0x00	; 0
    0000004B 00                     131 	.db #0x00	; 0
    0000004C 00                     132 	.db #0x00	;  0
    0000004D 08                     133 	.db #0x08	;  8
    0000004E 02                     134 	.db #0x02	; 2
    0000004F 00                     135 	.db #0x00	; 0
    00000050 80                     136 	.db #0x80	; -128
    00000051 00                     137 	.db #0x00	;  0
    00000052 00                     138 	.db #0x00	; 0
    00000053 00                     139 	.db #0x00	; 0
    00000054                        140 _shield_sprite_metasprites:
    00000054r48r00                  141 	.dw _shield_sprite_metasprite0
                                    142 	.area _INITIALIZER
                                    143 	.area _CABS (ABS)
