                                      1 ;--------------------------------------------------------
                                      2 ; File Created by SDCC : free open source ISO C Compiler
                                      3 ; Version 4.5.1 #15267 (Linux)
                                      4 ;--------------------------------------------------------
                                      5 	.module space_bkg_tileset
                                      6 	
                                      7 ;--------------------------------------------------------
                                      8 ; Public variables in this module
                                      9 ;--------------------------------------------------------
                                     10 	.globl _space_bkg_tileset_tiles
                                     11 	.globl _space_bkg_tileset_palettes
                                     12 	.globl b___func_space_bkg_tileset
                                     13 	.globl ___func_space_bkg_tileset
                                     14 ;--------------------------------------------------------
                                     15 ; special function registers
                                     16 ;--------------------------------------------------------
                                     17 ;--------------------------------------------------------
                                     18 ; ram data
                                     19 ;--------------------------------------------------------
                                     20 	.area _DATA
                                     21 ;--------------------------------------------------------
                                     22 ; ram data
                                     23 ;--------------------------------------------------------
                                     24 	.area _INITIALIZED
                                     25 ;--------------------------------------------------------
                                     26 ; absolute external ram data
                                     27 ;--------------------------------------------------------
                                     28 	.area _DABS (ABS)
                                     29 ;--------------------------------------------------------
                                     30 ; global & static initialisations
                                     31 ;--------------------------------------------------------
                                     32 	.area _HOME
                                     33 	.area _GSINIT
                                     34 	.area _GSFINAL
                                     35 	.area _GSINIT
                                     36 ;--------------------------------------------------------
                                     37 ; Home
                                     38 ;--------------------------------------------------------
                                     39 	.area _HOME
                                     40 	.area _HOME
                                     41 ;--------------------------------------------------------
                                     42 ; code
                                     43 ;--------------------------------------------------------
                                     44 	.area _CODE
                                     45 ;res/space_bkg_tileset.c:7: BANKREF(space_bkg_tileset)
                                     46 ;	---------------------------------
                                     47 ; Function __func_space_bkg_tileset
                                     48 ; ---------------------------------
                         00000000    49 	b___func_space_bkg_tileset	= 0
    00000000                         50 ___func_space_bkg_tileset::
                                     51 	.local b___func_space_bkg_tileset 
                         00000000    52 	___bank_space_bkg_tileset = b___func_space_bkg_tileset 
                                     53 	.globl ___bank_space_bkg_tileset 
                                     54 	.area _CODE
    00000000                         55 _space_bkg_tileset_palettes:
    00000000 FF 7F                   56 	.dw #0x7fff
    00000002 B5 56                   57 	.dw #0x56b5
    00000004 4A 29                   58 	.dw #0x294a
    00000006 00 00                   59 	.dw #0x0000
    00000008                         60 _space_bkg_tileset_tiles:
    00000008 00                      61 	.db #0x00	; 0
    00000009 FF                      62 	.db #0xff	; 255
    0000000A 00                      63 	.db #0x00	; 0
    0000000B FF                      64 	.db #0xff	; 255
    0000000C 00                      65 	.db #0x00	; 0
    0000000D FF                      66 	.db #0xff	; 255
    0000000E 00                      67 	.db #0x00	; 0
    0000000F FF                      68 	.db #0xff	; 255
    00000010 00                      69 	.db #0x00	; 0
    00000011 FF                      70 	.db #0xff	; 255
    00000012 00                      71 	.db #0x00	; 0
    00000013 FF                      72 	.db #0xff	; 255
    00000014 00                      73 	.db #0x00	; 0
    00000015 FF                      74 	.db #0xff	; 255
    00000016 00                      75 	.db #0x00	; 0
    00000017 FF                      76 	.db #0xff	; 255
    00000018 00                      77 	.db #0x00	; 0
    00000019 FF                      78 	.db #0xff	; 255
    0000001A 00                      79 	.db #0x00	; 0
    0000001B FF                      80 	.db #0xff	; 255
    0000001C 00                      81 	.db #0x00	; 0
    0000001D DF                      82 	.db #0xdf	; 223
    0000001E 00                      83 	.db #0x00	; 0
    0000001F FF                      84 	.db #0xff	; 255
    00000020 00                      85 	.db #0x00	; 0
    00000021 FF                      86 	.db #0xff	; 255
    00000022 00                      87 	.db #0x00	; 0
    00000023 FF                      88 	.db #0xff	; 255
    00000024 00                      89 	.db #0x00	; 0
    00000025 FD                      90 	.db #0xfd	; 253
    00000026 00                      91 	.db #0x00	; 0
    00000027 FF                      92 	.db #0xff	; 255
    00000028 00                      93 	.db #0x00	; 0
    00000029 FF                      94 	.db #0xff	; 255
    0000002A 00                      95 	.db #0x00	; 0
    0000002B FF                      96 	.db #0xff	; 255
    0000002C 00                      97 	.db #0x00	; 0
    0000002D FF                      98 	.db #0xff	; 255
    0000002E 00                      99 	.db #0x00	; 0
    0000002F EF                     100 	.db #0xef	; 239
    00000030 00                     101 	.db #0x00	; 0
    00000031 C7                     102 	.db #0xc7	; 199
    00000032 00                     103 	.db #0x00	; 0
    00000033 EF                     104 	.db #0xef	; 239
    00000034 00                     105 	.db #0x00	; 0
    00000035 FF                     106 	.db #0xff	; 255
    00000036 00                     107 	.db #0x00	; 0
    00000037 FF                     108 	.db #0xff	; 255
    00000038 00                     109 	.db #0x00	; 0
    00000039 FF                     110 	.db #0xff	; 255
    0000003A 00                     111 	.db #0x00	; 0
    0000003B FF                     112 	.db #0xff	; 255
    0000003C 00                     113 	.db #0x00	; 0
    0000003D FF                     114 	.db #0xff	; 255
    0000003E 00                     115 	.db #0x00	; 0
    0000003F FF                     116 	.db #0xff	; 255
    00000040 00                     117 	.db #0x00	; 0
    00000041 FF                     118 	.db #0xff	; 255
    00000042 00                     119 	.db #0x00	; 0
    00000043 FF                     120 	.db #0xff	; 255
    00000044 00                     121 	.db #0x00	; 0
    00000045 BF                     122 	.db #0xbf	; 191
    00000046 00                     123 	.db #0x00	; 0
    00000047 FF                     124 	.db #0xff	; 255
    00000048 00                     125 	.db #0x00	; 0
    00000049 FF                     126 	.db #0xff	; 255
    0000004A 00                     127 	.db #0x00	; 0
    0000004B FF                     128 	.db #0xff	; 255
    0000004C 00                     129 	.db #0x00	; 0
    0000004D FF                     130 	.db #0xff	; 255
    0000004E 00                     131 	.db #0x00	; 0
    0000004F FF                     132 	.db #0xff	; 255
    00000050 00                     133 	.db #0x00	; 0
    00000051 FF                     134 	.db #0xff	; 255
    00000052 00                     135 	.db #0x00	; 0
    00000053 FF                     136 	.db #0xff	; 255
    00000054 01                     137 	.db #0x01	; 1
    00000055 FF                     138 	.db #0xff	; 255
    00000056 03                     139 	.db #0x03	; 3
    00000057 FF                     140 	.db #0xff	; 255
    00000058 07                     141 	.db #0x07	; 7
    00000059 FF                     142 	.db #0xff	; 255
    0000005A 0F                     143 	.db #0x0f	; 15
    0000005B FF                     144 	.db #0xff	; 255
    0000005C 0F                     145 	.db #0x0f	; 15
    0000005D FF                     146 	.db #0xff	; 255
    0000005E 1F                     147 	.db #0x1f	; 31
    0000005F FF                     148 	.db #0xff	; 255
    00000060 3F                     149 	.db #0x3f	; 63
    00000061 FF                     150 	.db #0xff	; 255
    00000062 3F                     151 	.db #0x3f	; 63
    00000063 FF                     152 	.db #0xff	; 255
    00000064 7F                     153 	.db #0x7f	; 127
    00000065 FF                     154 	.db #0xff	; 255
    00000066 7F                     155 	.db #0x7f	; 127
    00000067 FF                     156 	.db #0xff	; 255
    00000068 7F                     157 	.db #0x7f	; 127
    00000069 FF                     158 	.db #0xff	; 255
    0000006A FF                     159 	.db #0xff	; 255
    0000006B FF                     160 	.db #0xff	; 255
    0000006C FF                     161 	.db #0xff	; 255
    0000006D FF                     162 	.db #0xff	; 255
    0000006E FF                     163 	.db #0xff	; 255
    0000006F FF                     164 	.db #0xff	; 255
    00000070 FF                     165 	.db #0xff	; 255
    00000071 FF                     166 	.db #0xff	; 255
    00000072 FF                     167 	.db #0xff	; 255
    00000073 FF                     168 	.db #0xff	; 255
    00000074 FF                     169 	.db #0xff	; 255
    00000075 FF                     170 	.db #0xff	; 255
    00000076 FF                     171 	.db #0xff	; 255
    00000077 FF                     172 	.db #0xff	; 255
    00000078 FF                     173 	.db #0xff	; 255
    00000079 FF                     174 	.db #0xff	; 255
    0000007A FF                     175 	.db #0xff	; 255
    0000007B FF                     176 	.db #0xff	; 255
    0000007C FF                     177 	.db #0xff	; 255
    0000007D FF                     178 	.db #0xff	; 255
    0000007E E7                     179 	.db #0xe7	; 231
    0000007F FF                     180 	.db #0xff	; 255
    00000080 F3                     181 	.db #0xf3	; 243
    00000081 FF                     182 	.db #0xff	; 255
    00000082 F9                     183 	.db #0xf9	; 249
    00000083 FF                     184 	.db #0xff	; 255
    00000084 FC                     185 	.db #0xfc	; 252
    00000085 FF                     186 	.db #0xff	; 255
    00000086 7F                     187 	.db #0x7f	; 127
    00000087 FF                     188 	.db #0xff	; 255
    00000088 7F                     189 	.db #0x7f	; 127
    00000089 FF                     190 	.db #0xff	; 255
    0000008A 7F                     191 	.db #0x7f	; 127
    0000008B FF                     192 	.db #0xff	; 255
    0000008C 3F                     193 	.db #0x3f	; 63
    0000008D FF                     194 	.db #0xff	; 255
    0000008E 3F                     195 	.db #0x3f	; 63
    0000008F FF                     196 	.db #0xff	; 255
    00000090 1F                     197 	.db #0x1f	; 31
    00000091 FF                     198 	.db #0xff	; 255
    00000092 0F                     199 	.db #0x0f	; 15
    00000093 FF                     200 	.db #0xff	; 255
    00000094 0F                     201 	.db #0x0f	; 15
    00000095 FF                     202 	.db #0xff	; 255
    00000096 07                     203 	.db #0x07	; 7
    00000097 FF                     204 	.db #0xff	; 255
    00000098 03                     205 	.db #0x03	; 3
    00000099 FF                     206 	.db #0xff	; 255
    0000009A 01                     207 	.db #0x01	; 1
    0000009B FF                     208 	.db #0xff	; 255
    0000009C 00                     209 	.db #0x00	; 0
    0000009D FF                     210 	.db #0xff	; 255
    0000009E 00                     211 	.db #0x00	; 0
    0000009F FF                     212 	.db #0xff	; 255
    000000A0 00                     213 	.db #0x00	; 0
    000000A1 FF                     214 	.db #0xff	; 255
    000000A2 00                     215 	.db #0x00	; 0
    000000A3 FF                     216 	.db #0xff	; 255
    000000A4 00                     217 	.db #0x00	; 0
    000000A5 FF                     218 	.db #0xff	; 255
    000000A6 00                     219 	.db #0x00	; 0
    000000A7 FF                     220 	.db #0xff	; 255
    000000A8 00                     221 	.db #0x00	; 0
    000000A9 FF                     222 	.db #0xff	; 255
    000000AA 00                     223 	.db #0x00	; 0
    000000AB FC                     224 	.db #0xfc	; 252
    000000AC 0C                     225 	.db #0x0c	; 12
    000000AD FD                     226 	.db #0xfd	; 253
    000000AE 1C                     227 	.db #0x1c	; 28
    000000AF FF                     228 	.db #0xff	; 255
    000000B0 60                     229 	.db #0x60	; 96
    000000B1 FF                     230 	.db #0xff	; 255
    000000B2 C0                     231 	.db #0xc0	; 192
    000000B3 FF                     232 	.db #0xff	; 255
    000000B4 C0                     233 	.db #0xc0	; 192
    000000B5 FF                     234 	.db #0xff	; 255
    000000B6 E0                     235 	.db #0xe0	; 224
    000000B7 FF                     236 	.db #0xff	; 255
    000000B8 F0                     237 	.db #0xf0	; 240
    000000B9 FF                     238 	.db #0xff	; 255
    000000BA F8                     239 	.db #0xf8	; 248
    000000BB FF                     240 	.db #0xff	; 255
    000000BC F8                     241 	.db #0xf8	; 248
    000000BD FF                     242 	.db #0xff	; 255
    000000BE F8                     243 	.db #0xf8	; 248
    000000BF FF                     244 	.db #0xff	; 255
    000000C0 FE                     245 	.db #0xfe	; 254
    000000C1 FF                     246 	.db #0xff	; 255
    000000C2 FF                     247 	.db #0xff	; 255
    000000C3 FF                     248 	.db #0xff	; 255
    000000C4 D7                     249 	.db #0xd7	; 215
    000000C5 FF                     250 	.db #0xff	; 255
    000000C6 EA                     251 	.db #0xea	; 234
    000000C7 FF                     252 	.db #0xff	; 255
    000000C8 D5                     253 	.db #0xd5	; 213
    000000C9 FF                     254 	.db #0xff	; 255
    000000CA AA                     255 	.db #0xaa	; 170
    000000CB FF                     256 	.db #0xff	; 255
    000000CC D4                     257 	.db #0xd4	; 212
    000000CD FF                     258 	.db #0xff	; 255
    000000CE E8                     259 	.db #0xe8	; 232
    000000CF FF                     260 	.db #0xff	; 255
    000000D0 F4                     261 	.db #0xf4	; 244
    000000D1 FF                     262 	.db #0xff	; 255
    000000D2 EA                     263 	.db #0xea	; 234
    000000D3 FF                     264 	.db #0xff	; 255
    000000D4 FD                     265 	.db #0xfd	; 253
    000000D5 FF                     266 	.db #0xff	; 255
    000000D6 FA                     267 	.db #0xfa	; 250
    000000D7 FF                     268 	.db #0xff	; 255
    000000D8 FD                     269 	.db #0xfd	; 253
    000000D9 FF                     270 	.db #0xff	; 255
    000000DA FF                     271 	.db #0xff	; 255
    000000DB FF                     272 	.db #0xff	; 255
    000000DC FF                     273 	.db #0xff	; 255
    000000DD FF                     274 	.db #0xff	; 255
    000000DE FF                     275 	.db #0xff	; 255
    000000DF FF                     276 	.db #0xff	; 255
    000000E0 FF                     277 	.db #0xff	; 255
    000000E1 FF                     278 	.db #0xff	; 255
    000000E2 FF                     279 	.db #0xff	; 255
    000000E3 FF                     280 	.db #0xff	; 255
    000000E4 7F                     281 	.db #0x7f	; 127
    000000E5 FF                     282 	.db #0xff	; 255
    000000E6 3F                     283 	.db #0x3f	; 63
    000000E7 FF                     284 	.db #0xff	; 255
    000000E8 C0                     285 	.db #0xc0	; 192
    000000E9 FF                     286 	.db #0xff	; 255
    000000EA FF                     287 	.db #0xff	; 255
    000000EB FF                     288 	.db #0xff	; 255
    000000EC FF                     289 	.db #0xff	; 255
    000000ED FF                     290 	.db #0xff	; 255
    000000EE FF                     291 	.db #0xff	; 255
    000000EF FF                     292 	.db #0xff	; 255
    000000F0 FF                     293 	.db #0xff	; 255
    000000F1 FF                     294 	.db #0xff	; 255
    000000F2 FF                     295 	.db #0xff	; 255
    000000F3 FF                     296 	.db #0xff	; 255
    000000F4 FF                     297 	.db #0xff	; 255
    000000F5 FF                     298 	.db #0xff	; 255
    000000F6 FF                     299 	.db #0xff	; 255
    000000F7 FF                     300 	.db #0xff	; 255
    000000F8 FF                     301 	.db #0xff	; 255
    000000F9 FF                     302 	.db #0xff	; 255
    000000FA FF                     303 	.db #0xff	; 255
    000000FB FF                     304 	.db #0xff	; 255
    000000FC FF                     305 	.db #0xff	; 255
    000000FD FF                     306 	.db #0xff	; 255
    000000FE 7F                     307 	.db #0x7f	; 127
    000000FF FF                     308 	.db #0xff	; 255
    00000100 1F                     309 	.db #0x1f	; 31
    00000101 FF                     310 	.db #0xff	; 255
    00000102 0F                     311 	.db #0x0f	; 15
    00000103 FF                     312 	.db #0xff	; 255
    00000104 03                     313 	.db #0x03	; 3
    00000105 FF                     314 	.db #0xff	; 255
    00000106 00                     315 	.db #0x00	; 0
    00000107 FF                     316 	.db #0xff	; 255
    00000108 00                     317 	.db #0x00	; 0
    00000109 00                     318 	.db #0x00	; 0
    0000010A 00                     319 	.db #0x00	; 0
    0000010B 70                     320 	.db #0x70	; 112	'p'
    0000010C 01                     321 	.db #0x01	; 1
    0000010D FE                     322 	.db #0xfe	; 254
    0000010E 01                     323 	.db #0x01	; 1
    0000010F FE                     324 	.db #0xfe	; 254
    00000110 03                     325 	.db #0x03	; 3
    00000111 FC                     326 	.db #0xfc	; 252
    00000112 1F                     327 	.db #0x1f	; 31
    00000113 E0                     328 	.db #0xe0	; 224
    00000114 3F                     329 	.db #0x3f	; 63
    00000115 C0                     330 	.db #0xc0	; 192
    00000116 3F                     331 	.db #0x3f	; 63
    00000117 C0                     332 	.db #0xc0	; 192
    00000118 0F                     333 	.db #0x0f	; 15
    00000119 F0                     334 	.db #0xf0	; 240
    0000011A 03                     335 	.db #0x03	; 3
    0000011B FC                     336 	.db #0xfc	; 252
    0000011C 00                     337 	.db #0x00	; 0
    0000011D FF                     338 	.db #0xff	; 255
    0000011E 00                     339 	.db #0x00	; 0
    0000011F FF                     340 	.db #0xff	; 255
    00000120 00                     341 	.db #0x00	; 0
    00000121 FF                     342 	.db #0xff	; 255
    00000122 8F                     343 	.db #0x8f	; 143
    00000123 FF                     344 	.db #0xff	; 255
    00000124 FE                     345 	.db #0xfe	; 254
    00000125 FF                     346 	.db #0xff	; 255
    00000126 00                     347 	.db #0x00	; 0
    00000127 FF                     348 	.db #0xff	; 255
    00000128 00                     349 	.db #0x00	; 0
    00000129 FF                     350 	.db #0xff	; 255
    0000012A 00                     351 	.db #0x00	; 0
    0000012B FF                     352 	.db #0xff	; 255
    0000012C 01                     353 	.db #0x01	; 1
    0000012D FE                     354 	.db #0xfe	; 254
    0000012E 02                     355 	.db #0x02	; 2
    0000012F FD                     356 	.db #0xfd	; 253
    00000130 0B                     357 	.db #0x0b	; 11
    00000131 F4                     358 	.db #0xf4	; 244
    00000132 05                     359 	.db #0x05	; 5
    00000133 FA                     360 	.db #0xfa	; 250
    00000134 01                     361 	.db #0x01	; 1
    00000135 FE                     362 	.db #0xfe	; 254
    00000136 A1                     363 	.db #0xa1	; 161
    00000137 FE                     364 	.db #0xfe	; 254
    00000138 50                     365 	.db #0x50	; 80	'P'
    00000139 FF                     366 	.db #0xff	; 255
    0000013A FC                     367 	.db #0xfc	; 252
    0000013B FF                     368 	.db #0xff	; 255
    0000013C FF                     369 	.db #0xff	; 255
    0000013D FF                     370 	.db #0xff	; 255
    0000013E FF                     371 	.db #0xff	; 255
    0000013F FF                     372 	.db #0xff	; 255
    00000140 EF                     373 	.db #0xef	; 239
    00000141 FF                     374 	.db #0xff	; 255
    00000142 E3                     375 	.db #0xe3	; 227
    00000143 FF                     376 	.db #0xff	; 255
    00000144 E0                     377 	.db #0xe0	; 224
    00000145 FF                     378 	.db #0xff	; 255
    00000146 E0                     379 	.db #0xe0	; 224
    00000147 FF                     380 	.db #0xff	; 255
    00000148 E0                     381 	.db #0xe0	; 224
    00000149 FF                     382 	.db #0xff	; 255
    0000014A E0                     383 	.db #0xe0	; 224
    0000014B FF                     384 	.db #0xff	; 255
    0000014C F0                     385 	.db #0xf0	; 240
    0000014D FF                     386 	.db #0xff	; 255
    0000014E FE                     387 	.db #0xfe	; 254
    0000014F FF                     388 	.db #0xff	; 255
    00000150 DF                     389 	.db #0xdf	; 223
    00000151 FF                     390 	.db #0xff	; 255
    00000152 EA                     391 	.db #0xea	; 234
    00000153 FF                     392 	.db #0xff	; 255
    00000154 D5                     393 	.db #0xd5	; 213
    00000155 FF                     394 	.db #0xff	; 255
    00000156 EA                     395 	.db #0xea	; 234
    00000157 FF                     396 	.db #0xff	; 255
    00000158 D4                     397 	.db #0xd4	; 212
    00000159 FF                     398 	.db #0xff	; 255
    0000015A E8                     399 	.db #0xe8	; 232
    0000015B FF                     400 	.db #0xff	; 255
    0000015C F4                     401 	.db #0xf4	; 244
    0000015D FF                     402 	.db #0xff	; 255
    0000015E E8                     403 	.db #0xe8	; 232
    0000015F FF                     404 	.db #0xff	; 255
    00000160 F4                     405 	.db #0xf4	; 244
    00000161 FF                     406 	.db #0xff	; 255
    00000162 FA                     407 	.db #0xfa	; 250
    00000163 FF                     408 	.db #0xff	; 255
    00000164 FD                     409 	.db #0xfd	; 253
    00000165 FF                     410 	.db #0xff	; 255
    00000166 7F                     411 	.db #0x7f	; 127
    00000167 FF                     412 	.db #0xff	; 255
    00000168 00                     413 	.db #0x00	; 0
    00000169 01                     414 	.db #0x01	; 1
    0000016A 00                     415 	.db #0x00	; 0
    0000016B 00                     416 	.db #0x00	; 0
    0000016C EA                     417 	.db #0xea	; 234
    0000016D 00                     418 	.db #0x00	; 0
    0000016E F5                     419 	.db #0xf5	; 245
    0000016F 00                     420 	.db #0x00	; 0
    00000170 EA                     421 	.db #0xea	; 234
    00000171 00                     422 	.db #0x00	; 0
    00000172 FD                     423 	.db #0xfd	; 253
    00000173 00                     424 	.db #0x00	; 0
    00000174 FF                     425 	.db #0xff	; 255
    00000175 00                     426 	.db #0x00	; 0
    00000176 FF                     427 	.db #0xff	; 255
    00000177 00                     428 	.db #0x00	; 0
    00000178 FF                     429 	.db #0xff	; 255
    00000179 00                     430 	.db #0x00	; 0
    0000017A FE                     431 	.db #0xfe	; 254
    0000017B 01                     432 	.db #0x01	; 1
    0000017C 0F                     433 	.db #0x0f	; 15
    0000017D F3                     434 	.db #0xf3	; 243
    0000017E 0F                     435 	.db #0x0f	; 15
    0000017F FF                     436 	.db #0xff	; 255
    00000180 1C                     437 	.db #0x1c	; 28
    00000181 FF                     438 	.db #0xff	; 255
    00000182 F0                     439 	.db #0xf0	; 240
    00000183 FF                     440 	.db #0xff	; 255
    00000184 15                     441 	.db #0x15	; 21
    00000185 EA                     442 	.db #0xea	; 234
    00000186 2A                     443 	.db #0x2a	; 42
    00000187 D5                     444 	.db #0xd5	; 213
    00000188 55                     445 	.db #0x55	; 85	'U'
    00000189 AA                     446 	.db #0xaa	; 170
    0000018A AF                     447 	.db #0xaf	; 175
    0000018B 50                     448 	.db #0x50	; 80	'P'
    0000018C 5B                     449 	.db #0x5b	; 91
    0000018D A4                     450 	.db #0xa4	; 164
    0000018E AF                     451 	.db #0xaf	; 175
    0000018F 50                     452 	.db #0x50	; 80	'P'
    00000190 5F                     453 	.db #0x5f	; 95
    00000191 A0                     454 	.db #0xa0	; 160
    00000192 BB                     455 	.db #0xbb	; 187
    00000193 44                     456 	.db #0x44	; 68	'D'
    00000194 7F                     457 	.db #0x7f	; 127
    00000195 80                     458 	.db #0x80	; 128
    00000196 DF                     459 	.db #0xdf	; 223
    00000197 20                     460 	.db #0x20	; 32
    00000198 FF                     461 	.db #0xff	; 255
    00000199 00                     462 	.db #0x00	; 0
    0000019A 3F                     463 	.db #0x3f	; 63
    0000019B C7                     464 	.db #0xc7	; 199
    0000019C FB                     465 	.db #0xfb	; 251
    0000019D FF                     466 	.db #0xff	; 255
    0000019E 2F                     467 	.db #0x2f	; 47
    0000019F FF                     468 	.db #0xff	; 255
    000001A0 FF                     469 	.db #0xff	; 255
    000001A1 FF                     470 	.db #0xff	; 255
    000001A2 FE                     471 	.db #0xfe	; 254
    000001A3 FF                     472 	.db #0xff	; 255
    000001A4 E0                     473 	.db #0xe0	; 224
    000001A5 FF                     474 	.db #0xff	; 255
    000001A6 01                     475 	.db #0x01	; 1
    000001A7 FE                     476 	.db #0xfe	; 254
    000001A8 01                     477 	.db #0x01	; 1
    000001A9 FE                     478 	.db #0xfe	; 254
    000001AA 03                     479 	.db #0x03	; 3
    000001AB FC                     480 	.db #0xfc	; 252
    000001AC 1F                     481 	.db #0x1f	; 31
    000001AD F8                     482 	.db #0xf8	; 248
    000001AE E7                     483 	.db #0xe7	; 231
    000001AF F8                     484 	.db #0xf8	; 248
    000001B0 E7                     485 	.db #0xe7	; 231
    000001B1 F8                     486 	.db #0xf8	; 248
    000001B2 A7                     487 	.db #0xa7	; 167
    000001B3 F8                     488 	.db #0xf8	; 248
    000001B4 07                     489 	.db #0x07	; 7
    000001B5 F8                     490 	.db #0xf8	; 248
    000001B6 03                     491 	.db #0x03	; 3
    000001B7 FC                     492 	.db #0xfc	; 252
    000001B8 03                     493 	.db #0x03	; 3
    000001B9 FC                     494 	.db #0xfc	; 252
    000001BA 01                     495 	.db #0x01	; 1
    000001BB FE                     496 	.db #0xfe	; 254
    000001BC 00                     497 	.db #0x00	; 0
    000001BD FF                     498 	.db #0xff	; 255
    000001BE 00                     499 	.db #0x00	; 0
    000001BF FF                     500 	.db #0xff	; 255
    000001C0 00                     501 	.db #0x00	; 0
    000001C1 FF                     502 	.db #0xff	; 255
    000001C2 80                     503 	.db #0x80	; 128
    000001C3 FE                     504 	.db #0xfe	; 254
    000001C4 50                     505 	.db #0x50	; 80	'P'
    000001C5 FC                     506 	.db #0xfc	; 252
    000001C6 C0                     507 	.db #0xc0	; 192
    000001C7 C1                     508 	.db #0xc1	; 193
    000001C8 00                     509 	.db #0x00	; 0
    000001C9 FF                     510 	.db #0xff	; 255
    000001CA 00                     511 	.db #0x00	; 0
    000001CB 3F                     512 	.db #0x3f	; 63
    000001CC 00                     513 	.db #0x00	; 0
    000001CD 0F                     514 	.db #0x0f	; 15
    000001CE 40                     515 	.db #0x40	; 64
    000001CF 07                     516 	.db #0x07	; 7
    000001D0 A0                     517 	.db #0xa0	; 160
    000001D1 01                     518 	.db #0x01	; 1
    000001D2 50                     519 	.db #0x50	; 80	'P'
    000001D3 00                     520 	.db #0x00	; 0
    000001D4 E8                     521 	.db #0xe8	; 232
    000001D5 00                     522 	.db #0x00	; 0
    000001D6 FC                     523 	.db #0xfc	; 252
    000001D7 00                     524 	.db #0x00	; 0
    000001D8 76                     525 	.db #0x76	; 118	'v'
    000001D9 00                     526 	.db #0x00	; 0
    000001DA FF                     527 	.db #0xff	; 255
    000001DB 00                     528 	.db #0x00	; 0
    000001DC FE                     529 	.db #0xfe	; 254
    000001DD 00                     530 	.db #0x00	; 0
    000001DE DB                     531 	.db #0xdb	; 219
    000001DF 00                     532 	.db #0x00	; 0
    000001E0 FF                     533 	.db #0xff	; 255
    000001E1 00                     534 	.db #0x00	; 0
    000001E2 FA                     535 	.db #0xfa	; 250
    000001E3 00                     536 	.db #0x00	; 0
    000001E4 F5                     537 	.db #0xf5	; 245
    000001E5 00                     538 	.db #0x00	; 0
    000001E6 FF                     539 	.db #0xff	; 255
    000001E7 00                     540 	.db #0x00	; 0
    000001E8 DF                     541 	.db #0xdf	; 223
    000001E9 20                     542 	.db #0x20	; 32
    000001EA FF                     543 	.db #0xff	; 255
    000001EB 00                     544 	.db #0x00	; 0
    000001EC FF                     545 	.db #0xff	; 255
    000001ED 00                     546 	.db #0x00	; 0
    000001EE 7F                     547 	.db #0x7f	; 127
    000001EF 80                     548 	.db #0x80	; 128
    000001F0 FF                     549 	.db #0xff	; 255
    000001F1 00                     550 	.db #0x00	; 0
    000001F2 FF                     551 	.db #0xff	; 255
    000001F3 00                     552 	.db #0x00	; 0
    000001F4 FF                     553 	.db #0xff	; 255
    000001F5 01                     554 	.db #0x01	; 1
    000001F6 FF                     555 	.db #0xff	; 255
    000001F7 0F                     556 	.db #0x0f	; 15
    000001F8 FF                     557 	.db #0xff	; 255
    000001F9 3F                     558 	.db #0x3f	; 63
    000001FA FF                     559 	.db #0xff	; 255
    000001FB FE                     560 	.db #0xfe	; 254
    000001FC FF                     561 	.db #0xff	; 255
    000001FD F8                     562 	.db #0xf8	; 248
    000001FE EF                     563 	.db #0xef	; 239
    000001FF F0                     564 	.db #0xf0	; 240
    00000200 0F                     565 	.db #0x0f	; 15
    00000201 F0                     566 	.db #0xf0	; 240
    00000202 3F                     567 	.db #0x3f	; 63
    00000203 C0                     568 	.db #0xc0	; 192
    00000204 FF                     569 	.db #0xff	; 255
    00000205 00                     570 	.db #0x00	; 0
    00000206 FF                     571 	.db #0xff	; 255
    00000207 00                     572 	.db #0x00	; 0
    00000208 FF                     573 	.db #0xff	; 255
    00000209 00                     574 	.db #0x00	; 0
    0000020A FF                     575 	.db #0xff	; 255
    0000020B 00                     576 	.db #0x00	; 0
    0000020C FF                     577 	.db #0xff	; 255
    0000020D 00                     578 	.db #0x00	; 0
    0000020E FF                     579 	.db #0xff	; 255
    0000020F 00                     580 	.db #0x00	; 0
    00000210 FF                     581 	.db #0xff	; 255
    00000211 00                     582 	.db #0x00	; 0
    00000212 FF                     583 	.db #0xff	; 255
    00000213 00                     584 	.db #0x00	; 0
    00000214 FF                     585 	.db #0xff	; 255
    00000215 00                     586 	.db #0x00	; 0
    00000216 FF                     587 	.db #0xff	; 255
    00000217 00                     588 	.db #0x00	; 0
    00000218 FF                     589 	.db #0xff	; 255
    00000219 00                     590 	.db #0x00	; 0
    0000021A FE                     591 	.db #0xfe	; 254
    0000021B 00                     592 	.db #0x00	; 0
    0000021C 7C                     593 	.db #0x7c	; 124
    0000021D 80                     594 	.db #0x80	; 128
    0000021E 38                     595 	.db #0x38	; 56	'8'
    0000021F C1                     596 	.db #0xc1	; 193
    00000220 00                     597 	.db #0x00	; 0
    00000221 E3                     598 	.db #0xe3	; 227
    00000222 00                     599 	.db #0x00	; 0
    00000223 0F                     600 	.db #0x0f	; 15
    00000224 00                     601 	.db #0x00	; 0
    00000225 3F                     602 	.db #0x3f	; 63
    00000226 00                     603 	.db #0x00	; 0
    00000227 FF                     604 	.db #0xff	; 255
    00000228 00                     605 	.db #0x00	; 0
    00000229 FF                     606 	.db #0xff	; 255
    0000022A 00                     607 	.db #0x00	; 0
    0000022B FF                     608 	.db #0xff	; 255
    0000022C 00                     609 	.db #0x00	; 0
    0000022D FF                     610 	.db #0xff	; 255
    0000022E 00                     611 	.db #0x00	; 0
    0000022F FF                     612 	.db #0xff	; 255
    00000230 00                     613 	.db #0x00	; 0
    00000231 FF                     614 	.db #0xff	; 255
    00000232 00                     615 	.db #0x00	; 0
    00000233 FF                     616 	.db #0xff	; 255
    00000234 00                     617 	.db #0x00	; 0
    00000235 7F                     618 	.db #0x7f	; 127
    00000236 00                     619 	.db #0x00	; 0
    00000237 3F                     620 	.db #0x3f	; 63
    00000238 00                     621 	.db #0x00	; 0
    00000239 1F                     622 	.db #0x1f	; 31
    0000023A 00                     623 	.db #0x00	; 0
    0000023B 0F                     624 	.db #0x0f	; 15
    0000023C 00                     625 	.db #0x00	; 0
    0000023D 0F                     626 	.db #0x0f	; 15
    0000023E 00                     627 	.db #0x00	; 0
    0000023F 07                     628 	.db #0x07	; 7
    00000240 40                     629 	.db #0x40	; 64
    00000241 03                     630 	.db #0x03	; 3
    00000242 A0                     631 	.db #0xa0	; 160
    00000243 03                     632 	.db #0x03	; 3
    00000244 50                     633 	.db #0x50	; 80	'P'
    00000245 01                     634 	.db #0x01	; 1
    00000246 A8                     635 	.db #0xa8	; 168
    00000247 01                     636 	.db #0x01	; 1
    00000248 D0                     637 	.db #0xd0	; 208
    00000249 01                     638 	.db #0x01	; 1
    0000024A 68                     639 	.db #0x68	; 104	'h'
    0000024B 00                     640 	.db #0x00	; 0
    0000024C F8                     641 	.db #0xf8	; 248
    0000024D 00                     642 	.db #0x00	; 0
    0000024E B4                     643 	.db #0xb4	; 180
    0000024F 00                     644 	.db #0x00	; 0
    00000250 FC                     645 	.db #0xfc	; 252
    00000251 00                     646 	.db #0x00	; 0
    00000252 FE                     647 	.db #0xfe	; 254
    00000253 00                     648 	.db #0x00	; 0
    00000254 F6                     649 	.db #0xf6	; 246
    00000255 80                     650 	.db #0x80	; 128
    00000256 FE                     651 	.db #0xfe	; 254
    00000257 80                     652 	.db #0x80	; 128
    00000258 FC                     653 	.db #0xfc	; 252
    00000259 00                     654 	.db #0x00	; 0
    0000025A FE                     655 	.db #0xfe	; 254
    0000025B 00                     656 	.db #0x00	; 0
    0000025C F6                     657 	.db #0xf6	; 246
    0000025D 00                     658 	.db #0x00	; 0
    0000025E FE                     659 	.db #0xfe	; 254
    0000025F 00                     660 	.db #0x00	; 0
    00000260 FC                     661 	.db #0xfc	; 252
    00000261 00                     662 	.db #0x00	; 0
    00000262 FE                     663 	.db #0xfe	; 254
    00000263 00                     664 	.db #0x00	; 0
    00000264 FC                     665 	.db #0xfc	; 252
    00000265 00                     666 	.db #0x00	; 0
    00000266 FC                     667 	.db #0xfc	; 252
    00000267 01                     668 	.db #0x01	; 1
    00000268 FC                     669 	.db #0xfc	; 252
    00000269 01                     670 	.db #0x01	; 1
    0000026A F8                     671 	.db #0xf8	; 248
    0000026B 01                     672 	.db #0x01	; 1
    0000026C F8                     673 	.db #0xf8	; 248
    0000026D 03                     674 	.db #0x03	; 3
    0000026E F0                     675 	.db #0xf0	; 240
    0000026F 03                     676 	.db #0x03	; 3
    00000270 F0                     677 	.db #0xf0	; 240
    00000271 07                     678 	.db #0x07	; 7
    00000272 E0                     679 	.db #0xe0	; 224
    00000273 0F                     680 	.db #0x0f	; 15
    00000274 C0                     681 	.db #0xc0	; 192
    00000275 0F                     682 	.db #0x0f	; 15
    00000276 80                     683 	.db #0x80	; 128
    00000277 1F                     684 	.db #0x1f	; 31
    00000278 00                     685 	.db #0x00	; 0
    00000279 3F                     686 	.db #0x3f	; 63
    0000027A 00                     687 	.db #0x00	; 0
    0000027B 7F                     688 	.db #0x7f	; 127
    0000027C 00                     689 	.db #0x00	; 0
    0000027D FF                     690 	.db #0xff	; 255
    0000027E 00                     691 	.db #0x00	; 0
    0000027F FF                     692 	.db #0xff	; 255
    00000280 00                     693 	.db #0x00	; 0
    00000281 FF                     694 	.db #0xff	; 255
    00000282 00                     695 	.db #0x00	; 0
    00000283 FF                     696 	.db #0xff	; 255
    00000284 00                     697 	.db #0x00	; 0
    00000285 FF                     698 	.db #0xff	; 255
    00000286 00                     699 	.db #0x00	; 0
    00000287 FF                     700 	.db #0xff	; 255
    00000288 FF                     701 	.db #0xff	; 255
    00000289 FF                     702 	.db #0xff	; 255
    0000028A 80                     703 	.db #0x80	; 128
    0000028B 80                     704 	.db #0x80	; 128
    0000028C 8F                     705 	.db #0x8f	; 143
    0000028D B0                     706 	.db #0xb0	; 176
    0000028E 8F                     707 	.db #0x8f	; 143
    0000028F A0                     708 	.db #0xa0	; 160
    00000290 BC                     709 	.db #0xbc	; 188
    00000291 80                     710 	.db #0x80	; 128
    00000292 B1                     711 	.db #0xb1	; 177
    00000293 80                     712 	.db #0x80	; 128
    00000294 83                     713 	.db #0x83	; 131
    00000295 80                     714 	.db #0x80	; 128
    00000296 8F                     715 	.db #0x8f	; 143
    00000297 80                     716 	.db #0x80	; 128
    00000298 BF                     717 	.db #0xbf	; 191
    00000299 80                     718 	.db #0x80	; 128
    0000029A BF                     719 	.db #0xbf	; 191
    0000029B 80                     720 	.db #0x80	; 128
    0000029C BE                     721 	.db #0xbe	; 190
    0000029D 80                     722 	.db #0x80	; 128
    0000029E BC                     723 	.db #0xbc	; 188
    0000029F 80                     724 	.db #0x80	; 128
    000002A0 B8                     725 	.db #0xb8	; 184
    000002A1 80                     726 	.db #0x80	; 128
    000002A2 B0                     727 	.db #0xb0	; 176
    000002A3 80                     728 	.db #0x80	; 128
    000002A4 A0                     729 	.db #0xa0	; 160
    000002A5 80                     730 	.db #0x80	; 128
    000002A6 80                     731 	.db #0x80	; 128
    000002A7 80                     732 	.db #0x80	; 128
    000002A8 80                     733 	.db #0x80	; 128
    000002A9 80                     734 	.db #0x80	; 128
    000002AA 80                     735 	.db #0x80	; 128
    000002AB 80                     736 	.db #0x80	; 128
    000002AC 80                     737 	.db #0x80	; 128
    000002AD 80                     738 	.db #0x80	; 128
    000002AE 80                     739 	.db #0x80	; 128
    000002AF 80                     740 	.db #0x80	; 128
    000002B0 80                     741 	.db #0x80	; 128
    000002B1 80                     742 	.db #0x80	; 128
    000002B2 81                     743 	.db #0x81	; 129
    000002B3 80                     744 	.db #0x80	; 128
    000002B4 83                     745 	.db #0x83	; 131
    000002B5 80                     746 	.db #0x80	; 128
    000002B6 87                     747 	.db #0x87	; 135
    000002B7 80                     748 	.db #0x80	; 128
    000002B8 8F                     749 	.db #0x8f	; 143
    000002B9 80                     750 	.db #0x80	; 128
    000002BA 9F                     751 	.db #0x9f	; 159
    000002BB 80                     752 	.db #0x80	; 128
    000002BC BD                     753 	.db #0xbd	; 189
    000002BD 80                     754 	.db #0x80	; 128
    000002BE BF                     755 	.db #0xbf	; 191
    000002BF 80                     756 	.db #0x80	; 128
    000002C0 8F                     757 	.db #0x8f	; 143
    000002C1 A0                     758 	.db #0xa0	; 160
    000002C2 8F                     759 	.db #0x8f	; 143
    000002C3 B0                     760 	.db #0xb0	; 176
    000002C4 80                     761 	.db #0x80	; 128
    000002C5 80                     762 	.db #0x80	; 128
    000002C6 FF                     763 	.db #0xff	; 255
    000002C7 FF                     764 	.db #0xff	; 255
    000002C8 FF                     765 	.db #0xff	; 255
    000002C9 FF                     766 	.db #0xff	; 255
    000002CA 01                     767 	.db #0x01	; 1
    000002CB 01                     768 	.db #0x01	; 1
    000002CC F1                     769 	.db #0xf1	; 241
    000002CD 0D                     770 	.db #0x0d	; 13
    000002CE 71                     771 	.db #0x71	; 113	'q'
    000002CF 05                     772 	.db #0x05	; 5
    000002D0 F9                     773 	.db #0xf9	; 249
    000002D1 01                     774 	.db #0x01	; 1
    000002D2 F1                     775 	.db #0xf1	; 241
    000002D3 01                     776 	.db #0x01	; 1
    000002D4 E1                     777 	.db #0xe1	; 225
    000002D5 01                     778 	.db #0x01	; 1
    000002D6 C1                     779 	.db #0xc1	; 193
    000002D7 01                     780 	.db #0x01	; 1
    000002D8 81                     781 	.db #0x81	; 129
    000002D9 01                     782 	.db #0x01	; 1
    000002DA 01                     783 	.db #0x01	; 1
    000002DB 01                     784 	.db #0x01	; 1
    000002DC 01                     785 	.db #0x01	; 1
    000002DD 01                     786 	.db #0x01	; 1
    000002DE 01                     787 	.db #0x01	; 1
    000002DF 01                     788 	.db #0x01	; 1
    000002E0 01                     789 	.db #0x01	; 1
    000002E1 01                     790 	.db #0x01	; 1
    000002E2 01                     791 	.db #0x01	; 1
    000002E3 01                     792 	.db #0x01	; 1
    000002E4 01                     793 	.db #0x01	; 1
    000002E5 01                     794 	.db #0x01	; 1
    000002E6 05                     795 	.db #0x05	; 5
    000002E7 01                     796 	.db #0x01	; 1
    000002E8 0D                     797 	.db #0x0d	; 13
    000002E9 01                     798 	.db #0x01	; 1
    000002EA 1D                     799 	.db #0x1d	; 29
    000002EB 01                     800 	.db #0x01	; 1
    000002EC 3D                     801 	.db #0x3d	; 61
    000002ED 01                     802 	.db #0x01	; 1
    000002EE 79                     803 	.db #0x79	; 121	'y'
    000002EF 01                     804 	.db #0x01	; 1
    000002F0 F1                     805 	.db #0xf1	; 241
    000002F1 01                     806 	.db #0x01	; 1
    000002F2 E1                     807 	.db #0xe1	; 225
    000002F3 01                     808 	.db #0x01	; 1
    000002F4 C9                     809 	.db #0xc9	; 201
    000002F5 01                     810 	.db #0x01	; 1
    000002F6 9D                     811 	.db #0x9d	; 157
    000002F7 01                     812 	.db #0x01	; 1
    000002F8 7D                     813 	.db #0x7d	; 125
    000002F9 01                     814 	.db #0x01	; 1
    000002FA FD                     815 	.db #0xfd	; 253
    000002FB 01                     816 	.db #0x01	; 1
    000002FC FD                     817 	.db #0xfd	; 253
    000002FD 01                     818 	.db #0x01	; 1
    000002FE FD                     819 	.db #0xfd	; 253
    000002FF 01                     820 	.db #0x01	; 1
    00000300 F1                     821 	.db #0xf1	; 241
    00000301 05                     822 	.db #0x05	; 5
    00000302 F1                     823 	.db #0xf1	; 241
    00000303 0D                     824 	.db #0x0d	; 13
    00000304 01                     825 	.db #0x01	; 1
    00000305 01                     826 	.db #0x01	; 1
    00000306 FF                     827 	.db #0xff	; 255
    00000307 FF                     828 	.db #0xff	; 255
                                    829 	.area _INITIALIZER
                                    830 	.area _CABS (ABS)
