                                      1 ;--------------------------------------------------------
                                      2 ; File Created by SDCC : free open source ISO C Compiler
                                      3 ; Version 4.5.1 #15267 (Linux)
                                      4 ;--------------------------------------------------------
                                      5 	.module spaceship_sprite
                                      6 	
                                      7 ;--------------------------------------------------------
                                      8 ; Public variables in this module
                                      9 ;--------------------------------------------------------
                                     10 	.globl _spaceship_sprite_metasprites
                                     11 	.globl _spaceship_sprite_metasprite0
                                     12 	.globl _spaceship_sprite_tiles
                                     13 	.globl _spaceship_sprite_palettes
                                     14 	.globl b___func_spaceship_sprite
                                     15 	.globl ___func_spaceship_sprite
                                     16 ;--------------------------------------------------------
                                     17 ; special function registers
                                     18 ;--------------------------------------------------------
                                     19 ;--------------------------------------------------------
                                     20 ; ram data
                                     21 ;--------------------------------------------------------
                                     22 	.area _DATA
                                     23 ;--------------------------------------------------------
                                     24 ; ram data
                                     25 ;--------------------------------------------------------
                                     26 	.area _INITIALIZED
                                     27 ;--------------------------------------------------------
                                     28 ; absolute external ram data
                                     29 ;--------------------------------------------------------
                                     30 	.area _DABS (ABS)
                                     31 ;--------------------------------------------------------
                                     32 ; global & static initialisations
                                     33 ;--------------------------------------------------------
                                     34 	.area _HOME
                                     35 	.area _GSINIT
                                     36 	.area _GSFINAL
                                     37 	.area _GSINIT
                                     38 ;--------------------------------------------------------
                                     39 ; Home
                                     40 ;--------------------------------------------------------
                                     41 	.area _HOME
                                     42 	.area _HOME
                                     43 ;--------------------------------------------------------
                                     44 ; code
                                     45 ;--------------------------------------------------------
                                     46 	.area _CODE
                                     47 ;res/spaceship_sprite.c:7: BANKREF(spaceship_sprite)
                                     48 ;	---------------------------------
                                     49 ; Function __func_spaceship_sprite
                                     50 ; ---------------------------------
                         00000000    51 	b___func_spaceship_sprite	= 0
    00000000                         52 ___func_spaceship_sprite::
                                     53 	.local b___func_spaceship_sprite 
                         00000000    54 	___bank_spaceship_sprite = b___func_spaceship_sprite 
                                     55 	.globl ___bank_spaceship_sprite 
                                     56 	.area _CODE
    00000000                         57 _spaceship_sprite_palettes:
    00000000 4A 29                   58 	.dw #0x294a
    00000002 FF 7F                   59 	.dw #0x7fff
    00000004 B5 56                   60 	.dw #0x56b5
    00000006 00 00                   61 	.dw #0x0000
    00000008                         62 _spaceship_sprite_tiles:
    00000008 01                      63 	.db #0x01	; 1
    00000009 01                      64 	.db #0x01	; 1
    0000000A 02                      65 	.db #0x02	; 2
    0000000B 03                      66 	.db #0x03	; 3
    0000000C 05                      67 	.db #0x05	; 5
    0000000D 07                      68 	.db #0x07	; 7
    0000000E 05                      69 	.db #0x05	; 5
    0000000F 06                      70 	.db #0x06	; 6
    00000010 05                      71 	.db #0x05	; 5
    00000011 06                      72 	.db #0x06	; 6
    00000012 02                      73 	.db #0x02	; 2
    00000013 03                      74 	.db #0x03	; 3
    00000014 02                      75 	.db #0x02	; 2
    00000015 03                      76 	.db #0x03	; 3
    00000016 26                      77 	.db #0x26	; 38
    00000017 25                      78 	.db #0x25	; 37
    00000018 3A                      79 	.db #0x3a	; 58
    00000019 3F                      80 	.db #0x3f	; 63
    0000001A 6D                      81 	.db #0x6d	; 109	'm'
    0000001B 7F                      82 	.db #0x7f	; 127
    0000001C D5                      83 	.db #0xd5	; 213
    0000001D AF                      84 	.db #0xaf	; 175
    0000001E AB                      85 	.db #0xab	; 171
    0000001F DE                      86 	.db #0xde	; 222
    00000020 DE                      87 	.db #0xde	; 222
    00000021 BB                      88 	.db #0xbb	; 187
    00000022 BF                      89 	.db #0xbf	; 191
    00000023 FE                      90 	.db #0xfe	; 254
    00000024 71                      91 	.db #0x71	; 113	'q'
    00000025 61                      92 	.db #0x61	; 97	'a'
    00000026 00                      93 	.db #0x00	; 0
    00000027 30                      94 	.db #0x30	; 48	'0'
    00000028 80                      95 	.db #0x80	; 128
    00000029 80                      96 	.db #0x80	; 128
    0000002A 40                      97 	.db #0x40	; 64
    0000002B C0                      98 	.db #0xc0	; 192
    0000002C A0                      99 	.db #0xa0	; 160
    0000002D E0                     100 	.db #0xe0	; 224
    0000002E A0                     101 	.db #0xa0	; 160
    0000002F 60                     102 	.db #0x60	; 96
    00000030 A0                     103 	.db #0xa0	; 160
    00000031 60                     104 	.db #0x60	; 96
    00000032 40                     105 	.db #0x40	; 64
    00000033 C0                     106 	.db #0xc0	; 192
    00000034 40                     107 	.db #0x40	; 64
    00000035 C0                     108 	.db #0xc0	; 192
    00000036 64                     109 	.db #0x64	; 100	'd'
    00000037 A4                     110 	.db #0xa4	; 164
    00000038 5C                     111 	.db #0x5c	; 92
    00000039 FC                     112 	.db #0xfc	; 252
    0000003A B6                     113 	.db #0xb6	; 182
    0000003B FE                     114 	.db #0xfe	; 254
    0000003C BB                     115 	.db #0xbb	; 187
    0000003D E5                     116 	.db #0xe5	; 229
    0000003E D5                     117 	.db #0xd5	; 213
    0000003F 7B                     118 	.db #0x7b	; 123
    00000040 7B                     119 	.db #0x7b	; 123
    00000041 DD                     120 	.db #0xdd	; 221
    00000042 FD                     121 	.db #0xfd	; 253
    00000043 7F                     122 	.db #0x7f	; 127
    00000044 8E                     123 	.db #0x8e	; 142
    00000045 86                     124 	.db #0x86	; 134
    00000046 00                     125 	.db #0x00	; 0
    00000047 0C                     126 	.db #0x0c	; 12
    00000048                        127 _spaceship_sprite_metasprite0:
    00000048 F8                     128 	.db #0xf8	; -8
    00000049 F8                     129 	.db #0xf8	; -8
    0000004A 00                     130 	.db #0x00	; 0
    0000004B 00                     131 	.db #0x00	; 0
    0000004C 00                     132 	.db #0x00	;  0
    0000004D 08                     133 	.db #0x08	;  8
    0000004E 02                     134 	.db #0x02	; 2
    0000004F 00                     135 	.db #0x00	; 0
    00000050 80                     136 	.db #0x80	; -128
    00000051 00                     137 	.db #0x00	;  0
    00000052 00                     138 	.db #0x00	; 0
    00000053 00                     139 	.db #0x00	; 0
    00000054                        140 _spaceship_sprite_metasprites:
    00000054r48r00                  141 	.dw _spaceship_sprite_metasprite0
                                    142 	.area _INITIALIZER
                                    143 	.area _CABS (ABS)
