                                      1 ;--------------------------------------------------------
                                      2 ; File Created by SDCC : free open source ISO C Compiler
                                      3 ; Version 4.5.1 #15267 (Linux)
                                      4 ;--------------------------------------------------------
                                      5 	.module dungeon_tile
                                      6 	
                                      7 ;--------------------------------------------------------
                                      8 ; Public variables in this module
                                      9 ;--------------------------------------------------------
                                     10 	.globl _dungeon_tile_tiles
                                     11 	.globl _dungeon_tile_palettes
                                     12 	.globl b___func_dungeon_tile
                                     13 	.globl ___func_dungeon_tile
                                     14 ;--------------------------------------------------------
                                     15 ; special function registers
                                     16 ;--------------------------------------------------------
                                     17 ;--------------------------------------------------------
                                     18 ; ram data
                                     19 ;--------------------------------------------------------
                                     20 	.area _DATA
                                     21 ;--------------------------------------------------------
                                     22 ; ram data
                                     23 ;--------------------------------------------------------
                                     24 	.area _INITIALIZED
                                     25 ;--------------------------------------------------------
                                     26 ; absolute external ram data
                                     27 ;--------------------------------------------------------
                                     28 	.area _DABS (ABS)
                                     29 ;--------------------------------------------------------
                                     30 ; global & static initialisations
                                     31 ;--------------------------------------------------------
                                     32 	.area _HOME
                                     33 	.area _GSINIT
                                     34 	.area _GSFINAL
                                     35 	.area _GSINIT
                                     36 ;--------------------------------------------------------
                                     37 ; Home
                                     38 ;--------------------------------------------------------
                                     39 	.area _HOME
                                     40 	.area _HOME
                                     41 ;--------------------------------------------------------
                                     42 ; code
                                     43 ;--------------------------------------------------------
                                     44 	.area _CODE
                                     45 ;res/dungeon_tile.c:7: BANKREF(dungeon_tile)
                                     46 ;	---------------------------------
                                     47 ; Function __func_dungeon_tile
                                     48 ; ---------------------------------
                         00000000    49 	b___func_dungeon_tile	= 0
    00000000                         50 ___func_dungeon_tile::
                                     51 	.local b___func_dungeon_tile 
                         00000000    52 	___bank_dungeon_tile = b___func_dungeon_tile 
                                     53 	.globl ___bank_dungeon_tile 
                                     54 	.area _CODE
    00000000                         55 _dungeon_tile_palettes:
    00000000 FF 7F                   56 	.dw #0x7fff
    00000002 B5 56                   57 	.dw #0x56b5
    00000004 4A 29                   58 	.dw #0x294a
    00000006 00 00                   59 	.dw #0x0000
    00000008                         60 _dungeon_tile_tiles:
    00000008 00                      61 	.db #0x00	; 0
    00000009 FF                      62 	.db #0xff	; 255
    0000000A 79                      63 	.db #0x79	; 121	'y'
    0000000B 80                      64 	.db #0x80	; 128
    0000000C 7F                      65 	.db #0x7f	; 127
    0000000D 80                      66 	.db #0x80	; 128
    0000000E 7F                      67 	.db #0x7f	; 127
    0000000F 80                      68 	.db #0x80	; 128
    00000010 3F                      69 	.db #0x3f	; 63
    00000011 C0                      70 	.db #0xc0	; 192
    00000012 7F                      71 	.db #0x7f	; 127
    00000013 80                      72 	.db #0x80	; 128
    00000014 7F                      73 	.db #0x7f	; 127
    00000015 80                      74 	.db #0x80	; 128
    00000016 37                      75 	.db #0x37	; 55	'7'
    00000017 C8                      76 	.db #0xc8	; 200
    00000018 00                      77 	.db #0x00	; 0
    00000019 FF                      78 	.db #0xff	; 255
    0000001A 40                      79 	.db #0x40	; 64
    0000001B 01                      80 	.db #0x01	; 1
    0000001C FC                      81 	.db #0xfc	; 252
    0000001D 01                      82 	.db #0x01	; 1
    0000001E FC                      83 	.db #0xfc	; 252
    0000001F 01                      84 	.db #0x01	; 1
    00000020 FC                      85 	.db #0xfc	; 252
    00000021 01                      86 	.db #0x01	; 1
    00000022 FC                      87 	.db #0xfc	; 252
    00000023 01                      88 	.db #0x01	; 1
    00000024 FE                      89 	.db #0xfe	; 254
    00000025 01                      90 	.db #0x01	; 1
    00000026 FC                      91 	.db #0xfc	; 252
    00000027 01                      92 	.db #0x01	; 1
    00000028 E6                      93 	.db #0xe6	; 230
    00000029 C0                      94 	.db #0xc0	; 192
    0000002A FF                      95 	.db #0xff	; 255
    0000002B 80                      96 	.db #0x80	; 128
    0000002C FF                      97 	.db #0xff	; 255
    0000002D 00                      98 	.db #0x00	; 0
    0000002E FF                      99 	.db #0xff	; 255
    0000002F 00                     100 	.db #0x00	; 0
    00000030 FF                     101 	.db #0xff	; 255
    00000031 00                     102 	.db #0x00	; 0
    00000032 3F                     103 	.db #0x3f	; 63
    00000033 C0                     104 	.db #0xc0	; 192
    00000034 80                     105 	.db #0x80	; 128
    00000035 FF                     106 	.db #0xff	; 255
    00000036 C0                     107 	.db #0xc0	; 192
    00000037 FF                     108 	.db #0xff	; 255
    00000038 83                     109 	.db #0x83	; 131
    00000039 03                     110 	.db #0x03	; 3
    0000003A FD                     111 	.db #0xfd	; 253
    0000003B 01                     112 	.db #0x01	; 1
    0000003C FE                     113 	.db #0xfe	; 254
    0000003D 00                     114 	.db #0x00	; 0
    0000003E FF                     115 	.db #0xff	; 255
    0000003F 00                     116 	.db #0x00	; 0
    00000040 FF                     117 	.db #0xff	; 255
    00000041 00                     118 	.db #0x00	; 0
    00000042 FC                     119 	.db #0xfc	; 252
    00000043 03                     120 	.db #0x03	; 3
    00000044 01                     121 	.db #0x01	; 1
    00000045 FF                     122 	.db #0xff	; 255
    00000046 03                     123 	.db #0x03	; 3
    00000047 FF                     124 	.db #0xff	; 255
    00000048 EF                     125 	.db #0xef	; 239
    00000049 C7                     126 	.db #0xc7	; 199
    0000004A F7                     127 	.db #0xf7	; 247
    0000004B 83                     128 	.db #0x83	; 131
    0000004C FB                     129 	.db #0xfb	; 251
    0000004D 83                     130 	.db #0x83	; 131
    0000004E FF                     131 	.db #0xff	; 255
    0000004F 83                     132 	.db #0x83	; 131
    00000050 FF                     133 	.db #0xff	; 255
    00000051 83                     134 	.db #0x83	; 131
    00000052 FF                     135 	.db #0xff	; 255
    00000053 83                     136 	.db #0x83	; 131
    00000054 FF                     137 	.db #0xff	; 255
    00000055 83                     138 	.db #0x83	; 131
    00000056 FF                     139 	.db #0xff	; 255
    00000057 83                     140 	.db #0x83	; 131
    00000058 F7                     141 	.db #0xf7	; 247
    00000059 E3                     142 	.db #0xe3	; 227
    0000005A FB                     143 	.db #0xfb	; 251
    0000005B C1                     144 	.db #0xc1	; 193
    0000005C FD                     145 	.db #0xfd	; 253
    0000005D C1                     146 	.db #0xc1	; 193
    0000005E FF                     147 	.db #0xff	; 255
    0000005F C1                     148 	.db #0xc1	; 193
    00000060 FF                     149 	.db #0xff	; 255
    00000061 C1                     150 	.db #0xc1	; 193
    00000062 FF                     151 	.db #0xff	; 255
    00000063 C1                     152 	.db #0xc1	; 193
    00000064 FF                     153 	.db #0xff	; 255
    00000065 C1                     154 	.db #0xc1	; 193
    00000066 FF                     155 	.db #0xff	; 255
    00000067 C1                     156 	.db #0xc1	; 193
    00000068 FF                     157 	.db #0xff	; 255
    00000069 FF                     158 	.db #0xff	; 255
    0000006A FF                     159 	.db #0xff	; 255
    0000006B F8                     160 	.db #0xf8	; 248
    0000006C FF                     161 	.db #0xff	; 255
    0000006D E0                     162 	.db #0xe0	; 224
    0000006E C7                     163 	.db #0xc7	; 199
    0000006F FF                     164 	.db #0xff	; 255
    00000070 FF                     165 	.db #0xff	; 255
    00000071 FF                     166 	.db #0xff	; 255
    00000072 FF                     167 	.db #0xff	; 255
    00000073 9F                     168 	.db #0x9f	; 159
    00000074 3F                     169 	.db #0x3f	; 63
    00000075 DF                     170 	.db #0xdf	; 223
    00000076 3F                     171 	.db #0x3f	; 63
    00000077 FF                     172 	.db #0xff	; 255
    00000078 FF                     173 	.db #0xff	; 255
    00000079 FF                     174 	.db #0xff	; 255
    0000007A FF                     175 	.db #0xff	; 255
    0000007B 1F                     176 	.db #0x1f	; 31
    0000007C FF                     177 	.db #0xff	; 255
    0000007D 07                     178 	.db #0x07	; 7
    0000007E E3                     179 	.db #0xe3	; 227
    0000007F FF                     180 	.db #0xff	; 255
    00000080 FF                     181 	.db #0xff	; 255
    00000081 FF                     182 	.db #0xff	; 255
    00000082 FF                     183 	.db #0xff	; 255
    00000083 F9                     184 	.db #0xf9	; 249
    00000084 FC                     185 	.db #0xfc	; 252
    00000085 FB                     186 	.db #0xfb	; 251
    00000086 FC                     187 	.db #0xfc	; 252
    00000087 FF                     188 	.db #0xff	; 255
    00000088 5F                     189 	.db #0x5f	; 95
    00000089 A0                     190 	.db #0xa0	; 160
    0000008A 2F                     191 	.db #0x2f	; 47
    0000008B D0                     192 	.db #0xd0	; 208
    0000008C 0E                     193 	.db #0x0e	; 14
    0000008D F1                     194 	.db #0xf1	; 241
    0000008E 27                     195 	.db #0x27	; 39
    0000008F D8                     196 	.db #0xd8	; 216
    00000090 13                     197 	.db #0x13	; 19
    00000091 EC                     198 	.db #0xec	; 236
    00000092 29                     199 	.db #0x29	; 41
    00000093 D6                     200 	.db #0xd6	; 214
    00000094 54                     201 	.db #0x54	; 84	'T'
    00000095 AB                     202 	.db #0xab	; 171
    00000096 00                     203 	.db #0x00	; 0
    00000097 FF                     204 	.db #0xff	; 255
    00000098 FC                     205 	.db #0xfc	; 252
    00000099 01                     206 	.db #0x01	; 1
    0000009A FC                     207 	.db #0xfc	; 252
    0000009B 01                     208 	.db #0x01	; 1
    0000009C FE                     209 	.db #0xfe	; 254
    0000009D 01                     210 	.db #0x01	; 1
    0000009E FC                     211 	.db #0xfc	; 252
    0000009F 01                     212 	.db #0x01	; 1
    000000A0 BE                     213 	.db #0xbe	; 190
    000000A1 41                     214 	.db #0x41	; 65	'A'
    000000A2 FE                     215 	.db #0xfe	; 254
    000000A3 01                     216 	.db #0x01	; 1
    000000A4 EE                     217 	.db #0xee	; 238
    000000A5 11                     218 	.db #0x11	; 17
    000000A6 00                     219 	.db #0x00	; 0
    000000A7 FF                     220 	.db #0xff	; 255
    000000A8 FF                     221 	.db #0xff	; 255
    000000A9 FF                     222 	.db #0xff	; 255
    000000AA FF                     223 	.db #0xff	; 255
    000000AB 10                     224 	.db #0x10	; 16
    000000AC 10                     225 	.db #0x10	; 16
    000000AD FF                     226 	.db #0xff	; 255
    000000AE 10                     227 	.db #0x10	; 16
    000000AF FF                     228 	.db #0xff	; 255
    000000B0 FF                     229 	.db #0xff	; 255
    000000B1 FF                     230 	.db #0xff	; 255
    000000B2 FF                     231 	.db #0xff	; 255
    000000B3 02                     232 	.db #0x02	; 2
    000000B4 02                     233 	.db #0x02	; 2
    000000B5 FF                     234 	.db #0xff	; 255
    000000B6 02                     235 	.db #0x02	; 2
    000000B7 FF                     236 	.db #0xff	; 255
    000000B8 FF                     237 	.db #0xff	; 255
    000000B9 FF                     238 	.db #0xff	; 255
    000000BA FF                     239 	.db #0xff	; 255
    000000BB 04                     240 	.db #0x04	; 4
    000000BC 04                     241 	.db #0x04	; 4
    000000BD FF                     242 	.db #0xff	; 255
    000000BE 04                     243 	.db #0x04	; 4
    000000BF FF                     244 	.db #0xff	; 255
    000000C0 FF                     245 	.db #0xff	; 255
    000000C1 FF                     246 	.db #0xff	; 255
    000000C2 FF                     247 	.db #0xff	; 255
    000000C3 60                     248 	.db #0x60	; 96
    000000C4 60                     249 	.db #0x60	; 96
    000000C5 FF                     250 	.db #0xff	; 255
    000000C6 60                     251 	.db #0x60	; 96
    000000C7 FF                     252 	.db #0xff	; 255
    000000C8 FF                     253 	.db #0xff	; 255
    000000C9 83                     254 	.db #0x83	; 131
    000000CA FF                     255 	.db #0xff	; 255
    000000CB 83                     256 	.db #0x83	; 131
    000000CC FF                     257 	.db #0xff	; 255
    000000CD 83                     258 	.db #0x83	; 131
    000000CE FF                     259 	.db #0xff	; 255
    000000CF 83                     260 	.db #0x83	; 131
    000000D0 FF                     261 	.db #0xff	; 255
    000000D1 83                     262 	.db #0x83	; 131
    000000D2 BB                     263 	.db #0xbb	; 187
    000000D3 C7                     264 	.db #0xc7	; 199
    000000D4 83                     265 	.db #0x83	; 131
    000000D5 FF                     266 	.db #0xff	; 255
    000000D6 C7                     267 	.db #0xc7	; 199
    000000D7 FF                     268 	.db #0xff	; 255
    000000D8 FF                     269 	.db #0xff	; 255
    000000D9 C1                     270 	.db #0xc1	; 193
    000000DA FF                     271 	.db #0xff	; 255
    000000DB C1                     272 	.db #0xc1	; 193
    000000DC FF                     273 	.db #0xff	; 255
    000000DD C1                     274 	.db #0xc1	; 193
    000000DE FF                     275 	.db #0xff	; 255
    000000DF C1                     276 	.db #0xc1	; 193
    000000E0 FF                     277 	.db #0xff	; 255
    000000E1 C1                     278 	.db #0xc1	; 193
    000000E2 DD                     279 	.db #0xdd	; 221
    000000E3 E3                     280 	.db #0xe3	; 227
    000000E4 C1                     281 	.db #0xc1	; 193
    000000E5 FF                     282 	.db #0xff	; 255
    000000E6 E3                     283 	.db #0xe3	; 227
    000000E7 FF                     284 	.db #0xff	; 255
    000000E8 FF                     285 	.db #0xff	; 255
    000000E9 FF                     286 	.db #0xff	; 255
    000000EA FF                     287 	.db #0xff	; 255
    000000EB 3F                     288 	.db #0x3f	; 63
    000000EC 3F                     289 	.db #0x3f	; 63
    000000ED FF                     290 	.db #0xff	; 255
    000000EE 3F                     291 	.db #0x3f	; 63
    000000EF FF                     292 	.db #0xff	; 255
    000000F0 FF                     293 	.db #0xff	; 255
    000000F1 FF                     294 	.db #0xff	; 255
    000000F2 F5                     295 	.db #0xf5	; 245
    000000F3 3F                     296 	.db #0x3f	; 63
    000000F4 2A                     297 	.db #0x2a	; 42
    000000F5 F5                     298 	.db #0xf5	; 245
    000000F6 3F                     299 	.db #0x3f	; 63
    000000F7 C0                     300 	.db #0xc0	; 192
    000000F8 FF                     301 	.db #0xff	; 255
    000000F9 FF                     302 	.db #0xff	; 255
    000000FA FF                     303 	.db #0xff	; 255
    000000FB FC                     304 	.db #0xfc	; 252
    000000FC FC                     305 	.db #0xfc	; 252
    000000FD FF                     306 	.db #0xff	; 255
    000000FE FC                     307 	.db #0xfc	; 252
    000000FF FF                     308 	.db #0xff	; 255
    00000100 FF                     309 	.db #0xff	; 255
    00000101 FF                     310 	.db #0xff	; 255
    00000102 5F                     311 	.db #0x5f	; 95
    00000103 FC                     312 	.db #0xfc	; 252
    00000104 AC                     313 	.db #0xac	; 172
    00000105 57                     314 	.db #0x57	; 87	'W'
    00000106 FC                     315 	.db #0xfc	; 252
    00000107 03                     316 	.db #0x03	; 3
    00000108 00                     317 	.db #0x00	; 0
    00000109 FF                     318 	.db #0xff	; 255
    0000010A 77                     319 	.db #0x77	; 119	'w'
    0000010B 88                     320 	.db #0x88	; 136
    0000010C 7B                     321 	.db #0x7b	; 123
    0000010D 84                     322 	.db #0x84	; 132
    0000010E 7C                     323 	.db #0x7c	; 124
    0000010F 83                     324 	.db #0x83	; 131
    00000110 7F                     325 	.db #0x7f	; 127
    00000111 80                     326 	.db #0x80	; 128
    00000112 7F                     327 	.db #0x7f	; 127
    00000113 80                     328 	.db #0x80	; 128
    00000114 7F                     329 	.db #0x7f	; 127
    00000115 80                     330 	.db #0x80	; 128
    00000116 7F                     331 	.db #0x7f	; 127
    00000117 80                     332 	.db #0x80	; 128
    00000118 00                     333 	.db #0x00	; 0
    00000119 FF                     334 	.db #0xff	; 255
    0000011A F8                     335 	.db #0xf8	; 248
    0000011B 07                     336 	.db #0x07	; 7
    0000011C FC                     337 	.db #0xfc	; 252
    0000011D 03                     338 	.db #0x03	; 3
    0000011E FE                     339 	.db #0xfe	; 254
    0000011F 01                     340 	.db #0x01	; 1
    00000120 FE                     341 	.db #0xfe	; 254
    00000121 01                     342 	.db #0x01	; 1
    00000122 FE                     343 	.db #0xfe	; 254
    00000123 01                     344 	.db #0x01	; 1
    00000124 DE                     345 	.db #0xde	; 222
    00000125 21                     346 	.db #0x21	; 33
    00000126 CE                     347 	.db #0xce	; 206
    00000127 31                     348 	.db #0x31	; 49	'1'
    00000128 00                     349 	.db #0x00	; 0
    00000129 FF                     350 	.db #0xff	; 255
    0000012A 7F                     351 	.db #0x7f	; 127
    0000012B 80                     352 	.db #0x80	; 128
    0000012C 7F                     353 	.db #0x7f	; 127
    0000012D 80                     354 	.db #0x80	; 128
    0000012E 7F                     355 	.db #0x7f	; 127
    0000012F 80                     356 	.db #0x80	; 128
    00000130 7F                     357 	.db #0x7f	; 127
    00000131 80                     358 	.db #0x80	; 128
    00000132 7F                     359 	.db #0x7f	; 127
    00000133 80                     360 	.db #0x80	; 128
    00000134 7F                     361 	.db #0x7f	; 127
    00000135 80                     362 	.db #0x80	; 128
    00000136 7F                     363 	.db #0x7f	; 127
    00000137 80                     364 	.db #0x80	; 128
    00000138 00                     365 	.db #0x00	; 0
    00000139 FF                     366 	.db #0xff	; 255
    0000013A FE                     367 	.db #0xfe	; 254
    0000013B 01                     368 	.db #0x01	; 1
    0000013C FE                     369 	.db #0xfe	; 254
    0000013D 01                     370 	.db #0x01	; 1
    0000013E FE                     371 	.db #0xfe	; 254
    0000013F 01                     372 	.db #0x01	; 1
    00000140 FE                     373 	.db #0xfe	; 254
    00000141 01                     374 	.db #0x01	; 1
    00000142 FE                     375 	.db #0xfe	; 254
    00000143 01                     376 	.db #0x01	; 1
    00000144 FE                     377 	.db #0xfe	; 254
    00000145 01                     378 	.db #0x01	; 1
    00000146 FE                     379 	.db #0xfe	; 254
    00000147 01                     380 	.db #0x01	; 1
    00000148 FF                     381 	.db #0xff	; 255
    00000149 FF                     382 	.db #0xff	; 255
    0000014A FF                     383 	.db #0xff	; 255
    0000014B C3                     384 	.db #0xc3	; 195
    0000014C BF                     385 	.db #0xbf	; 191
    0000014D E0                     386 	.db #0xe0	; 224
    0000014E 9F                     387 	.db #0x9f	; 159
    0000014F F0                     388 	.db #0xf0	; 240
    00000150 8F                     389 	.db #0x8f	; 143
    00000151 F8                     390 	.db #0xf8	; 248
    00000152 87                     391 	.db #0x87	; 135
    00000153 FC                     392 	.db #0xfc	; 252
    00000154 C3                     393 	.db #0xc3	; 195
    00000155 FE                     394 	.db #0xfe	; 254
    00000156 C1                     395 	.db #0xc1	; 193
    00000157 FF                     396 	.db #0xff	; 255
    00000158 FF                     397 	.db #0xff	; 255
    00000159 FF                     398 	.db #0xff	; 255
    0000015A FF                     399 	.db #0xff	; 255
    0000015B C3                     400 	.db #0xc3	; 195
    0000015C FF                     401 	.db #0xff	; 255
    0000015D 05                     402 	.db #0x05	; 5
    0000015E FF                     403 	.db #0xff	; 255
    0000015F 09                     404 	.db #0x09	; 9
    00000160 FF                     405 	.db #0xff	; 255
    00000161 11                     406 	.db #0x11	; 17
    00000162 FF                     407 	.db #0xff	; 255
    00000163 21                     408 	.db #0x21	; 33
    00000164 FF                     409 	.db #0xff	; 255
    00000165 43                     410 	.db #0x43	; 67	'C'
    00000166 FF                     411 	.db #0xff	; 255
    00000167 83                     412 	.db #0x83	; 131
    00000168 00                     413 	.db #0x00	; 0
    00000169 00                     414 	.db #0x00	; 0
    0000016A 00                     415 	.db #0x00	; 0
    0000016B 00                     416 	.db #0x00	; 0
    0000016C 00                     417 	.db #0x00	; 0
    0000016D 00                     418 	.db #0x00	; 0
    0000016E 00                     419 	.db #0x00	; 0
    0000016F 00                     420 	.db #0x00	; 0
    00000170 00                     421 	.db #0x00	; 0
    00000171 00                     422 	.db #0x00	; 0
    00000172 00                     423 	.db #0x00	; 0
    00000173 00                     424 	.db #0x00	; 0
    00000174 00                     425 	.db #0x00	; 0
    00000175 00                     426 	.db #0x00	; 0
    00000176 00                     427 	.db #0x00	; 0
    00000177 00                     428 	.db #0x00	; 0
    00000178 7B                     429 	.db #0x7b	; 123
    00000179 84                     430 	.db #0x84	; 132
    0000017A 7D                     431 	.db #0x7d	; 125
    0000017B 82                     432 	.db #0x82	; 130
    0000017C 7B                     433 	.db #0x7b	; 123
    0000017D 84                     434 	.db #0x84	; 132
    0000017E 67                     435 	.db #0x67	; 103	'g'
    0000017F 98                     436 	.db #0x98	; 152
    00000180 7F                     437 	.db #0x7f	; 127
    00000181 80                     438 	.db #0x80	; 128
    00000182 7F                     439 	.db #0x7f	; 127
    00000183 80                     440 	.db #0x80	; 128
    00000184 7F                     441 	.db #0x7f	; 127
    00000185 80                     442 	.db #0x80	; 128
    00000186 00                     443 	.db #0x00	; 0
    00000187 FF                     444 	.db #0xff	; 255
    00000188 EE                     445 	.db #0xee	; 238
    00000189 11                     446 	.db #0x11	; 17
    0000018A EE                     447 	.db #0xee	; 238
    0000018B 11                     448 	.db #0x11	; 17
    0000018C FE                     449 	.db #0xfe	; 254
    0000018D 01                     450 	.db #0x01	; 1
    0000018E FE                     451 	.db #0xfe	; 254
    0000018F 01                     452 	.db #0x01	; 1
    00000190 FE                     453 	.db #0xfe	; 254
    00000191 01                     454 	.db #0x01	; 1
    00000192 FE                     455 	.db #0xfe	; 254
    00000193 01                     456 	.db #0x01	; 1
    00000194 FE                     457 	.db #0xfe	; 254
    00000195 01                     458 	.db #0x01	; 1
    00000196 00                     459 	.db #0x00	; 0
    00000197 FF                     460 	.db #0xff	; 255
    00000198 7F                     461 	.db #0x7f	; 127
    00000199 80                     462 	.db #0x80	; 128
    0000019A 7F                     463 	.db #0x7f	; 127
    0000019B 80                     464 	.db #0x80	; 128
    0000019C 7F                     465 	.db #0x7f	; 127
    0000019D 80                     466 	.db #0x80	; 128
    0000019E 7F                     467 	.db #0x7f	; 127
    0000019F 80                     468 	.db #0x80	; 128
    000001A0 7F                     469 	.db #0x7f	; 127
    000001A1 80                     470 	.db #0x80	; 128
    000001A2 7F                     471 	.db #0x7f	; 127
    000001A3 80                     472 	.db #0x80	; 128
    000001A4 7F                     473 	.db #0x7f	; 127
    000001A5 80                     474 	.db #0x80	; 128
    000001A6 00                     475 	.db #0x00	; 0
    000001A7 FF                     476 	.db #0xff	; 255
    000001A8 FE                     477 	.db #0xfe	; 254
    000001A9 01                     478 	.db #0x01	; 1
    000001AA FE                     479 	.db #0xfe	; 254
    000001AB 01                     480 	.db #0x01	; 1
    000001AC FE                     481 	.db #0xfe	; 254
    000001AD 01                     482 	.db #0x01	; 1
    000001AE FE                     483 	.db #0xfe	; 254
    000001AF 01                     484 	.db #0x01	; 1
    000001B0 FE                     485 	.db #0xfe	; 254
    000001B1 01                     486 	.db #0x01	; 1
    000001B2 FE                     487 	.db #0xfe	; 254
    000001B3 01                     488 	.db #0x01	; 1
    000001B4 FE                     489 	.db #0xfe	; 254
    000001B5 01                     490 	.db #0x01	; 1
    000001B6 00                     491 	.db #0x00	; 0
    000001B7 FF                     492 	.db #0xff	; 255
    000001B8 C1                     493 	.db #0xc1	; 193
    000001B9 FF                     494 	.db #0xff	; 255
    000001BA C2                     495 	.db #0xc2	; 194
    000001BB FF                     496 	.db #0xff	; 255
    000001BC 84                     497 	.db #0x84	; 132
    000001BD FF                     498 	.db #0xff	; 255
    000001BE 88                     499 	.db #0x88	; 136
    000001BF FF                     500 	.db #0xff	; 255
    000001C0 90                     501 	.db #0x90	; 144
    000001C1 FF                     502 	.db #0xff	; 255
    000001C2 A0                     503 	.db #0xa0	; 160
    000001C3 FF                     504 	.db #0xff	; 255
    000001C4 C3                     505 	.db #0xc3	; 195
    000001C5 FF                     506 	.db #0xff	; 255
    000001C6 FF                     507 	.db #0xff	; 255
    000001C7 FF                     508 	.db #0xff	; 255
    000001C8 FF                     509 	.db #0xff	; 255
    000001C9 83                     510 	.db #0x83	; 131
    000001CA 7F                     511 	.db #0x7f	; 127
    000001CB C3                     512 	.db #0xc3	; 195
    000001CC 3F                     513 	.db #0x3f	; 63
    000001CD E1                     514 	.db #0xe1	; 225
    000001CE 1F                     515 	.db #0x1f	; 31
    000001CF F1                     516 	.db #0xf1	; 241
    000001D0 0F                     517 	.db #0x0f	; 15
    000001D1 F9                     518 	.db #0xf9	; 249
    000001D2 07                     519 	.db #0x07	; 7
    000001D3 FD                     520 	.db #0xfd	; 253
    000001D4 C3                     521 	.db #0xc3	; 195
    000001D5 FF                     522 	.db #0xff	; 255
    000001D6 FF                     523 	.db #0xff	; 255
    000001D7 FF                     524 	.db #0xff	; 255
                                    525 	.area _INITIALIZER
                                    526 	.area _CABS (ABS)
