                                      1 ;--------------------------------------------------------
                                      2 ; File Created by SDCC : free open source ISO C Compiler
                                      3 ; Version 4.5.1 #15267 (Linux)
                                      4 ;--------------------------------------------------------
                                      5 	.module dungeon_tileset
                                      6 	
                                      7 ;--------------------------------------------------------
                                      8 ; Public variables in this module
                                      9 ;--------------------------------------------------------
                                     10 	.globl _dungeon_tileset_tiles
                                     11 	.globl _dungeon_tileset_palettes
                                     12 	.globl b___func_dungeon_tileset
                                     13 	.globl ___func_dungeon_tileset
                                     14 ;--------------------------------------------------------
                                     15 ; special function registers
                                     16 ;--------------------------------------------------------
                                     17 ;--------------------------------------------------------
                                     18 ; ram data
                                     19 ;--------------------------------------------------------
                                     20 	.area _DATA
                                     21 ;--------------------------------------------------------
                                     22 ; ram data
                                     23 ;--------------------------------------------------------
                                     24 	.area _INITIALIZED
                                     25 ;--------------------------------------------------------
                                     26 ; absolute external ram data
                                     27 ;--------------------------------------------------------
                                     28 	.area _DABS (ABS)
                                     29 ;--------------------------------------------------------
                                     30 ; global & static initialisations
                                     31 ;--------------------------------------------------------
                                     32 	.area _HOME
                                     33 	.area _GSINIT
                                     34 	.area _GSFINAL
                                     35 	.area _GSINIT
                                     36 ;--------------------------------------------------------
                                     37 ; Home
                                     38 ;--------------------------------------------------------
                                     39 	.area _HOME
                                     40 	.area _HOME
                                     41 ;--------------------------------------------------------
                                     42 ; code
                                     43 ;--------------------------------------------------------
                                     44 	.area _CODE
                                     45 ;res/dungeon_tileset.c:7: BANKREF(dungeon_tileset)
                                     46 ;	---------------------------------
                                     47 ; Function __func_dungeon_tileset
                                     48 ; ---------------------------------
                         00000000    49 	b___func_dungeon_tileset	= 0
    00000000                         50 ___func_dungeon_tileset::
                                     51 	.local b___func_dungeon_tileset 
                         00000000    52 	___bank_dungeon_tileset = b___func_dungeon_tileset 
                                     53 	.globl ___bank_dungeon_tileset 
                                     54 	.area _CODE
    00000000                         55 _dungeon_tileset_palettes:
    00000000 FF 7F                   56 	.dw #0x7fff
    00000002 B5 56                   57 	.dw #0x56b5
    00000004 4A 29                   58 	.dw #0x294a
    00000006 00 00                   59 	.dw #0x0000
    00000008                         60 _dungeon_tileset_tiles:
    00000008 00                      61 	.db #0x00	; 0
    00000009 FF                      62 	.db #0xff	; 255
    0000000A 7F                      63 	.db #0x7f	; 127
    0000000B 80                      64 	.db #0x80	; 128
    0000000C 7F                      65 	.db #0x7f	; 127
    0000000D 80                      66 	.db #0x80	; 128
    0000000E 7F                      67 	.db #0x7f	; 127
    0000000F 80                      68 	.db #0x80	; 128
    00000010 7F                      69 	.db #0x7f	; 127
    00000011 80                      70 	.db #0x80	; 128
    00000012 7F                      71 	.db #0x7f	; 127
    00000013 80                      72 	.db #0x80	; 128
    00000014 7F                      73 	.db #0x7f	; 127
    00000015 80                      74 	.db #0x80	; 128
    00000016 7F                      75 	.db #0x7f	; 127
    00000017 80                      76 	.db #0x80	; 128
    00000018 00                      77 	.db #0x00	; 0
    00000019 FF                      78 	.db #0xff	; 255
    0000001A FE                      79 	.db #0xfe	; 254
    0000001B 01                      80 	.db #0x01	; 1
    0000001C FE                      81 	.db #0xfe	; 254
    0000001D 01                      82 	.db #0x01	; 1
    0000001E FE                      83 	.db #0xfe	; 254
    0000001F 01                      84 	.db #0x01	; 1
    00000020 FE                      85 	.db #0xfe	; 254
    00000021 01                      86 	.db #0x01	; 1
    00000022 FE                      87 	.db #0xfe	; 254
    00000023 01                      88 	.db #0x01	; 1
    00000024 FE                      89 	.db #0xfe	; 254
    00000025 01                      90 	.db #0x01	; 1
    00000026 FE                      91 	.db #0xfe	; 254
    00000027 01                      92 	.db #0x01	; 1
    00000028 7F                      93 	.db #0x7f	; 127
    00000029 80                      94 	.db #0x80	; 128
    0000002A 7F                      95 	.db #0x7f	; 127
    0000002B 80                      96 	.db #0x80	; 128
    0000002C 7F                      97 	.db #0x7f	; 127
    0000002D 80                      98 	.db #0x80	; 128
    0000002E 7F                      99 	.db #0x7f	; 127
    0000002F 80                     100 	.db #0x80	; 128
    00000030 7F                     101 	.db #0x7f	; 127
    00000031 80                     102 	.db #0x80	; 128
    00000032 7F                     103 	.db #0x7f	; 127
    00000033 80                     104 	.db #0x80	; 128
    00000034 7F                     105 	.db #0x7f	; 127
    00000035 80                     106 	.db #0x80	; 128
    00000036 00                     107 	.db #0x00	; 0
    00000037 FF                     108 	.db #0xff	; 255
    00000038 FE                     109 	.db #0xfe	; 254
    00000039 01                     110 	.db #0x01	; 1
    0000003A FE                     111 	.db #0xfe	; 254
    0000003B 01                     112 	.db #0x01	; 1
    0000003C FE                     113 	.db #0xfe	; 254
    0000003D 01                     114 	.db #0x01	; 1
    0000003E FE                     115 	.db #0xfe	; 254
    0000003F 01                     116 	.db #0x01	; 1
    00000040 FE                     117 	.db #0xfe	; 254
    00000041 01                     118 	.db #0x01	; 1
    00000042 FE                     119 	.db #0xfe	; 254
    00000043 01                     120 	.db #0x01	; 1
    00000044 FE                     121 	.db #0xfe	; 254
    00000045 01                     122 	.db #0x01	; 1
    00000046 00                     123 	.db #0x00	; 0
    00000047 FF                     124 	.db #0xff	; 255
    00000048 00                     125 	.db #0x00	; 0
    00000049 FF                     126 	.db #0xff	; 255
    0000004A 77                     127 	.db #0x77	; 119	'w'
    0000004B 88                     128 	.db #0x88	; 136
    0000004C 7B                     129 	.db #0x7b	; 123
    0000004D 84                     130 	.db #0x84	; 132
    0000004E 7C                     131 	.db #0x7c	; 124
    0000004F 83                     132 	.db #0x83	; 131
    00000050 7F                     133 	.db #0x7f	; 127
    00000051 80                     134 	.db #0x80	; 128
    00000052 7F                     135 	.db #0x7f	; 127
    00000053 80                     136 	.db #0x80	; 128
    00000054 7F                     137 	.db #0x7f	; 127
    00000055 80                     138 	.db #0x80	; 128
    00000056 7F                     139 	.db #0x7f	; 127
    00000057 80                     140 	.db #0x80	; 128
    00000058 00                     141 	.db #0x00	; 0
    00000059 FF                     142 	.db #0xff	; 255
    0000005A F8                     143 	.db #0xf8	; 248
    0000005B 07                     144 	.db #0x07	; 7
    0000005C FC                     145 	.db #0xfc	; 252
    0000005D 03                     146 	.db #0x03	; 3
    0000005E FE                     147 	.db #0xfe	; 254
    0000005F 01                     148 	.db #0x01	; 1
    00000060 FE                     149 	.db #0xfe	; 254
    00000061 01                     150 	.db #0x01	; 1
    00000062 FE                     151 	.db #0xfe	; 254
    00000063 01                     152 	.db #0x01	; 1
    00000064 DE                     153 	.db #0xde	; 222
    00000065 21                     154 	.db #0x21	; 33
    00000066 CE                     155 	.db #0xce	; 206
    00000067 31                     156 	.db #0x31	; 49	'1'
    00000068 7B                     157 	.db #0x7b	; 123
    00000069 84                     158 	.db #0x84	; 132
    0000006A 7D                     159 	.db #0x7d	; 125
    0000006B 82                     160 	.db #0x82	; 130
    0000006C 7B                     161 	.db #0x7b	; 123
    0000006D 84                     162 	.db #0x84	; 132
    0000006E 67                     163 	.db #0x67	; 103	'g'
    0000006F 98                     164 	.db #0x98	; 152
    00000070 7F                     165 	.db #0x7f	; 127
    00000071 80                     166 	.db #0x80	; 128
    00000072 7F                     167 	.db #0x7f	; 127
    00000073 80                     168 	.db #0x80	; 128
    00000074 7F                     169 	.db #0x7f	; 127
    00000075 80                     170 	.db #0x80	; 128
    00000076 00                     171 	.db #0x00	; 0
    00000077 FF                     172 	.db #0xff	; 255
    00000078 EE                     173 	.db #0xee	; 238
    00000079 11                     174 	.db #0x11	; 17
    0000007A EE                     175 	.db #0xee	; 238
    0000007B 11                     176 	.db #0x11	; 17
    0000007C FE                     177 	.db #0xfe	; 254
    0000007D 01                     178 	.db #0x01	; 1
    0000007E FE                     179 	.db #0xfe	; 254
    0000007F 01                     180 	.db #0x01	; 1
    00000080 FE                     181 	.db #0xfe	; 254
    00000081 01                     182 	.db #0x01	; 1
    00000082 FE                     183 	.db #0xfe	; 254
    00000083 01                     184 	.db #0x01	; 1
    00000084 FE                     185 	.db #0xfe	; 254
    00000085 01                     186 	.db #0x01	; 1
    00000086 00                     187 	.db #0x00	; 0
    00000087 FF                     188 	.db #0xff	; 255
    00000088 00                     189 	.db #0x00	; 0
    00000089 FF                     190 	.db #0xff	; 255
    0000008A 79                     191 	.db #0x79	; 121	'y'
    0000008B 80                     192 	.db #0x80	; 128
    0000008C 7F                     193 	.db #0x7f	; 127
    0000008D 80                     194 	.db #0x80	; 128
    0000008E 7F                     195 	.db #0x7f	; 127
    0000008F 80                     196 	.db #0x80	; 128
    00000090 3F                     197 	.db #0x3f	; 63
    00000091 C0                     198 	.db #0xc0	; 192
    00000092 7F                     199 	.db #0x7f	; 127
    00000093 80                     200 	.db #0x80	; 128
    00000094 7F                     201 	.db #0x7f	; 127
    00000095 80                     202 	.db #0x80	; 128
    00000096 37                     203 	.db #0x37	; 55	'7'
    00000097 C8                     204 	.db #0xc8	; 200
    00000098 00                     205 	.db #0x00	; 0
    00000099 FF                     206 	.db #0xff	; 255
    0000009A 40                     207 	.db #0x40	; 64
    0000009B 01                     208 	.db #0x01	; 1
    0000009C FC                     209 	.db #0xfc	; 252
    0000009D 01                     210 	.db #0x01	; 1
    0000009E FC                     211 	.db #0xfc	; 252
    0000009F 01                     212 	.db #0x01	; 1
    000000A0 FC                     213 	.db #0xfc	; 252
    000000A1 01                     214 	.db #0x01	; 1
    000000A2 FC                     215 	.db #0xfc	; 252
    000000A3 01                     216 	.db #0x01	; 1
    000000A4 FE                     217 	.db #0xfe	; 254
    000000A5 01                     218 	.db #0x01	; 1
    000000A6 FC                     219 	.db #0xfc	; 252
    000000A7 01                     220 	.db #0x01	; 1
    000000A8 5F                     221 	.db #0x5f	; 95
    000000A9 A0                     222 	.db #0xa0	; 160
    000000AA 2F                     223 	.db #0x2f	; 47
    000000AB D0                     224 	.db #0xd0	; 208
    000000AC 0E                     225 	.db #0x0e	; 14
    000000AD F1                     226 	.db #0xf1	; 241
    000000AE 27                     227 	.db #0x27	; 39
    000000AF D8                     228 	.db #0xd8	; 216
    000000B0 13                     229 	.db #0x13	; 19
    000000B1 EC                     230 	.db #0xec	; 236
    000000B2 29                     231 	.db #0x29	; 41
    000000B3 D6                     232 	.db #0xd6	; 214
    000000B4 54                     233 	.db #0x54	; 84	'T'
    000000B5 AB                     234 	.db #0xab	; 171
    000000B6 00                     235 	.db #0x00	; 0
    000000B7 FF                     236 	.db #0xff	; 255
    000000B8 FC                     237 	.db #0xfc	; 252
    000000B9 01                     238 	.db #0x01	; 1
    000000BA FC                     239 	.db #0xfc	; 252
    000000BB 01                     240 	.db #0x01	; 1
    000000BC FE                     241 	.db #0xfe	; 254
    000000BD 01                     242 	.db #0x01	; 1
    000000BE FC                     243 	.db #0xfc	; 252
    000000BF 01                     244 	.db #0x01	; 1
    000000C0 BE                     245 	.db #0xbe	; 190
    000000C1 41                     246 	.db #0x41	; 65	'A'
    000000C2 FE                     247 	.db #0xfe	; 254
    000000C3 01                     248 	.db #0x01	; 1
    000000C4 EE                     249 	.db #0xee	; 238
    000000C5 11                     250 	.db #0x11	; 17
    000000C6 00                     251 	.db #0x00	; 0
    000000C7 FF                     252 	.db #0xff	; 255
    000000C8 FF                     253 	.db #0xff	; 255
    000000C9 FF                     254 	.db #0xff	; 255
    000000CA FF                     255 	.db #0xff	; 255
    000000CB F8                     256 	.db #0xf8	; 248
    000000CC FF                     257 	.db #0xff	; 255
    000000CD E0                     258 	.db #0xe0	; 224
    000000CE C7                     259 	.db #0xc7	; 199
    000000CF FF                     260 	.db #0xff	; 255
    000000D0 FF                     261 	.db #0xff	; 255
    000000D1 FF                     262 	.db #0xff	; 255
    000000D2 FF                     263 	.db #0xff	; 255
    000000D3 9F                     264 	.db #0x9f	; 159
    000000D4 3F                     265 	.db #0x3f	; 63
    000000D5 DF                     266 	.db #0xdf	; 223
    000000D6 3F                     267 	.db #0x3f	; 63
    000000D7 FF                     268 	.db #0xff	; 255
    000000D8 FF                     269 	.db #0xff	; 255
    000000D9 FF                     270 	.db #0xff	; 255
    000000DA FF                     271 	.db #0xff	; 255
    000000DB 1F                     272 	.db #0x1f	; 31
    000000DC FF                     273 	.db #0xff	; 255
    000000DD 07                     274 	.db #0x07	; 7
    000000DE E3                     275 	.db #0xe3	; 227
    000000DF FF                     276 	.db #0xff	; 255
    000000E0 FF                     277 	.db #0xff	; 255
    000000E1 FF                     278 	.db #0xff	; 255
    000000E2 FF                     279 	.db #0xff	; 255
    000000E3 F9                     280 	.db #0xf9	; 249
    000000E4 FC                     281 	.db #0xfc	; 252
    000000E5 FB                     282 	.db #0xfb	; 251
    000000E6 FC                     283 	.db #0xfc	; 252
    000000E7 FF                     284 	.db #0xff	; 255
    000000E8 FF                     285 	.db #0xff	; 255
    000000E9 FF                     286 	.db #0xff	; 255
    000000EA FF                     287 	.db #0xff	; 255
    000000EB 3F                     288 	.db #0x3f	; 63
    000000EC 3F                     289 	.db #0x3f	; 63
    000000ED FF                     290 	.db #0xff	; 255
    000000EE 3F                     291 	.db #0x3f	; 63
    000000EF FF                     292 	.db #0xff	; 255
    000000F0 FF                     293 	.db #0xff	; 255
    000000F1 FF                     294 	.db #0xff	; 255
    000000F2 F5                     295 	.db #0xf5	; 245
    000000F3 3F                     296 	.db #0x3f	; 63
    000000F4 2A                     297 	.db #0x2a	; 42
    000000F5 F5                     298 	.db #0xf5	; 245
    000000F6 3F                     299 	.db #0x3f	; 63
    000000F7 C0                     300 	.db #0xc0	; 192
    000000F8 FF                     301 	.db #0xff	; 255
    000000F9 FF                     302 	.db #0xff	; 255
    000000FA FF                     303 	.db #0xff	; 255
    000000FB FC                     304 	.db #0xfc	; 252
    000000FC FC                     305 	.db #0xfc	; 252
    000000FD FF                     306 	.db #0xff	; 255
    000000FE FC                     307 	.db #0xfc	; 252
    000000FF FF                     308 	.db #0xff	; 255
    00000100 FF                     309 	.db #0xff	; 255
    00000101 FF                     310 	.db #0xff	; 255
    00000102 5F                     311 	.db #0x5f	; 95
    00000103 FC                     312 	.db #0xfc	; 252
    00000104 AC                     313 	.db #0xac	; 172
    00000105 57                     314 	.db #0x57	; 87	'W'
    00000106 FC                     315 	.db #0xfc	; 252
    00000107 03                     316 	.db #0x03	; 3
    00000108 E6                     317 	.db #0xe6	; 230
    00000109 C0                     318 	.db #0xc0	; 192
    0000010A FF                     319 	.db #0xff	; 255
    0000010B 80                     320 	.db #0x80	; 128
    0000010C FF                     321 	.db #0xff	; 255
    0000010D 00                     322 	.db #0x00	; 0
    0000010E FF                     323 	.db #0xff	; 255
    0000010F 00                     324 	.db #0x00	; 0
    00000110 FF                     325 	.db #0xff	; 255
    00000111 00                     326 	.db #0x00	; 0
    00000112 3F                     327 	.db #0x3f	; 63
    00000113 C0                     328 	.db #0xc0	; 192
    00000114 80                     329 	.db #0x80	; 128
    00000115 FF                     330 	.db #0xff	; 255
    00000116 C0                     331 	.db #0xc0	; 192
    00000117 FF                     332 	.db #0xff	; 255
    00000118 83                     333 	.db #0x83	; 131
    00000119 03                     334 	.db #0x03	; 3
    0000011A FD                     335 	.db #0xfd	; 253
    0000011B 01                     336 	.db #0x01	; 1
    0000011C FE                     337 	.db #0xfe	; 254
    0000011D 00                     338 	.db #0x00	; 0
    0000011E FF                     339 	.db #0xff	; 255
    0000011F 00                     340 	.db #0x00	; 0
    00000120 FF                     341 	.db #0xff	; 255
    00000121 00                     342 	.db #0x00	; 0
    00000122 FC                     343 	.db #0xfc	; 252
    00000123 03                     344 	.db #0x03	; 3
    00000124 01                     345 	.db #0x01	; 1
    00000125 FF                     346 	.db #0xff	; 255
    00000126 03                     347 	.db #0x03	; 3
    00000127 FF                     348 	.db #0xff	; 255
    00000128 FF                     349 	.db #0xff	; 255
    00000129 FF                     350 	.db #0xff	; 255
    0000012A FF                     351 	.db #0xff	; 255
    0000012B 10                     352 	.db #0x10	; 16
    0000012C 10                     353 	.db #0x10	; 16
    0000012D FF                     354 	.db #0xff	; 255
    0000012E 10                     355 	.db #0x10	; 16
    0000012F FF                     356 	.db #0xff	; 255
    00000130 FF                     357 	.db #0xff	; 255
    00000131 FF                     358 	.db #0xff	; 255
    00000132 FF                     359 	.db #0xff	; 255
    00000133 02                     360 	.db #0x02	; 2
    00000134 02                     361 	.db #0x02	; 2
    00000135 FF                     362 	.db #0xff	; 255
    00000136 02                     363 	.db #0x02	; 2
    00000137 FF                     364 	.db #0xff	; 255
    00000138 FF                     365 	.db #0xff	; 255
    00000139 FF                     366 	.db #0xff	; 255
    0000013A FF                     367 	.db #0xff	; 255
    0000013B 04                     368 	.db #0x04	; 4
    0000013C 04                     369 	.db #0x04	; 4
    0000013D FF                     370 	.db #0xff	; 255
    0000013E 04                     371 	.db #0x04	; 4
    0000013F FF                     372 	.db #0xff	; 255
    00000140 FF                     373 	.db #0xff	; 255
    00000141 FF                     374 	.db #0xff	; 255
    00000142 FF                     375 	.db #0xff	; 255
    00000143 60                     376 	.db #0x60	; 96
    00000144 60                     377 	.db #0x60	; 96
    00000145 FF                     378 	.db #0xff	; 255
    00000146 60                     379 	.db #0x60	; 96
    00000147 FF                     380 	.db #0xff	; 255
    00000148 EF                     381 	.db #0xef	; 239
    00000149 C7                     382 	.db #0xc7	; 199
    0000014A F7                     383 	.db #0xf7	; 247
    0000014B 83                     384 	.db #0x83	; 131
    0000014C FB                     385 	.db #0xfb	; 251
    0000014D 83                     386 	.db #0x83	; 131
    0000014E FF                     387 	.db #0xff	; 255
    0000014F 83                     388 	.db #0x83	; 131
    00000150 FF                     389 	.db #0xff	; 255
    00000151 83                     390 	.db #0x83	; 131
    00000152 FF                     391 	.db #0xff	; 255
    00000153 83                     392 	.db #0x83	; 131
    00000154 FF                     393 	.db #0xff	; 255
    00000155 83                     394 	.db #0x83	; 131
    00000156 FF                     395 	.db #0xff	; 255
    00000157 83                     396 	.db #0x83	; 131
    00000158 F7                     397 	.db #0xf7	; 247
    00000159 E3                     398 	.db #0xe3	; 227
    0000015A FB                     399 	.db #0xfb	; 251
    0000015B C1                     400 	.db #0xc1	; 193
    0000015C FD                     401 	.db #0xfd	; 253
    0000015D C1                     402 	.db #0xc1	; 193
    0000015E FF                     403 	.db #0xff	; 255
    0000015F C1                     404 	.db #0xc1	; 193
    00000160 FF                     405 	.db #0xff	; 255
    00000161 C1                     406 	.db #0xc1	; 193
    00000162 FF                     407 	.db #0xff	; 255
    00000163 C1                     408 	.db #0xc1	; 193
    00000164 FF                     409 	.db #0xff	; 255
    00000165 C1                     410 	.db #0xc1	; 193
    00000166 FF                     411 	.db #0xff	; 255
    00000167 C1                     412 	.db #0xc1	; 193
    00000168 FF                     413 	.db #0xff	; 255
    00000169 83                     414 	.db #0x83	; 131
    0000016A FF                     415 	.db #0xff	; 255
    0000016B 83                     416 	.db #0x83	; 131
    0000016C FF                     417 	.db #0xff	; 255
    0000016D 83                     418 	.db #0x83	; 131
    0000016E FF                     419 	.db #0xff	; 255
    0000016F 83                     420 	.db #0x83	; 131
    00000170 FF                     421 	.db #0xff	; 255
    00000171 83                     422 	.db #0x83	; 131
    00000172 BB                     423 	.db #0xbb	; 187
    00000173 C7                     424 	.db #0xc7	; 199
    00000174 83                     425 	.db #0x83	; 131
    00000175 FF                     426 	.db #0xff	; 255
    00000176 C7                     427 	.db #0xc7	; 199
    00000177 FF                     428 	.db #0xff	; 255
    00000178 FF                     429 	.db #0xff	; 255
    00000179 C1                     430 	.db #0xc1	; 193
    0000017A FF                     431 	.db #0xff	; 255
    0000017B C1                     432 	.db #0xc1	; 193
    0000017C FF                     433 	.db #0xff	; 255
    0000017D C1                     434 	.db #0xc1	; 193
    0000017E FF                     435 	.db #0xff	; 255
    0000017F C1                     436 	.db #0xc1	; 193
    00000180 FF                     437 	.db #0xff	; 255
    00000181 C1                     438 	.db #0xc1	; 193
    00000182 DD                     439 	.db #0xdd	; 221
    00000183 E3                     440 	.db #0xe3	; 227
    00000184 C1                     441 	.db #0xc1	; 193
    00000185 FF                     442 	.db #0xff	; 255
    00000186 E3                     443 	.db #0xe3	; 227
    00000187 FF                     444 	.db #0xff	; 255
    00000188 FF                     445 	.db #0xff	; 255
    00000189 FF                     446 	.db #0xff	; 255
    0000018A FF                     447 	.db #0xff	; 255
    0000018B C3                     448 	.db #0xc3	; 195
    0000018C BF                     449 	.db #0xbf	; 191
    0000018D E0                     450 	.db #0xe0	; 224
    0000018E 9F                     451 	.db #0x9f	; 159
    0000018F F0                     452 	.db #0xf0	; 240
    00000190 8F                     453 	.db #0x8f	; 143
    00000191 F8                     454 	.db #0xf8	; 248
    00000192 87                     455 	.db #0x87	; 135
    00000193 FC                     456 	.db #0xfc	; 252
    00000194 C3                     457 	.db #0xc3	; 195
    00000195 FE                     458 	.db #0xfe	; 254
    00000196 C1                     459 	.db #0xc1	; 193
    00000197 FF                     460 	.db #0xff	; 255
    00000198 FF                     461 	.db #0xff	; 255
    00000199 FF                     462 	.db #0xff	; 255
    0000019A FF                     463 	.db #0xff	; 255
    0000019B C3                     464 	.db #0xc3	; 195
    0000019C FF                     465 	.db #0xff	; 255
    0000019D 05                     466 	.db #0x05	; 5
    0000019E FF                     467 	.db #0xff	; 255
    0000019F 09                     468 	.db #0x09	; 9
    000001A0 FF                     469 	.db #0xff	; 255
    000001A1 11                     470 	.db #0x11	; 17
    000001A2 FF                     471 	.db #0xff	; 255
    000001A3 21                     472 	.db #0x21	; 33
    000001A4 FF                     473 	.db #0xff	; 255
    000001A5 43                     474 	.db #0x43	; 67	'C'
    000001A6 FF                     475 	.db #0xff	; 255
    000001A7 83                     476 	.db #0x83	; 131
    000001A8 C1                     477 	.db #0xc1	; 193
    000001A9 FF                     478 	.db #0xff	; 255
    000001AA C2                     479 	.db #0xc2	; 194
    000001AB FF                     480 	.db #0xff	; 255
    000001AC 84                     481 	.db #0x84	; 132
    000001AD FF                     482 	.db #0xff	; 255
    000001AE 88                     483 	.db #0x88	; 136
    000001AF FF                     484 	.db #0xff	; 255
    000001B0 90                     485 	.db #0x90	; 144
    000001B1 FF                     486 	.db #0xff	; 255
    000001B2 A0                     487 	.db #0xa0	; 160
    000001B3 FF                     488 	.db #0xff	; 255
    000001B4 C3                     489 	.db #0xc3	; 195
    000001B5 FF                     490 	.db #0xff	; 255
    000001B6 FF                     491 	.db #0xff	; 255
    000001B7 FF                     492 	.db #0xff	; 255
    000001B8 FF                     493 	.db #0xff	; 255
    000001B9 83                     494 	.db #0x83	; 131
    000001BA 7F                     495 	.db #0x7f	; 127
    000001BB C3                     496 	.db #0xc3	; 195
    000001BC 3F                     497 	.db #0x3f	; 63
    000001BD E1                     498 	.db #0xe1	; 225
    000001BE 1F                     499 	.db #0x1f	; 31
    000001BF F1                     500 	.db #0xf1	; 241
    000001C0 0F                     501 	.db #0x0f	; 15
    000001C1 F9                     502 	.db #0xf9	; 249
    000001C2 07                     503 	.db #0x07	; 7
    000001C3 FD                     504 	.db #0xfd	; 253
    000001C4 C3                     505 	.db #0xc3	; 195
    000001C5 FF                     506 	.db #0xff	; 255
    000001C6 FF                     507 	.db #0xff	; 255
    000001C7 FF                     508 	.db #0xff	; 255
    000001C8 00                     509 	.db #0x00	; 0
    000001C9 00                     510 	.db #0x00	; 0
    000001CA 00                     511 	.db #0x00	; 0
    000001CB 00                     512 	.db #0x00	; 0
    000001CC 00                     513 	.db #0x00	; 0
    000001CD 00                     514 	.db #0x00	; 0
    000001CE 00                     515 	.db #0x00	; 0
    000001CF 00                     516 	.db #0x00	; 0
    000001D0 00                     517 	.db #0x00	; 0
    000001D1 00                     518 	.db #0x00	; 0
    000001D2 00                     519 	.db #0x00	; 0
    000001D3 00                     520 	.db #0x00	; 0
    000001D4 00                     521 	.db #0x00	; 0
    000001D5 00                     522 	.db #0x00	; 0
    000001D6 00                     523 	.db #0x00	; 0
    000001D7 00                     524 	.db #0x00	; 0
                                    525 	.area _INITIALIZER
                                    526 	.area _CABS (ABS)
